Component: ARM Compiler 5.06 update 7 (build 960) Tool: armlink [4d3601]

==============================================================================

Section Cross References

    delay.o(i.DelayInit) refers to stm32f10x_rcc.o(i.RCC_APB1PeriphClockCmd) for RCC_APB1PeriphClockCmd
    delay.o(i.DelayInit) refers to stm32f10x_tim.o(i.TIM_Cmd) for TIM_Cmd
    delay.o(i.DelayInit) refers to stm32f10x_tim.o(i.TIM_TimeBaseInit) for TIM_TimeBaseInit
    delay.o(i.DelayMs) refers to delay.o(i.DelayUs) for DelayUs
    delay.o(i.DelayUs) refers to stm32f10x_tim.o(i.TIM_SetCounter) for TIM_SetCounter
    delay.o(i.DelayUs) refers to stm32f10x_tim.o(i.TIM_GetCounter) for TIM_GetCounter
    servo.o(i.Servo_PWM_Init) refers to stm32f10x_rcc.o(i.RCC_APB2PeriphClockCmd) for RCC_APB2PeriphClockCmd
    servo.o(i.Servo_PWM_Init) refers to stm32f10x_gpio.o(i.GPIO_Init) for GPIO_Init
    servo.o(i.Servo_PWM_Init) refers to stm32f10x_rcc.o(i.RCC_APB1PeriphClockCmd) for RCC_APB1PeriphClockCmd
    servo.o(i.Servo_PWM_Init) refers to stm32f10x_tim.o(i.TIM_TimeBaseInit) for TIM_TimeBaseInit
    servo.o(i.Servo_PWM_Init) refers to stm32f10x_tim.o(i.TIM_Cmd) for TIM_Cmd
    servo.o(i.Servo_PWM_Init) refers to stm32f10x_tim.o(i.TIM_OC1Init) for TIM_OC1Init
    servo.o(i.Servo_PWM_Init) refers to stm32f10x_tim.o(i.TIM_ARRPreloadConfig) for TIM_ARRPreloadConfig
    servo.o(i.Servo_PWM_Init) refers to stm32f10x_tim.o(i.TIM_OC1PreloadConfig) for TIM_OC1PreloadConfig
    spi.o(i.My_SPI_Exchange) refers to stm32f10x_spi.o(i.SPI_I2S_SendData) for SPI_I2S_SendData
    spi.o(i.My_SPI_Exchange) refers to stm32f10x_spi.o(i.SPI_I2S_GetFlagStatus) for SPI_I2S_GetFlagStatus
    spi.o(i.My_SPI_Exchange) refers to stm32f10x_spi.o(i.SPI_I2S_ReceiveData) for SPI_I2S_ReceiveData
    spi.o(i.RC522_SPI_Config) refers to stm32f10x_rcc.o(i.RCC_APB2PeriphClockCmd) for RCC_APB2PeriphClockCmd
    spi.o(i.RC522_SPI_Config) refers to stm32f10x_gpio.o(i.GPIO_Init) for GPIO_Init
    spi.o(i.RC522_SPI_Config) refers to stm32f10x_gpio.o(i.GPIO_SetBits) for GPIO_SetBits
    spi.o(i.RC522_SPI_Config) refers to stm32f10x_spi.o(i.SPI_Init) for SPI_Init
    spi.o(i.RC522_SPI_Config) refers to stm32f10x_spi.o(i.SPI_Cmd) for SPI_Cmd
    spi.o(i.SDCard_SPI_Config) refers to stm32f10x_rcc.o(i.RCC_APB2PeriphClockCmd) for RCC_APB2PeriphClockCmd
    spi.o(i.SDCard_SPI_Config) refers to stm32f10x_rcc.o(i.RCC_APB1PeriphClockCmd) for RCC_APB1PeriphClockCmd
    spi.o(i.SDCard_SPI_Config) refers to stm32f10x_gpio.o(i.GPIO_Init) for GPIO_Init
    spi.o(i.SDCard_SPI_Config) refers to stm32f10x_spi.o(i.SPI_Init) for SPI_Init
    spi.o(i.SDCard_SPI_Config) refers to stm32f10x_spi.o(i.SPI_Cmd) for SPI_Cmd
    spi.o(i.SPI_TransmitRecive) refers to stm32f10x_spi.o(i.SPI_I2S_GetFlagStatus) for SPI_I2S_GetFlagStatus
    spi.o(i.SPI_TransmitRecive) refers to stm32f10x_spi.o(i.SPI_I2S_SendData) for SPI_I2S_SendData
    spi.o(i.SPI_TransmitRecive) refers to stm32f10x_spi.o(i.SPI_I2S_ReceiveData) for SPI_I2S_ReceiveData
    rfid.o(i.RC522_Anten) refers to rfid.o(i.RC522_ReadRegister) for RC522_ReadRegister
    rfid.o(i.RC522_Anten) refers to rfid.o(i.RC522_WriteRegister) for RC522_WriteRegister
    rfid.o(i.RC522_Anticoll) refers to rfid.o(i.RC522_WriteRegister) for RC522_WriteRegister
    rfid.o(i.RC522_Anticoll) refers to rfid.o(i.RC522_ToCard) for RC522_ToCard
    rfid.o(i.RC522_Check) refers to rfid.o(i.RC522_Request) for RC522_Request
    rfid.o(i.RC522_Check) refers to rfid.o(i.RC522_Anticoll) for RC522_Anticoll
    rfid.o(i.RC522_ClearBit) refers to rfid.o(i.RC522_ReadRegister) for RC522_ReadRegister
    rfid.o(i.RC522_ClearBit) refers to rfid.o(i.RC522_WriteRegister) for RC522_WriteRegister
    rfid.o(i.RC522_Init) refers to spi.o(i.RC522_SPI_Config) for RC522_SPI_Config
    rfid.o(i.RC522_Init) refers to rfid.o(i.RC522_Reset) for RC522_Reset
    rfid.o(i.RC522_Init) refers to delay.o(i.DelayUs) for DelayUs
    rfid.o(i.RC522_Init) refers to rfid.o(i.RC522_WriteRegister) for RC522_WriteRegister
    rfid.o(i.RC522_Init) refers to rfid.o(i.RC522_Anten) for RC522_Anten
    rfid.o(i.RC522_ReadRegister) refers to stm32f10x_gpio.o(i.GPIO_ResetBits) for GPIO_ResetBits
    rfid.o(i.RC522_ReadRegister) refers to spi.o(i.SPI_TransmitRecive) for SPI_TransmitRecive
    rfid.o(i.RC522_ReadRegister) refers to stm32f10x_gpio.o(i.GPIO_SetBits) for GPIO_SetBits
    rfid.o(i.RC522_Request) refers to rfid.o(i.RC522_WriteRegister) for RC522_WriteRegister
    rfid.o(i.RC522_Request) refers to rfid.o(i.RC522_ToCard) for RC522_ToCard
    rfid.o(i.RC522_Reset) refers to rfid.o(i.RC522_WriteRegister) for RC522_WriteRegister
    rfid.o(i.RC522_SetBit) refers to rfid.o(i.RC522_ReadRegister) for RC522_ReadRegister
    rfid.o(i.RC522_SetBit) refers to rfid.o(i.RC522_WriteRegister) for RC522_WriteRegister
    rfid.o(i.RC522_ToCard) refers to rfid.o(i.RC522_WriteRegister) for RC522_WriteRegister
    rfid.o(i.RC522_ToCard) refers to rfid.o(i.RC522_ClearBit) for RC522_ClearBit
[...]
    ../clib/string.c                         0x00000000   Number         0  strchr.o ABSOLUTE
    ../clib/string.c                         0x00000000   Number         0  memcmp.o ABSOLUTE
    ../fplib/fpinit.s                        0x00000000   Number         0  fpinit.o ABSOLUTE
    D:/KeliC/Keil/STM32F1xx_DFP/2.4.1/Device/StdPeriph_Driver/src/misc.c 0x00000000   Number         0  misc.o ABSOLUTE
    D:/KeliC/Keil/STM32F1xx_DFP/2.4.1/Device/StdPeriph_Driver/src/stm32f10x_adc.c 0x00000000   Number         0  stm32f10x_adc.o ABSOLUTE
    D:/KeliC/Keil/STM32F1xx_DFP/2.4.1/Device/StdPeriph_Driver/src/stm32f10x_gpio.c 0x00000000   Number         0  stm32f10x_gpio.o ABSOLUTE
    D:/KeliC/Keil/STM32F1xx_DFP/2.4.1/Device/StdPeriph_Driver/src/stm32f10x_i2c.c 0x00000000   Number         0  stm32f10x_i2c.o ABSOLUTE
    D:/KeliC/Keil/STM32F1xx_DFP/2.4.1/Device/StdPeriph_Driver/src/stm32f10x_rcc.c 0x00000000   Number         0  stm32f10x_rcc.o ABSOLUTE
    D:/KeliC/Keil/STM32F1xx_DFP/2.4.1/Device/StdPeriph_Driver/src/stm32f10x_spi.c 0x00000000   Number         0  stm32f10x_spi.o ABSOLUTE
    D:/KeliC/Keil/STM32F1xx_DFP/2.4.1/Device/StdPeriph_Driver/src/stm32f10x_tim.c 0x00000000   Number         0  stm32f10x_tim.o ABSOLUTE
    D:/KeliC/Keil/STM32F1xx_DFP/2.4.1/Device/StdPeriph_Driver/src/stm32f10x_usart.c 0x00000000   Number         0  stm32f10x_usart.o ABSOLUTE
    D:\KeliC\Keil\STM32F1xx_DFP\2.4.1\Device\StdPeriph_Driver\src\misc.c 0x00000000   Number         0  misc.o ABSOLUTE
    D:\KeliC\Keil\STM32F1xx_DFP\2.4.1\Device\StdPeriph_Driver\src\stm32f10x_adc.c 0x00000000   Number         0  stm32f10x_adc.o ABSOLUTE
    D:\KeliC\Keil\STM32F1xx_DFP\2.4.1\Device\StdPeriph_Driver\src\stm32f10x_gpio.c 0x00000000   Number         0  stm32f10x_gpio.o ABSOLUTE
    D:\KeliC\Keil\STM32F1xx_DFP\2.4.1\Device\StdPeriph_Driver\src\stm32f10x_i2c.c 0x00000000   Number         0  stm32f10x_i2c.o ABSOLUTE
    D:\KeliC\Keil\STM32F1xx_DFP\2.4.1\Device\StdPeriph_Driver\src\stm32f10x_rcc.c 0x00000000   Number         0  stm32f10x_rcc.o ABSOLUTE
    D:\KeliC\Keil\STM32F1xx_DFP\2.4.1\Device\StdPeriph_Driver\src\stm32f10x_spi.c 0x00000000   Number         0  stm32f10x_spi.o ABSOLUTE
    D:\KeliC\Keil\STM32F1xx_DFP\2.4.1\Device\StdPeriph_Driver\src\stm32f10x_tim.c 0x00000000   Number         0  stm32f10x_tim.o ABSOLUTE
    D:\KeliC\Keil\STM32F1xx_DFP\2.4.1\Device\StdPeriph_Driver\src\stm32f10x_usart.c 0x00000000   Number         0  stm32f10x_usart.o ABSOLUTE
    RTE/Device/STM32F103C8/startup_stm32f10x_md.s 0x00000000   Number         0  startup_stm32f10x_md.o ABSOLUTE
    RTE/Device/STM32F103C8/system_stm32f10x.c 0x00000000   Number         0  system_stm32f10x.o ABSOLUTE
    RTE\Device\STM32F103C8\system_stm32f10x.c 0x00000000   Number         0  system_stm32f10x.o ABSOLUTE
    dc.s                                     0x00000000   Number         0  dc.o ABSOLUTE
    delay.c                                  0x00000000   Number         0  delay.o ABSOLUTE
    delay.c                                  0x00000000   Number         0  delay.o ABSOLUTE
    ff.c                                     0x00000000   Number         0  ff.o ABSOLUTE
    i2c.c                                    0x00000000   Number         0  i2c.o ABSOLUTE
    i2c.c                                    0x00000000   Number         0  i2c.o ABSOLUTE
    lcd.c                                    0x00000000   Number         0  lcd.o ABSOLUTE
    lcd.c                                    0x00000000   Number         0  lcd.o ABSOLUTE
    main.c                                   0x00000000   Number         0  main.o ABSOLUTE
    main.c                                   0x00000000   Number         0  main.o ABSOLUTE
    osKernel.s                               0x00000000   Number         0  oskernel.o ABSOLUTE
    rfid.c                                   0x00000000   Number         0  rfid.o ABSOLUTE
    rfid.c                                   0x00000000   Number         0  rfid.o ABSOLUTE
    rtos.c                                   0x00000000   Number         0  rtos.o ABSOLUTE
    rtos.c                                   0x00000000   Number         0  rtos.o ABSOLUTE
    sdmm.c                                   0x00000000   Number         0  sdmm.o ABSOLUTE
    sdmm.c                                   0x00000000   Number         0  sdmm.o ABSOLUTE
    servo.c                                  0x00000000   Number         0  servo.o ABSOLUTE
    servo.c                                  0x00000000   Number         0  servo.o ABSOLUTE
    spi.c                                    0x00000000   Number         0  spi.o ABSOLUTE
    spi.c                                    0x00000000   Number         0  spi.o ABSOLUTE
    uart.c                                   0x00000000   Number         0  uart.o ABSOLUTE
    uart.c                                   0x00000000   Number         0  uart.o ABSOLUTE
    RESET                                    0x08000000   Section      236  startup_stm32f10x_md.o(RESET)
    !!!main                                  0x080000ec   Section        8  __main.o(!!!main)
    !!!scatter                               0x080000f4   Section       52  __scatter.o(!!!scatter)
    !!handler_copy                           0x08000128   Section       26  __scatter_copy.o(!!handler_copy)
    !!handler_zi                             0x08000144   Section       28  __scatter_zi.o(!!handler_zi)
    .ARM.Collect$$_printf_percent$$00000000  0x08000160   Section        0  _printf_percent.o(.ARM.Collect$$_printf_percent$$00000000)
    .ARM.Collect$$_printf_percent$$00000009  0x08000160   Section        6  _printf_d.o(.ARM.Collect$$_printf_percent$$00000009)
    .ARM.Collect$$_printf_percent$$0000000C  0x08000166   Section        6  _printf_x.o(.ARM.Collect$$_printf_percent$$0000000C)
    .ARM.Collect$$_printf_percent$$00000017  0x0800016c   Section        4  _printf_percent_end.o(.ARM.Collect$$_printf_percent$$00000017)
    .ARM.Collect$$libinit$$00000000          0x08000170   Section        2  libinit.o(.ARM.Collect$$libinit$$00000000)
    .ARM.Collect$$libinit$$00000002          0x08000172   Section        0  libinit2.o(.ARM.Collect$$libinit$$00000002)
    .ARM.Collect$$libinit$$00000004          0x08000172   Section        0  libinit2.o(.ARM.Collect$$libinit$$00000004)
    .ARM.Collect$$libinit$$0000000A          0x08000172   Section        0  libinit2.o(.ARM.Collect$$libinit$$0000000A)
    .ARM.Collect$$libinit$$0000000C          0x08000172   Section        0  libinit2.o(.ARM.Collect$$libinit$$0000000C)
    .ARM.Collect$$libinit$$0000000E          0x08000172   Section        0  libinit2.o(.ARM.Collect$$libinit$$0000000E)
    .ARM.Collect$$libinit$$00000011          0x08000172   Section        0  libinit2.o(.ARM.Collect$$libinit$$00000011)
    .ARM.Collect$$libinit$$00000013          0x08000172   Section        0  libinit2.o(.ARM.Collect$$libinit$$00000013)
    .ARM.Collect$$libinit$$00000015          0x08000172   Section        0  libinit2.o(.ARM.Collect$$libinit$$00000015)
    .ARM.Collect$$libinit$$00000017          0x08000172   Section        0  libinit2.o(.ARM.Collect$$libinit$$00000017)
    .ARM.Collect$$libinit$$00000019          0x08000172   Section        0  libinit2.o(.ARM.Collect$$libinit$$00000019)
    .ARM.Collect$$libinit$$0000001B          0x08000172   Section        0  libinit2.o(.ARM.Collect$$libinit$$0000001B)
    .ARM.Collect$$libinit$$0000001D          0x08000172   Section        0  libinit2.o(.ARM.Collect$$libinit$$0000001D)
    .ARM.Collect$$libinit$$0000001F          0x08000172   Section        0  libinit2.o(.ARM.Collect$$libinit$$0000001F)
    .ARM.Collect$$libinit$$00000021          0x08000172   Section        0  libinit2.o(.ARM.Collect$$libinit$$00000021)
    .ARM.Collect$$libinit$$00000023          0x08000172   Section        0  libinit2.o(.ARM.Collect$$libinit$$00000023)
    .ARM.Collect$$libinit$$00000025          0x08000172   Section        0  libinit2.o(.ARM.Collect$$libinit$$00000025)
    .ARM.Collect$$libinit$$0000002C          0x08000172   Section        0  libinit2.o(.ARM.Collect$$libinit$$0000002C)
    .ARM.Collect$$libinit$$0000002E          0x08000172   Section        0  libinit2.o(.ARM.Collect$$libinit$$0000002E)
    .ARM.Collect$$libinit$$00000030          0x08000172   Section        0  libinit2.o(.ARM.Collect$$libinit$$00000030)
    .ARM.Collect$$libinit$$00000032          0x08000172   Section        0  libinit2.o(.ARM.Collect$$libinit$$00000032)
    .ARM.Collect$$libinit$$00000033          0x08000172   Section        2  libinit2.o(.ARM.Collect$$libinit$$00000033)
    .ARM.Collect$$libshutdown$$00000000      0x08000174   Section        2  libshutdown.o(.ARM.Collect$$libshutdown$$00000000)
    .ARM.Collect$$libshutdown$$00000002      0x08000176   Section        0  libshutdown2.o(.ARM.Collect$$libshutdown$$00000002)
    .ARM.Collect$$libshutdown$$00000004      0x08000176   Section        0  libshutdown2.o(.ARM.Collect$$libshutdown$$00000004)
    .ARM.Collect$$libshutdown$$00000006      0x08000176   Section        0  libshutdown2.o(.ARM.Collect$$libshutdown$$00000006)
    .ARM.Collect$$libshutdown$$00000009      0x08000176   Section        0  libshutdown2.o(.ARM.Collect$$libshutdown$$00000009)
    .ARM.Collect$$libshutdown$$0000000C      0x08000176   Section        0  libshutdown2.o(.ARM.Collect$$libshutdown$$0000000C)
    .ARM.Collect$$libshutdown$$0000000E      0x08000176   Section        0  libshutdown2.o(.ARM.Collect$$libshutdown$$0000000E)
    .ARM.Collect$$libshutdown$$00000011      0x08000176   Section        0  libshutdown2.o(.ARM.Collect$$libshutdown$$00000011)
    .ARM.Collect$$libshutdown$$00000012      0x08000176   Section        2  libshutdown2.o(.ARM.Collect$$libshutdown$$00000012)
    .ARM.Collect$$rtentry$$00000000          0x08000178   Section        0  __rtentry.o(.ARM.Collect$$rtentry$$00000000)
    .ARM.Collect$$rtentry$$00000002          0x08000178   Section        0  __rtentry2.o(.ARM.Collect$$rtentry$$00000002)
    .ARM.Collect$$rtentry$$00000004          0x08000178   Section        6  __rtentry4.o(.ARM.Collect$$rtentry$$00000004)
    .ARM.Collect$$rtentry$$00000009          0x0800017e   Section        0  __rtentry2.o(.ARM.Collect$$rtentry$$00000009)
    .ARM.Collect$$rtentry$$0000000A          0x0800017e   Section        4  __rtentry2.o(.ARM.Collect$$rtentry$$0000000A)
    .ARM.Collect$$rtentry$$0000000C          0x08000182   Section        0  __rtentry2.o(.ARM.Collect$$rtentry$$0000000C)
    .ARM.Collect$$rtentry$$0000000D          0x08000182   Section        8  __rtentry2.o(.ARM.Collect$$rtentry$$0000000D)
    .ARM.Collect$$rtexit$$00000000           0x0800018a   Section        2  rtexit.o(.ARM.Collect$$rtexit$$00000000)
    .ARM.Collect$$rtexit$$00000002           0x0800018c   Section        0  rtexit2.o(.ARM.Collect$$rtexit$$00000002)
    .ARM.Collect$$rtexit$$00000003           0x0800018c   Section        4  rtexit2.o(.ARM.Collect$$rtexit$$00000003)
    .ARM.Collect$$rtexit$$00000004           0x08000190   Section        6  rtexit2.o(.ARM.Collect$$rtexit$$00000004)
    .text                                    0x08000198   Section       76  oskernel.o(.text)
    .text                                    0x080001e4   Section       64  startup_stm32f10x_md.o(.text)
    .text                                    0x08000224   Section        0  noretval__2sprintf.o(.text)
    .text                                    0x0800024c   Section        0  _printf_pad.o(.text)
    .text                                    0x0800029c   Section        0  _printf_dec.o(.text)
    .text                                    0x08000314   Section        0  _printf_hex_int.o(.text)
    .text                                    0x0800036c   Section        0  __printf_flags_wp.o(.text)
    .text                                    0x080004a4   Section        0  strchr.o(.text)
    .text                                    0x080004b8   Section        0  memcmp.o(.text)
    .text                                    0x08000510   Section      138  rt_memcpy_v6.o(.text)
    .text                                    0x0800059a   Section      100  rt_memcpy_w.o(.text)
    .text                                    0x080005fe   Section       16  aeabi_memset.o(.text)
    .text                                    0x0800060e   Section       68  rt_memclr.o(.text)
    .text                                    0x08000652   Section       78  rt_memclr_w.o(.text)
    .text                                    0x080006a0   Section        0  heapauxi.o(.text)
    .text                                    0x080006a6   Section        0  _printf_intcommon.o(.text)
    .text                                    0x08000758   Section        0  _printf_char_common.o(.text)
    _printf_input_char                       0x08000759   Thumb Code    10  _printf_char_common.o(.text)
    .text                                    0x08000788   Section        0  _sputc.o(.text)
    .text                                    0x08000792   Section       74  sys_stackheap_outer.o(.text)
    .text                                    0x080007dc   Section        0  exit.o(.text)
    .text                                    0x080007f0   Section        8  libspace.o(.text)
    .text                                    0x080007f8   Section        0  sys_exit.o(.text)
    .text                                    0x08000804   Section        2  use_no_semi.o(.text)
    .text                                    0x08000806   Section        0  indicate_semi.o(.text)
    i.DelayInit                              0x08000808   Section        0  delay.o(i.DelayInit)
    i.DelayMs                                0x08000844   Section        0  delay.o(i.DelayMs)
    i.DelayUs                                0x0800085c   Section        0  delay.o(i.DelayUs)
    i.GPIO_Init                              0x0800087c   Section        0  stm32f10x_gpio.o(i.GPIO_Init)
    i.GPIO_ResetBits                         0x08000992   Section        0  stm32f10x_gpio.o(i.GPIO_ResetBits)
    i.GPIO_SetBits                           0x08000996   Section        0  stm32f10x_gpio.o(i.GPIO_SetBits)
    i.I2C_CheckEvent                         0x0800099a   Section        0  stm32f10x_i2c.o(i.I2C_CheckEvent)
    i.I2C_Cmd                                0x080009c4   Section        0  stm32f10x_i2c.o(i.I2C_Cmd)
    i.I2C_GenerateSTART                      0x080009dc   Section        0  stm32f10x_i2c.o(i.I2C_GenerateSTART)
    i.I2C_GenerateSTOP                       0x080009f4   Section        0  stm32f10x_i2c.o(i.I2C_GenerateSTOP)
    i.I2C_GetFlagStatus                      0x08000a0c   Section        0  stm32f10x_i2c.o(i.I2C_GetFlagStatus)
    i.I2C_Init                               0x08000a48   Section        0  stm32f10x_i2c.o(i.I2C_Init)
    i.I2C_LCD_Init                           0x08000b34   Section        0  i2c.o(i.I2C_LCD_Init)
    i.I2C_Send7bitAddress                    0x08000ba8   Section        0  stm32f10x_i2c.o(i.I2C_Send7bitAddress)
    i.I2C_SendData                           0x08000bba   Section        0  stm32f10x_i2c.o(i.I2C_SendData)
    i.I2C_Write                              0x08000bc0   Section        0  i2c.o(i.I2C_Write)
    i.LCD_Clear_Display                      0x08000c80   Section        0  lcd.o(i.LCD_Clear_Display)
    i.LCD_Init                               0x08000c90   Section        0  lcd.o(i.LCD_Init)
    i.LCD_NewLine                            0x08000ce6   Section        0  lcd.o(i.LCD_NewLine)
    i.LCD_Print                              0x08000cf0   Section        0  lcd.o(i.LCD_Print)
    i.LCD_Write_4Bits                        0x08000d0c   Section        0  lcd.o(i.LCD_Write_4Bits)
    i.LCD_Write_Char                         0x08000d40   Section        0  lcd.o(i.LCD_Write_Char)
    i.LCD_Write_Command                      0x08000d84   Section        0  lcd.o(i.LCD_Write_Command)
    i.My_GPIO_Init                           0x08000dc4   Section        0  main.o(i.My_GPIO_Init)
    i.My_SPI_Exchange                        0x08000df0   Section        0  spi.o(i.My_SPI_Exchange)
    i.RC522_Anten                            0x08000e18   Section        0  rfid.o(i.RC522_Anten)
    i.RC522_Anticoll                         0x08000e2e   Section        0  rfid.o(i.RC522_Anticoll)
    i.RC522_Check                            0x08000e60   Section        0  rfid.o(i.RC522_Check)
    i.RC522_ClearBit                         0x08000e7a   Section        0  rfid.o(i.RC522_ClearBit)
    i.RC522_Init                             0x08000e94   Section        0  rfid.o(i.RC522_Init)
    i.RC522_ReadRegister                     0x08000ee4   Section        0  rfid.o(i.RC522_ReadRegister)
    i.RC522_Request                          0x08000f20   Section        0  rfid.o(i.RC522_Request)
    i.RC522_Reset                            0x08000f4e   Section        0  rfid.o(i.RC522_Reset)
    i.RC522_SPI_Config                       0x08000f5c   Section        0  spi.o(i.RC522_SPI_Config)
    i.RC522_SetBit                           0x08001018   Section        0  rfid.o(i.RC522_SetBit)
    i.RC522_ToCard                           0x08001032   Section        0  rfid.o(i.RC522_ToCard)
    i.RC522_WriteRegister                    0x08001150   Section        0  rfid.o(i.RC522_WriteRegister)
    i.RCC_APB1PeriphClockCmd                 0x08001184   Section        0  stm32f10x_rcc.o(i.RCC_APB1PeriphClockCmd)
    i.RCC_APB2PeriphClockCmd                 0x080011a4   Section        0  stm32f10x_rcc.o(i.RCC_APB2PeriphClockCmd)
    i.RCC_GetClocksFreq                      0x080011c4   Section        0  stm32f10x_rcc.o(i.RCC_GetClocksFreq)
    i.SDCard_SPI_Config                      0x08001298   Section        0  spi.o(i.SDCard_SPI_Config)
    i.SPI_Cmd                                0x08001350   Section        0  stm32f10x_spi.o(i.SPI_Cmd)
    i.SPI_I2S_GetFlagStatus                  0x08001368   Section        0  stm32f10x_spi.o(i.SPI_I2S_GetFlagStatus)
    i.SPI_I2S_ReceiveData                    0x0800137a   Section        0  stm32f10x_spi.o(i.SPI_I2S_ReceiveData)
    i.SPI_I2S_SendData                       0x08001380   Section        0  stm32f10x_spi.o(i.SPI_I2S_SendData)
    i.SPI_Init                               0x08001384   Section        0  stm32f10x_spi.o(i.SPI_Init)
    i.SPI_TransmitRecive                     0x080013c0   Section        0  spi.o(i.SPI_TransmitRecive)
    i.Servo_PWM_Init                         0x08001404   Section        0  servo.o(i.Servo_PWM_Init)
    i.SetSysClock                            0x08001494   Section        0  system_stm32f10x.o(i.SetSysClock)
    SetSysClock                              0x08001495   Thumb Code     8  system_stm32f10x.o(i.SetSysClock)
    i.SetSysClockTo72                        0x0800149c   Section        0  system_stm32f10x.o(i.SetSysClockTo72)
    SetSysClockTo72                          0x0800149d   Thumb Code   214  system_stm32f10x.o(i.SetSysClockTo72)
    i.Set_ServoCorner                        0x0800157c   Section        0  servo.o(i.Set_ServoCorner)
    i.SysTick_Handler                        0x08001584   Section        0  rtos.o(i.SysTick_Handler)
    i.SystemInit                             0x08001598   Section        0  system_stm32f10x.o(i.SystemInit)
    i.TIM4_IRQHandler                        0x080015f8   Section        0  rtos.o(i.TIM4_IRQHandler)
    i.TIM_ARRPreloadConfig                   0x08001664   Section        0  stm32f10x_tim.o(i.TIM_ARRPreloadConfig)
    i.TIM_Cmd                                0x0800167c   Section        0  stm32f10x_tim.o(i.TIM_Cmd)
    i.TIM_GetCounter                         0x08001694   Section        0  stm32f10x_tim.o(i.TIM_GetCounter)
    i.TIM_OC1Init                            0x0800169c   Section        0  stm32f10x_tim.o(i.TIM_OC1Init)
    i.TIM_OC1PreloadConfig                   0x08001734   Section        0  stm32f10x_tim.o(i.TIM_OC1PreloadConfig)
    i.TIM_SetCounter                         0x08001746   Section        0  stm32f10x_tim.o(i.TIM_SetCounter)
    i.TIM_TimeBaseInit                       0x0800174c   Section        0  stm32f10x_tim.o(i.TIM_TimeBaseInit)
    i.USART1_IRQHandler                      0x080017f0   Section        0  uart.o(i.USART1_IRQHandler)
    i.__NVIC_SetPriority                     0x08001810   Section        0  rtos.o(i.__NVIC_SetPriority)
    __NVIC_SetPriority                       0x08001811   Thumb Code    32  rtos.o(i.__NVIC_SetPriority)
    i._is_digit                              0x08001838   Section        0  __printf_wp.o(i._is_digit)
    i.check_fs                               0x08001848   Section        0  ff.o(i.check_fs)
    check_fs                                 0x08001849   Thumb Code   210  ff.o(i.check_fs)
    i.clst2sect                              0x08001928   Section        0  ff.o(i.clst2sect)
    clst2sect                                0x08001929   Thumb Code    26  ff.o(i.clst2sect)
    i.create_chain                           0x08001942   Section        0  ff.o(i.create_chain)
    create_chain                             0x08001943   Thumb Code   292  ff.o(i.create_chain)
    i.create_name                            0x08001a68   Section        0  ff.o(i.create_name)
    create_name                              0x08001a69   Thumb Code   252  ff.o(i.create_name)
    i.dbc_1st                                0x08001b74   Section        0  ff.o(i.dbc_1st)
    dbc_1st                                  0x08001b75   Thumb Code    46  ff.o(i.dbc_1st)
    i.dbc_2nd                                0x08001ba8   Section        0  ff.o(i.dbc_2nd)
    dbc_2nd                                  0x08001ba9   Thumb Code    66  ff.o(i.dbc_2nd)
    i.deselect                               0x08001bf0   Section        0  sdmm.o(i.deselect)
    deselect                                 0x08001bf1   Thumb Code    22  sdmm.o(i.deselect)
    i.dir_alloc                              0x08001c0c   Section        0  ff.o(i.dir_alloc)
    dir_alloc                                0x08001c0d   Thumb Code    96  ff.o(i.dir_alloc)
    i.dir_clear                              0x08001c6c   Section        0  ff.o(i.dir_clear)
    dir_clear                                0x08001c6d   Thumb Code    94  ff.o(i.dir_clear)
    i.dir_find                               0x08001cca   Section        0  ff.o(i.dir_find)
    dir_find                                 0x08001ccb   Thumb Code   108  ff.o(i.dir_find)
    i.dir_next                               0x08001d36   Section        0  ff.o(i.dir_next)
    dir_next                                 0x08001d37   Thumb Code   202  ff.o(i.dir_next)
    i.dir_register                           0x08001e00   Section        0  ff.o(i.dir_register)
    dir_register                             0x08001e01   Thumb Code    66  ff.o(i.dir_register)
    i.dir_sdi                                0x08001e42   Section        0  ff.o(i.dir_sdi)
    dir_sdi                                  0x08001e43   Thumb Code   154  ff.o(i.dir_sdi)
    i.disk_initialize                        0x08001edc   Section        0  sdmm.o(i.disk_initialize)
    i.disk_ioctl                             0x08001ffc   Section        0  sdmm.o(i.disk_ioctl)
    i.disk_read                              0x080020d8   Section        0  sdmm.o(i.disk_read)
    i.disk_status                            0x08002158   Section        0  sdmm.o(i.disk_status)
    i.disk_write                             0x0800216c   Section        0  sdmm.o(i.disk_write)
    i.dly_us                                 0x08002208   Section        0  sdmm.o(i.dly_us)
    dly_us                                   0x08002209   Thumb Code    12  sdmm.o(i.dly_us)
    i.f_close                                0x08002214   Section        0  ff.o(i.f_close)
    i.f_mount                                0x08002238   Section        0  ff.o(i.f_mount)
    i.f_open                                 0x08002298   Section        0  ff.o(i.f_open)
    i.f_sync                                 0x08002468   Section        0  ff.o(i.f_sync)
    i.f_write                                0x080024e0   Section        0  ff.o(i.f_write)
    i.find_volume                            0x080026b2   Section        0  ff.o(i.find_volume)
    find_volume                              0x080026b3   Thumb Code   120  ff.o(i.find_volume)
    i.follow_path                            0x0800272a   Section        0  ff.o(i.follow_path)
    follow_path                              0x0800272b   Thumb Code   158  ff.o(i.follow_path)
    i.get_fat                                0x080027c8   Section        0  ff.o(i.get_fat)
    get_fat                                  0x080027c9   Thumb Code   224  ff.o(i.get_fat)
    i.get_ldnumber                           0x080028a8   Section        0  ff.o(i.get_ldnumber)
    get_ldnumber                             0x080028a9   Thumb Code    82  ff.o(i.get_ldnumber)
    i.ld_16                                  0x080028fa   Section        0  ff.o(i.ld_16)
    ld_16                                    0x080028fb   Thumb Code    12  ff.o(i.ld_16)
    i.ld_32                                  0x08002906   Section        0  ff.o(i.ld_32)
    ld_32                                    0x08002907   Thumb Code    24  ff.o(i.ld_32)
    i.ld_clust                               0x0800291e   Section        0  ff.o(i.ld_clust)
    ld_clust                                 0x0800291f   Thumb Code    38  ff.o(i.ld_clust)
    i.main                                   0x08002944   Section        0  main.o(i.main)
    i.mount_volume                           0x08002a40   Section        0  ff.o(i.mount_volume)
    mount_volume                             0x08002a41   Thumb Code   652  ff.o(i.mount_volume)
    i.move_window                            0x08002ce4   Section        0  ff.o(i.move_window)
    move_window                              0x08002ce5   Thumb Code    52  ff.o(i.move_window)
    i.osInitTimeSleep                        0x08002d18   Section        0  rtos.o(i.osInitTimeSleep)
    osInitTimeSleep                          0x08002d19   Thumb Code   106  rtos.o(i.osInitTimeSleep)
    i.osKerneThreadInit                      0x08002d8c   Section        0  rtos.o(i.osKerneThreadInit)
    osKerneThreadInit                        0x08002d8d   Thumb Code   332  rtos.o(i.osKerneThreadInit)
    i.osKernelAddThread                      0x08002ee0   Section        0  rtos.o(i.osKernelAddThread)
    i.osKernelInit                           0x08002fc0   Section        0  rtos.o(i.osKernelInit)
    i.osKernelLaunch                         0x08002fd8   Section        0  rtos.o(i.osKernelLaunch)
    i.osKernelSW                             0x08003020   Section        0  rtos.o(i.osKernelSW)
    i.osSemaphoreInit                        0x08003050   Section        0  rtos.o(i.osSemaphoreInit)
    i.osSignalSet                            0x08003058   Section        0  rtos.o(i.osSignalSet)
    i.osSignalWait                           0x08003064   Section        0  rtos.o(i.osSignalWait)
    i.osThreadSleep                          0x0800308c   Section        0  rtos.o(i.osThreadSleep)
    i.put_fat                                0x080030bc   Section        0  ff.o(i.put_fat)
    put_fat                                  0x080030bd   Thumb Code   312  ff.o(i.put_fat)
    i.rcvr_datablock                         0x080031f4   Section        0  sdmm.o(i.rcvr_datablock)
    rcvr_datablock                           0x080031f5   Thumb Code    76  sdmm.o(i.rcvr_datablock)
    i.rcvr_mmc                               0x08003240   Section        0  sdmm.o(i.rcvr_mmc)
    rcvr_mmc                                 0x08003241   Thumb Code    26  sdmm.o(i.rcvr_mmc)
    i.registCard                             0x0800325c   Section        0  main.o(i.registCard)
    i.remove_chain                           0x08003280   Section        0  ff.o(i.remove_chain)
    remove_chain                             0x08003281   Thumb Code   154  ff.o(i.remove_chain)
    i.select                                 0x0800331c   Section        0  sdmm.o(i.select)
    select                                   0x0800331d   Thumb Code    38  sdmm.o(i.select)
    i.send_cmd                               0x08003348   Section        0  sdmm.o(i.send_cmd)
    send_cmd                                 0x08003349   Thumb Code   156  sdmm.o(i.send_cmd)
    i.st_16                                  0x080033e4   Section        0  ff.o(i.st_16)
    st_16                                    0x080033e5   Thumb Code    12  ff.o(i.st_16)
    i.st_32                                  0x080033f0   Section        0  ff.o(i.st_32)
    st_32                                    0x080033f1   Thumb Code    24  ff.o(i.st_32)
    i.st_clust                               0x08003408   Section        0  ff.o(i.st_clust)
    st_clust                                 0x08003409   Thumb Code    36  ff.o(i.st_clust)
    i.sync_fs                                0x0800342c   Section        0  ff.o(i.sync_fs)
    sync_fs                                  0x0800342d   Thumb Code   132  ff.o(i.sync_fs)
    i.sync_window                            0x080034bc   Section        0  ff.o(i.sync_window)
    sync_window                              0x080034bd   Thumb Code    74  ff.o(i.sync_window)
    i.taskLCD                                0x08003508   Section        0  main.o(i.taskLCD)
    i.taskRFID                               0x080035f8   Section        0  main.o(i.taskRFID)
    i.taskServo                              0x0800366c   Section        0  main.o(i.taskServo)
    i.taskWriteSDCard                        0x080036c0   Section        0  main.o(i.taskWriteSDCard)
    i.validate                               0x0800370c   Section        0  ff.o(i.validate)
    validate                                 0x0800370d   Thumb Code    60  ff.o(i.validate)
    i.wait_ready                             0x08003748   Section        0  sdmm.o(i.wait_ready)
    wait_ready                               0x08003749   Thumb Code    50  sdmm.o(i.wait_ready)
    i.xmit_datablock                         0x0800377a   Section        0  sdmm.o(i.xmit_datablock)
    xmit_datablock                           0x0800377b   Thumb Code    78  sdmm.o(i.xmit_datablock)
    i.xmit_mmc                               0x080037c8   Section        0  sdmm.o(i.xmit_mmc)
    xmit_mmc                                 0x080037c9   Thumb Code    26  sdmm.o(i.xmit_mmc)
    .constdata                               0x080037e2   Section       10  ff.o(.constdata)
    DbcTbl                                   0x080037e2   Data          10  ff.o(.constdata)
    .constdata                               0x080037ec   Section       40  _printf_hex_int.o(.constdata)
    uc_hextab                                0x080037ec   Data          20  _printf_hex_int.o(.constdata)
    lc_hextab                                0x08003800   Data          20  _printf_hex_int.o(.constdata)
    .constdata                               0x08003814   Section       17  __printf_flags_wp.o(.constdata)
    maptable                                 0x08003814   Data          17  __printf_flags_wp.o(.constdata)
    .data                                    0x20000000   Section       48  main.o(.data)
    semaServo                                0x20000008   Data           4  main.o(.data)
    semaLCD                                  0x2000000c   Data           4  main.o(.data)
    .data                                    0x20000030   Section        1  uart.o(.data)
    .data                                    0x20000034   Section        6  ff.o(.data)
    FatFs                                    0x20000034   Data           4  ff.o(.data)
    Fsid                                     0x20000038   Data           2  ff.o(.data)
    .data                                    0x2000003a   Section        2  sdmm.o(.data)
    Stat                                     0x2000003a   Data           1  sdmm.o(.data)
    CardType                                 0x2000003b   Data           1  sdmm.o(.data)
    .data                                    0x2000003c   Section       12  rtos.o(.data)
    NumberThreadCreate                       0x2000003c   Data           2  rtos.o(.data)
    .data                                    0x20000048   Section       20  stm32f10x_rcc.o(.data)
    APBAHBPrescTable                         0x20000048   Data          16  stm32f10x_rcc.o(.data)
    ADCPrescTable                            0x20000058   Data           4  stm32f10x_rcc.o(.data)
    .bss                                     0x2000005c   Section      632  main.o(.bss)
    .bss                                     0x200002d4   Section     1260  rtos.o(.bss)
    .bss                                     0x200007c0   Section       96  libspace.o(.bss)
    HEAP                                     0x20000820   Section      512  startup_stm32f10x_md.o(HEAP)
    Heap_Mem                                 0x20000820   Data         512  startup_stm32f10x_md.o(HEAP)
    STACK                                    0x20000a20   Section     1024  startup_stm32f10x_md.o(STACK)
    Stack_Mem                                0x20000a20   Data        1024  startup_stm32f10x_md.o(STACK)
    __initial_sp                             0x20000e20   Data           0  startup_stm32f10x_md.o(STACK)

    Global Symbols

    Symbol Name                              Value     Ov Type        Size  Object(Section)

    BuildAttributes$$THM_ISAv4$P$D$K$B$S$PE$A:L22UL41UL21$X:L11$S22US41US21$IEEE1$IW$USESV6$~STKCKD$USESV7$~SHL$OSPACE$ROPI$EBA8$UX$STANDARDLIB$REQ8$PRES8$EABIv2 0x00000000   Number         0  anon$$obj.o ABSOLUTE
    __ARM_use_no_argv                        0x00000000   Number         0  main.o ABSOLUTE
    _printf_flags                            0x00000000   Number         0  printf_stubs.o ABSOLUTE
    _printf_return_value                     0x00000000   Number         0  printf_stubs.o ABSOLUTE
    _printf_sizespec                         0x00000000   Number         0  printf_stubs.o ABSOLUTE
    _printf_widthprec                        0x00000000   Number         0  printf_stubs.o ABSOLUTE
    __ARM_exceptions_init                     - Undefined Weak Reference
    __alloca_initialize                       - Undefined Weak Reference
    __arm_fini_                               - Undefined Weak Reference
    __arm_preinit_                            - Undefined Weak Reference
    __cpp_initialize__aeabi_                  - Undefined Weak Reference
    __cxa_finalize                            - Undefined Weak Reference
    __rt_locale                               - Undefined Weak Reference
    __sigvec_lookup                           - Undefined Weak Reference
    _atexit_init                              - Undefined Weak Reference
    _call_atexit_fns                          - Undefined Weak Reference
    _clock_init                               - Undefined Weak Reference
    _fp_trap_init                             - Undefined Weak Reference
    _fp_trap_shutdown                         - Undefined Weak Reference
    _get_lc_collate                           - Undefined Weak Reference
    _get_lc_ctype                             - Undefined Weak Reference
    _get_lc_monetary                          - Undefined Weak Reference
    _get_lc_numeric                           - Undefined Weak Reference
    _get_lc_time                              - Undefined Weak Reference
    _getenv_init                              - Undefined Weak Reference
    _handle_redirection                       - Undefined Weak Reference
    _init_alloc                               - Undefined Weak Reference
    _init_user_alloc                          - Undefined Weak Reference
    _initio                                   - Undefined Weak Reference
    _printf_truncate_signed                   - Undefined Weak Reference
    _printf_truncate_unsigned                 - Undefined Weak Reference
    _rand_init                                - Undefined Weak Reference
    _signal_finish                            - Undefined Weak Reference
    _signal_init                              - Undefined Weak Reference
    _terminate_alloc                          - Undefined Weak Reference
    _terminate_user_alloc                     - Undefined Weak Reference
    _terminateio                              - Undefined Weak Reference
    __Vectors_Size                           0x000000ec   Number         0  startup_stm32f10x_md.o ABSOLUTE
    __Vectors                                0x08000000   Data           4  startup_stm32f10x_md.o(RESET)
    __Vectors_End                            0x080000ec   Data           0  startup_stm32f10x_md.o(RESET)
    __main                                   0x080000ed   Thumb Code     8  __main.o(!!!main)
    __scatterload                            0x080000f5   Thumb Code     0  __scatter.o(!!!scatter)
    __scatterload_rt2                        0x080000f5   Thumb Code    44  __scatter.o(!!!scatter)
    __scatterload_rt2_thumb_only             0x080000f5   Thumb Code     0  __scatter.o(!!!scatter)
    __scatterload_null                       0x08000103   Thumb Code     0  __scatter.o(!!!scatter)
    __scatterload_copy                       0x08000129   Thumb Code    26  __scatter_copy.o(!!handler_copy)
    __scatterload_zeroinit                   0x08000145   Thumb Code    28  __scatter_zi.o(!!handler_zi)
    _printf_d                                0x08000161   Thumb Code     0  _printf_d.o(.ARM.Collect$$_printf_percent$$00000009)
    _printf_percent                          0x08000161   Thumb Code     0  _printf_percent.o(.ARM.Collect$$_printf_percent$$00000000)
    _printf_x                                0x08000167   Thumb Code     0  _printf_x.o(.ARM.Collect$$_printf_percent$$0000000C)
    _printf_percent_end                      0x0800016d   Thumb Code     0  _printf_percent_end.o(.ARM.Collect$$_printf_percent$$00000017)
    __rt_lib_init                            0x08000171   Thumb Code     0  libinit.o(.ARM.Collect$$libinit$$00000000)
    __rt_lib_init_alloca_1                   0x08000173   Thumb Code     0  libinit2.o(.ARM.Collect$$libinit$$0000002E)
    __rt_lib_init_argv_1                     0x08000173   Thumb Code     0  libinit2.o(.ARM.Collect$$libinit$$0000002C)
    __rt_lib_init_atexit_1                   0x08000173   Thumb Code     0  libinit2.o(.ARM.Collect$$libinit$$0000001B)
    __rt_lib_init_clock_1                    0x08000173   Thumb Code     0  libinit2.o(.ARM.Collect$$libinit$$00000021)
    __rt_lib_init_cpp_1                      0x08000173   Thumb Code     0  libinit2.o(.ARM.Collect$$libinit$$00000032)
    __rt_lib_init_exceptions_1               0x08000173   Thumb Code     0  libinit2.o(.ARM.Collect$$libinit$$00000030)
    __rt_lib_init_fp_1                       0x08000173   Thumb Code     0  libinit2.o(.ARM.Collect$$libinit$$00000002)
    __rt_lib_init_fp_trap_1                  0x08000173   Thumb Code     0  libinit2.o(.ARM.Collect$$libinit$$0000001F)
    __rt_lib_init_getenv_1                   0x08000173   Thumb Code     0  libinit2.o(.ARM.Collect$$libinit$$00000023)
    __rt_lib_init_heap_1                     0x08000173   Thumb Code     0  libinit2.o(.ARM.Collect$$libinit$$0000000A)
    __rt_lib_init_lc_collate_1               0x08000173   Thumb Code     0  libinit2.o(.ARM.Collect$$libinit$$00000011)
    __rt_lib_init_lc_ctype_1                 0x08000173   Thumb Code     0  libinit2.o(.ARM.Collect$$libinit$$00000013)
    __rt_lib_init_lc_monetary_1              0x08000173   Thumb Code     0  libinit2.o(.ARM.Collect$$libinit$$00000015)
    __rt_lib_init_lc_numeric_1               0x08000173   Thumb Code     0  libinit2.o(.ARM.Collect$$libinit$$00000017)
    __rt_lib_init_lc_time_1                  0x08000173   Thumb Code     0  libinit2.o(.ARM.Collect$$libinit$$00000019)
    __rt_lib_init_preinit_1                  0x08000173   Thumb Code     0  libinit2.o(.ARM.Collect$$libinit$$00000004)
    __rt_lib_init_rand_1                     0x08000173   Thumb Code     0  libinit2.o(.ARM.Collect$$libinit$$0000000E)
    __rt_lib_init_return                     0x08000173   Thumb Code     0  libinit2.o(.ARM.Collect$$libinit$$00000033)
    __rt_lib_init_signal_1                   0x08000173   Thumb Code     0  libinit2.o(.ARM.Collect$$libinit$$0000001D)
    __rt_lib_init_stdio_1                    0x08000173   Thumb Code     0  libinit2.o(.ARM.Collect$$libinit$$00000025)
    __rt_lib_init_user_alloc_1               0x08000173   Thumb Code     0  libinit2.o(.ARM.Collect$$libinit$$0000000C)
    __rt_lib_shutdown                        0x08000175   Thumb Code     0  libshutdown.o(.ARM.Collect$$libshutdown$$00000000)
    __rt_lib_shutdown_cpp_1                  0x08000177   Thumb Code     0  libshutdown2.o(.ARM.Collect$$libshutdown$$00000004)
    __rt_lib_shutdown_fini_1                 0x08000177   Thumb Code     0  libshutdown2.o(.ARM.Collect$$libshutdown$$00000002)
    __rt_lib_shutdown_fp_trap_1              0x08000177   Thumb Code     0  libshutdown2.o(.ARM.Collect$$libshutdown$$00000009)
    __rt_lib_shutdown_heap_1                 0x08000177   Thumb Code     0  libshutdown2.o(.ARM.Collect$$libshutdown$$00000011)
    __rt_lib_shutdown_return                 0x08000177   Thumb Code     0  libshutdown2.o(.ARM.Collect$$libshutdown$$00000012)
    __rt_lib_shutdown_signal_1               0x08000177   Thumb Code     0  libshutdown2.o(.ARM.Collect$$libshutdown$$0000000C)
    __rt_lib_shutdown_stdio_1                0x08000177   Thumb Code     0  libshutdown2.o(.ARM.Collect$$libshutdown$$00000006)
    __rt_lib_shutdown_user_alloc_1           0x08000177   Thumb Code     0  libshutdown2.o(.ARM.Collect$$libshutdown$$0000000E)
    __rt_entry                               0x08000179   Thumb Code     0  __rtentry.o(.ARM.Collect$$rtentry$$00000000)
    __rt_entry_presh_1                       0x08000179   Thumb Code     0  __rtentry2.o(.ARM.Collect$$rtentry$$00000002)
    __rt_entry_sh                            0x08000179   Thumb Code     0  __rtentry4.o(.ARM.Collect$$rtentry$$00000004)
    __rt_entry_li                            0x0800017f   Thumb Code     0  __rtentry2.o(.ARM.Collect$$rtentry$$0000000A)
    __rt_entry_postsh_1                      0x0800017f   Thumb Code     0  __rtentry2.o(.ARM.Collect$$rtentry$$00000009)
    __rt_entry_main                          0x08000183   Thumb Code     0  __rtentry2.o(.ARM.Collect$$rtentry$$0000000D)
    __rt_entry_postli_1                      0x08000183   Thumb Code     0  __rtentry2.o(.ARM.Collect$$rtentry$$0000000C)
    __rt_exit                                0x0800018b   Thumb Code     0  rtexit.o(.ARM.Collect$$rtexit$$00000000)
    __rt_exit_ls                             0x0800018d   Thumb Code     0  rtexit2.o(.ARM.Collect$$rtexit$$00000003)
    __rt_exit_prels_1                        0x0800018d   Thumb Code     0  rtexit2.o(.ARM.Collect$$rtexit$$00000002)
    __rt_exit_exit                           0x08000191   Thumb Code     0  rtexit2.o(.ARM.Collect$$rtexit$$00000004)
    PendSV_Handler                           0x08000199   Thumb Code     0  oskernel.o(.text)
    osSchedularLauch                         0x080001bf   Thumb Code     0  oskernel.o(.text)
    Reset_Handler                            0x080001e5   Thumb Code     8  startup_stm32f10x_md.o(.text)
    NMI_Handler                              0x080001ed   Thumb Code     2  startup_stm32f10x_md.o(.text)
    HardFault_Handler                        0x080001ef   Thumb Code     2  startup_stm32f10x_md.o(.text)
    MemManage_Handler                        0x080001f1   Thumb Code     2  startup_stm32f10x_md.o(.text)
    BusFault_Handler                         0x080001f3   Thumb Code     2  startup_stm32f10x_md.o(.text)
    UsageFault_Handler                       0x080001f5   Thumb Code     2  startup_stm32f10x_md.o(.text)
    SVC_Handler                              0x080001f7   Thumb Code     2  startup_stm32f10x_md.o(.text)
    DebugMon_Handler                         0x080001f9   Thumb Code     2  startup_stm32f10x_md.o(.text)
    ADC1_2_IRQHandler                        0x080001ff   Thumb Code     0  startup_stm32f10x_md.o(.text)
    CAN1_RX1_IRQHandler                      0x080001ff   Thumb Code     0  startup_stm32f10x_md.o(.text)
    CAN1_SCE_IRQHandler                      0x080001ff   Thumb Code     0  startup_stm32f10x_md.o(.text)
    DMA1_Channel1_IRQHandler                 0x080001ff   Thumb Code     0  startup_stm32f10x_md.o(.text)
    DMA1_Channel2_IRQHandler                 0x080001ff   Thumb Code     0  startup_stm32f10x_md.o(.text)
    DMA1_Channel3_IRQHandler                 0x080001ff   Thumb Code     0  startup_stm32f10x_md.o(.text)
    DMA1_Channel4_IRQHandler                 0x080001ff   Thumb Code     0  startup_stm32f10x_md.o(.text)
    DMA1_Channel5_IRQHandler                 0x080001ff   Thumb Code     0  startup_stm32f10x_md.o(.text)
    DMA1_Channel6_IRQHandler                 0x080001ff   Thumb Code     0  startup_stm32f10x_md.o(.text)
    DMA1_Channel7_IRQHandler                 0x080001ff   Thumb Code     0  startup_stm32f10x_md.o(.text)
    EXTI0_IRQHandler                         0x080001ff   Thumb Code     0  startup_stm32f10x_md.o(.text)
    EXTI15_10_IRQHandler                     0x080001ff   Thumb Code     0  startup_stm32f10x_md.o(.text)
    EXTI1_IRQHandler                         0x080001ff   Thumb Code     0  startup_stm32f10x_md.o(.text)
    EXTI2_IRQHandler                         0x080001ff   Thumb Code     0  startup_stm32f10x_md.o(.text)
    EXTI3_IRQHandler                         0x080001ff   Thumb Code     0  startup_stm32f10x_md.o(.text)
    EXTI4_IRQHandler                         0x080001ff   Thumb Code     0  startup_stm32f10x_md.o(.text)
    EXTI9_5_IRQHandler                       0x080001ff   Thumb Code     0  startup_stm32f10x_md.o(.text)
    FLASH_IRQHandler                         0x080001ff   Thumb Code     0  startup_stm32f10x_md.o(.text)
    I2C1_ER_IRQHandler                       0x080001ff   Thumb Code     0  startup_stm32f10x_md.o(.text)
    I2C1_EV_IRQHandler                       0x080001ff   Thumb Code     0  startup_stm32f10x_md.o(.text)
    I2C2_ER_IRQHandler                       0x080001ff   Thumb Code     0  startup_stm32f10x_md.o(.text)
    I2C2_EV_IRQHandler                       0x080001ff   Thumb Code     0  startup_stm32f10x_md.o(.text)
    PVD_IRQHandler                           0x080001ff   Thumb Code     0  startup_stm32f10x_md.o(.text)
    RCC_IRQHandler                           0x080001ff   Thumb Code     0  startup_stm32f10x_md.o(.text)
    RTCAlarm_IRQHandler                      0x080001ff   Thumb Code     0  startup_stm32f10x_md.o(.text)
    RTC_IRQHandler                           0x080001ff   Thumb Code     0  startup_stm32f10x_md.o(.text)
    SPI1_IRQHandler                          0x080001ff   Thumb Code     0  startup_stm32f10x_md.o(.text)
    SPI2_IRQHandler                          0x080001ff   Thumb Code     0  startup_stm32f10x_md.o(.text)
    TAMPER_IRQHandler                        0x080001ff   Thumb Code     0  startup_stm32f10x_md.o(.text)
    TIM1_BRK_IRQHandler                      0x080001ff   Thumb Code     0  startup_stm32f10x_md.o(.text)
    TIM1_CC_IRQHandler                       0x080001ff   Thumb Code     0  startup_stm32f10x_md.o(.text)
    TIM1_TRG_COM_IRQHandler                  0x080001ff   Thumb Code     0  startup_stm32f10x_md.o(.text)
    TIM1_UP_IRQHandler                       0x080001ff   Thumb Code     0  startup_stm32f10x_md.o(.text)
    TIM2_IRQHandler                          0x080001ff   Thumb Code     0  startup_stm32f10x_md.o(.text)
    TIM3_IRQHandler                          0x080001ff   Thumb Code     0  startup_stm32f10x_md.o(.text)
    USART2_IRQHandler                        0x080001ff   Thumb Code     0  startup_stm32f10x_md.o(.text)
    USART3_IRQHandler                        0x080001ff   Thumb Code     0  startup_stm32f10x_md.o(.text)
    USBWakeUp_IRQHandler                     0x080001ff   Thumb Code     0  startup_stm32f10x_md.o(.text)
    USB_HP_CAN1_TX_IRQHandler                0x080001ff   Thumb Code     0  startup_stm32f10x_md.o(.text)
    USB_LP_CAN1_RX0_IRQHandler               0x080001ff   Thumb Code     0  startup_stm32f10x_md.o(.text)
    WWDG_IRQHandler                          0x080001ff   Thumb Code     0  startup_stm32f10x_md.o(.text)
    __user_initial_stackheap                 0x08000201   Thumb Code     0  startup_stm32f10x_md.o(.text)
    __2sprintf                               0x08000225   Thumb Code    34  noretval__2sprintf.o(.text)
    _printf_pre_padding                      0x0800024d   Thumb Code    44  _printf_pad.o(.text)
    _printf_post_padding                     0x08000279   Thumb Code    34  _printf_pad.o(.text)
    _printf_int_dec                          0x0800029d   Thumb Code   104  _printf_dec.o(.text)
    _printf_int_hex                          0x08000315   Thumb Code    84  _printf_hex_int.o(.text)
    _printf_longlong_hex                     0x08000315   Thumb Code     0  _printf_hex_int.o(.text)
    __printf                                 0x0800036d   Thumb Code   308  __printf_flags_wp.o(.text)
    strchr                                   0x080004a5   Thumb Code    20  strchr.o(.text)
    memcmp                                   0x080004b9   Thumb Code    88  memcmp.o(.text)
    __aeabi_memcpy                           0x08000511   Thumb Code     0  rt_memcpy_v6.o(.text)
    __rt_memcpy                              0x08000511   Thumb Code   138  rt_memcpy_v6.o(.text)
    _memcpy_lastbytes                        0x08000577   Thumb Code     0  rt_memcpy_v6.o(.text)
    __aeabi_memcpy4                          0x0800059b   Thumb Code     0  rt_memcpy_w.o(.text)
    __aeabi_memcpy8                          0x0800059b   Thumb Code     0  rt_memcpy_w.o(.text)
    __rt_memcpy_w                            0x0800059b   Thumb Code   100  rt_memcpy_w.o(.text)
    _memcpy_lastbytes_aligned                0x080005e3   Thumb Code     0  rt_memcpy_w.o(.text)
    __aeabi_memset                           0x080005ff   Thumb Code    16  aeabi_memset.o(.text)
    __aeabi_memclr                           0x0800060f   Thumb Code     0  rt_memclr.o(.text)
    __rt_memclr                              0x0800060f   Thumb Code    68  rt_memclr.o(.text)
    _memset                                  0x08000613   Thumb Code     0  rt_memclr.o(.text)
    __aeabi_memclr4                          0x08000653   Thumb Code     0  rt_memclr_w.o(.text)
    __aeabi_memclr8                          0x08000653   Thumb Code     0  rt_memclr_w.o(.text)
    __rt_memclr_w                            0x08000653   Thumb Code    78  rt_memclr_w.o(.text)
    _memset_w                                0x08000657   Thumb Code     0  rt_memclr_w.o(.text)
    __use_two_region_memory                  0x080006a1   Thumb Code     2  heapauxi.o(.text)
    __rt_heap_escrow$2region                 0x080006a3   Thumb Code     2  heapauxi.o(.text)
    __rt_heap_expand$2region                 0x080006a5   Thumb Code     2  heapauxi.o(.text)
    _printf_int_common                       0x080006a7   Thumb Code   178  _printf_intcommon.o(.text)
    _printf_char_common                      0x08000763   Thumb Code    32  _printf_char_common.o(.text)
    _sputc                                   0x08000789   Thumb Code    10  _sputc.o(.text)
    __user_setup_stackheap                   0x08000793   Thumb Code    74  sys_stackheap_outer.o(.text)
    exit                                     0x080007dd   Thumb Code    18  exit.o(.text)
    __user_libspace                          0x080007f1   Thumb Code     8  libspace.o(.text)
    __user_perproc_libspace                  0x080007f1   Thumb Code     0  libspace.o(.text)
    __user_perthread_libspace                0x080007f1   Thumb Code     0  libspace.o(.text)
    _sys_exit                                0x080007f9   Thumb Code     8  sys_exit.o(.text)
    __I$use$semihosting                      0x08000805   Thumb Code     0  use_no_semi.o(.text)
    __use_no_semihosting_swi                 0x08000805   Thumb Code     2  use_no_semi.o(.text)
    __semihosting_library_function           0x08000807   Thumb Code     0  indicate_semi.o(.text)
    DelayInit                                0x08000809   Thumb Code    54  delay.o(i.DelayInit)
    DelayMs                                  0x08000845   Thumb Code    22  delay.o(i.DelayMs)
    DelayUs                                  0x0800085d   Thumb Code    26  delay.o(i.DelayUs)
    GPIO_Init                                0x0800087d   Thumb Code   278  stm32f10x_gpio.o(i.GPIO_Init)
    GPIO_ResetBits                           0x08000993   Thumb Code     4  stm32f10x_gpio.o(i.GPIO_ResetBits)
    GPIO_SetBits                             0x08000997   Thumb Code     4  stm32f10x_gpio.o(i.GPIO_SetBits)
    I2C_CheckEvent                           0x0800099b   Thumb Code    42  stm32f10x_i2c.o(i.I2C_CheckEvent)
    I2C_Cmd                                  0x080009c5   Thumb Code    24  stm32f10x_i2c.o(i.I2C_Cmd)
    I2C_GenerateSTART                        0x080009dd   Thumb Code    24  stm32f10x_i2c.o(i.I2C_GenerateSTART)
    I2C_GenerateSTOP                         0x080009f5   Thumb Code    24  stm32f10x_i2c.o(i.I2C_GenerateSTOP)
    I2C_GetFlagStatus                        0x08000a0d   Thumb Code    58  stm32f10x_i2c.o(i.I2C_GetFlagStatus)
    I2C_Init                                 0x08000a49   Thumb Code   222  stm32f10x_i2c.o(i.I2C_Init)
    I2C_LCD_Init                             0x08000b35   Thumb Code   104  i2c.o(i.I2C_LCD_Init)
    I2C_Send7bitAddress                      0x08000ba9   Thumb Code    18  stm32f10x_i2c.o(i.I2C_Send7bitAddress)
    I2C_SendData                             0x08000bbb   Thumb Code     4  stm32f10x_i2c.o(i.I2C_SendData)
    I2C_Write                                0x08000bc1   Thumb Code   180  i2c.o(i.I2C_Write)
    LCD_Clear_Display                        0x08000c81   Thumb Code    16  lcd.o(i.LCD_Clear_Display)
    LCD_Init                                 0x08000c91   Thumb Code    86  lcd.o(i.LCD_Init)
    LCD_NewLine                              0x08000ce7   Thumb Code    10  lcd.o(i.LCD_NewLine)
    LCD_Print                                0x08000cf1   Thumb Code    28  lcd.o(i.LCD_Print)
    LCD_Write_4Bits                          0x08000d0d   Thumb Code    46  lcd.o(i.LCD_Write_4Bits)
    LCD_Write_Char                           0x08000d41   Thumb Code    62  lcd.o(i.LCD_Write_Char)
    LCD_Write_Command                        0x08000d85   Thumb Code    60  lcd.o(i.LCD_Write_Command)
    My_GPIO_Init                             0x08000dc5   Thumb Code    40  main.o(i.My_GPIO_Init)
    My_SPI_Exchange                          0x08000df1   Thumb Code    36  spi.o(i.My_SPI_Exchange)
    RC522_Anten                              0x08000e19   Thumb Code    22  rfid.o(i.RC522_Anten)
    RC522_Anticoll                           0x08000e2f   Thumb Code    50  rfid.o(i.RC522_Anticoll)
    RC522_Check                              0x08000e61   Thumb Code    26  rfid.o(i.RC522_Check)
    RC522_ClearBit                           0x08000e7b   Thumb Code    26  rfid.o(i.RC522_ClearBit)
    RC522_Init                               0x08000e95   Thumb Code    78  rfid.o(i.RC522_Init)
    RC522_ReadRegister                       0x08000ee5   Thumb Code    50  rfid.o(i.RC522_ReadRegister)
    RC522_Request                            0x08000f21   Thumb Code    46  rfid.o(i.RC522_Request)
    RC522_Reset                              0x08000f4f   Thumb Code    12  rfid.o(i.RC522_Reset)
    RC522_SPI_Config                         0x08000f5d   Thumb Code   178  spi.o(i.RC522_SPI_Config)
    RC522_SetBit                             0x08001019   Thumb Code    26  rfid.o(i.RC522_SetBit)
    RC522_ToCard                             0x08001033   Thumb Code   286  rfid.o(i.RC522_ToCard)
    RC522_WriteRegister                      0x08001151   Thumb Code    44  rfid.o(i.RC522_WriteRegister)
    RCC_APB1PeriphClockCmd                   0x08001185   Thumb Code    26  stm32f10x_rcc.o(i.RCC_APB1PeriphClockCmd)
    RCC_APB2PeriphClockCmd                   0x080011a5   Thumb Code    26  stm32f10x_rcc.o(i.RCC_APB2PeriphClockCmd)
    RCC_GetClocksFreq                        0x080011c5   Thumb Code   192  stm32f10x_rcc.o(i.RCC_GetClocksFreq)
    SDCard_SPI_Config                        0x08001299   Thumb Code   176  spi.o(i.SDCard_SPI_Config)
    SPI_Cmd                                  0x08001351   Thumb Code    24  stm32f10x_spi.o(i.SPI_Cmd)
    SPI_I2S_GetFlagStatus                    0x08001369   Thumb Code    18  stm32f10x_spi.o(i.SPI_I2S_GetFlagStatus)
    SPI_I2S_ReceiveData                      0x0800137b   Thumb Code     6  stm32f10x_spi.o(i.SPI_I2S_ReceiveData)
    SPI_I2S_SendData                         0x08001381   Thumb Code     4  stm32f10x_spi.o(i.SPI_I2S_SendData)
    SPI_Init                                 0x08001385   Thumb Code    60  stm32f10x_spi.o(i.SPI_Init)
    SPI_TransmitRecive                       0x080013c1   Thumb Code    66  spi.o(i.SPI_TransmitRecive)
    Servo_PWM_Init                           0x08001405   Thumb Code   140  servo.o(i.Servo_PWM_Init)
    Set_ServoCorner                          0x0800157d   Thumb Code     8  servo.o(i.Set_ServoCorner)
    SysTick_Handler                          0x08001585   Thumb Code    14  rtos.o(i.SysTick_Handler)
    SystemInit                               0x08001599   Thumb Code    78  system_stm32f10x.o(i.SystemInit)
    TIM4_IRQHandler                          0x080015f9   Thumb Code    94  rtos.o(i.TIM4_IRQHandler)
    TIM_ARRPreloadConfig                     0x08001665   Thumb Code    24  stm32f10x_tim.o(i.TIM_ARRPreloadConfig)
    TIM_Cmd                                  0x0800167d   Thumb Code    24  stm32f10x_tim.o(i.TIM_Cmd)
    TIM_GetCounter                           0x08001695   Thumb Code     6  stm32f10x_tim.o(i.TIM_GetCounter)
    TIM_OC1Init                              0x0800169d   Thumb Code   132  stm32f10x_tim.o(i.TIM_OC1Init)
    TIM_OC1PreloadConfig                     0x08001735   Thumb Code    18  stm32f10x_tim.o(i.TIM_OC1PreloadConfig)
    TIM_SetCounter                           0x08001747   Thumb Code     4  stm32f10x_tim.o(i.TIM_SetCounter)
    TIM_TimeBaseInit                         0x0800174d   Thumb Code   122  stm32f10x_tim.o(i.TIM_TimeBaseInit)
    USART1_IRQHandler                        0x080017f1   Thumb Code    22  uart.o(i.USART1_IRQHandler)
    _is_digit                                0x08001839   Thumb Code    14  __printf_wp.o(i._is_digit)
    disk_initialize                          0x08001edd   Thumb Code   280  sdmm.o(i.disk_initialize)
    disk_ioctl                               0x08001ffd   Thumb Code   218  sdmm.o(i.disk_ioctl)
    disk_read                                0x080020d9   Thumb Code   122  sdmm.o(i.disk_read)
    disk_status                              0x08002159   Thumb Code    14  sdmm.o(i.disk_status)
    disk_write                               0x0800216d   Thumb Code   152  sdmm.o(i.disk_write)
    f_close                                  0x08002215   Thumb Code    34  ff.o(i.f_close)
    f_mount                                  0x08002239   Thumb Code    90  ff.o(i.f_mount)
    f_open                                   0x08002299   Thumb Code   460  ff.o(i.f_open)
    f_sync                                   0x08002469   Thumb Code   114  ff.o(i.f_sync)
    f_write                                  0x080024e1   Thumb Code   466  ff.o(i.f_write)
    main                                     0x08002945   Thumb Code   164  main.o(i.main)
    osKernelAddThread                        0x08002ee1   Thumb Code   212  rtos.o(i.osKernelAddThread)
    osKernelInit                             0x08002fc1   Thumb Code    18  rtos.o(i.osKernelInit)
    osKernelLaunch                           0x08002fd9   Thumb Code    66  rtos.o(i.osKernelLaunch)
    osKernelSW                               0x08003021   Thumb Code    44  rtos.o(i.osKernelSW)
    osSemaphoreInit                          0x08003051   Thumb Code     8  rtos.o(i.osSemaphoreInit)
    osSignalSet                              0x08003059   Thumb Code    12  rtos.o(i.osSignalSet)
    osSignalWait                             0x08003065   Thumb Code    36  rtos.o(i.osSignalWait)
    osThreadSleep                            0x0800308d   Thumb Code    40  rtos.o(i.osThreadSleep)
    registCard                               0x0800325d   Thumb Code    26  main.o(i.registCard)
    taskLCD                                  0x08003509   Thumb Code   176  main.o(i.taskLCD)
    taskRFID                                 0x080035f9   Thumb Code    72  main.o(i.taskRFID)
    taskServo                                0x0800366d   Thumb Code    74  main.o(i.taskServo)
    taskWriteSDCard                          0x080036c1   Thumb Code    60  main.o(i.taskWriteSDCard)
    Region$$Table$$Base                      0x08003828   Number         0  anon$$obj.o(Region$$Table)
    Region$$Table$$Limit                     0x08003848   Number         0  anon$$obj.o(Region$$Table)
    CardID                                   0x20000000   Data           5  main.o(.data)
    currentCard                              0x20000005   Data           0  main.o(.data)
    bw                                       0x20000010   Data           4  main.o(.data)
    fr                                       0x20000014   Data           1  main.o(.data)
    count1                                   0x20000018   Data           4  main.o(.data)
    count2                                   0x2000001c   Data           4  main.o(.data)
    count3                                   0x20000020   Data           4  main.o(.data)
    checkStatusBarrier                       0x20000024   Data           1  main.o(.data)
    countTimeCar1                            0x20000028   Data           4  main.o(.data)
    countTimeCar2                            0x2000002c   Data           4  main.o(.data)
    data                                     0x20000030   Data           1  uart.o(.data)
    currentPt                                0x20000040   Data           4  rtos.o(.data)
    osTime                                   0x20000044   Data           4  rtos.o(.data)
    szBuff                                   0x2000005c   Data          16  main.o(.bss)
    FatFs                                    0x2000006c   Data         560  main.o(.bss)
    Fil                                      0x2000029c   Data          40  main.o(.bss)
    bufCountTimeCar                          0x200002c4   Data          16  main.o(.bss)
    tcbs                                     0x200002d4   Data          60  rtos.o(.bss)
    stack_thread                             0x20000310   Data        1200  rtos.o(.bss)
    __libspace_start                         0x200007c0   Data          96  libspace.o(.bss)
    __temporary_stack_top$libspace           0x20000820   Data           0  libspace.o(.bss)



==============================================================================

Memory Map of the image

  Image Entry point : 0x080001e5

  Load Region LR_1 (Base: 0x08000000, Size: 0x000038a4, Max: 0xffffffff, ABSOLUTE)

    Execution Region ER_RO (Exec base: 0x08000000, Load base: 0x08000000, Size: 0x00003848, Max: 0xffffffff, ABSOLUTE)

    Exec Addr    Load Addr    Size         Type   Attr      Idx    E Section Name        Object

    0x08000000   0x08000000   0x000000ec   Data   RO         2729    RESET               startup_stm32f10x_md.o
    0x080000ec   0x080000ec   0x00000008   Code   RO         2852  * !!!main             c_w.l(__main.o)
    0x080000f4   0x080000f4   0x00000034   Code   RO         3020    !!!scatter          c_w.l(__scatter.o)
    0x08000128   0x08000128   0x0000001a   Code   RO         3022    !!handler_copy      c_w.l(__scatter_copy.o)
    0x08000142   0x08000142   0x00000002   PAD
    0x08000144   0x08000144   0x0000001c   Code   RO         3024    !!handler_zi        c_w.l(__scatter_zi.o)
    0x08000160   0x08000160   0x00000000   Code   RO         2835    .ARM.Collect$$_printf_percent$$00000000  c_w.l(_printf_percent.o)
    0x08000160   0x08000160   0x00000006   Code   RO         2834    .ARM.Collect$$_printf_percent$$00000009  c_w.l(_printf_d.o)
    0x08000166   0x08000166   0x00000006   Code   RO         2833    .ARM.Collect$$_printf_percent$$0000000C  c_w.l(_printf_x.o)
    0x0800016c   0x0800016c   0x00000004   Code   RO         2861    .ARM.Collect$$_printf_percent$$00000017  c_w.l(_printf_percent_end.o)
    0x08000170   0x08000170   0x00000002   Code   RO         2888    .ARM.Collect$$libinit$$00000000  c_w.l(libinit.o)
    0x08000172   0x08000172   0x00000000   Code   RO         2895    .ARM.Collect$$libinit$$00000002  c_w.l(libinit2.o)
    0x08000172   0x08000172   0x00000000   Code   RO         2897    .ARM.Collect$$libinit$$00000004  c_w.l(libinit2.o)
    0x08000172   0x08000172   0x00000000   Code   RO         2900    .ARM.Collect$$libinit$$0000000A  c_w.l(libinit2.o)
    0x08000172   0x08000172   0x00000000   Code   RO         2902    .ARM.Collect$$libinit$$0000000C  c_w.l(libinit2.o)
    0x08000172   0x08000172   0x00000000   Code   RO         2904    .ARM.Collect$$libinit$$0000000E  c_w.l(libinit2.o)
    0x08000172   0x08000172   0x00000000   Code   RO         2907    .ARM.Collect$$libinit$$00000011  c_w.l(libinit2.o)
    0x08000172   0x08000172   0x00000000   Code   RO         2909    .ARM.Collect$$libinit$$00000013  c_w.l(libinit2.o)
    0x08000172   0x08000172   0x00000000   Code   RO         2911    .ARM.Collect$$libinit$$00000015  c_w.l(libinit2.o)
    0x08000172   0x08000172   0x00000000   Code   RO         2913    .ARM.Collect$$libinit$$00000017  c_w.l(libinit2.o)
    0x08000172   0x08000172   0x00000000   Code   RO         2915    .ARM.Collect$$libinit$$00000019  c_w.l(libinit2.o)
    0x08000172   0x08000172   0x00000000   Code   RO         2917    .ARM.Collect$$libinit$$0000001B  c_w.l(libinit2.o)
    0x08000172   0x08000172   0x00000000   Code   RO         2919    .ARM.Collect$$libinit$$0000001D  c_w.l(libinit2.o)
    0x08000172   0x08000172   0x00000000   Code   RO         2921    .ARM.Collect$$libinit$$0000001F  c_w.l(libinit2.o)
    0x08000172   0x08000172   0x00000000   Code   RO         2923    .ARM.Collect$$libinit$$00000021  c_w.l(libinit2.o)
    0x08000172   0x08000172   0x00000000   Code   RO         2925    .ARM.Collect$$libinit$$00000023  c_w.l(libinit2.o)
    0x08000172   0x08000172   0x00000000   Code   RO         2927    .ARM.Collect$$libinit$$00000025  c_w.l(libinit2.o)
    0x08000172   0x08000172   0x00000000   Code   RO         2931    .ARM.Collect$$libinit$$0000002C  c_w.l(libinit2.o)
    0x08000172   0x08000172   0x00000000   Code   RO         2933    .ARM.Collect$$libinit$$0000002E  c_w.l(libinit2.o)
    0x08000172   0x08000172   0x00000000   Code   RO         2935    .ARM.Collect$$libinit$$00000030  c_w.l(libinit2.o)
    0x08000172   0x08000172   0x00000000   Code   RO         2937    .ARM.Collect$$libinit$$00000032  c_w.l(libinit2.o)
    0x08000172   0x08000172   0x00000002   Code   RO         2938    .ARM.Collect$$libinit$$00000033  c_w.l(libinit2.o)
    0x08000174   0x08000174   0x00000002   Code   RO         2958    .ARM.Collect$$libshutdown$$00000000  c_w.l(libshutdown.o)
    0x08000176   0x08000176   0x00000000   Code   RO         2971    .ARM.Collect$$libshutdown$$00000002  c_w.l(libshutdown2.o)
    0x08000176   0x08000176   0x00000000   Code   RO         2973    .ARM.Collect$$libshutdown$$00000004  c_w.l(libshutdown2.o)
    0x08000176   0x08000176   0x00000000   Code   RO         2975    .ARM.Collect$$libshutdown$$00000006  c_w.l(libshutdown2.o)
    0x08000176   0x08000176   0x00000000   Code   RO         2978    .ARM.Collect$$libshutdown$$00000009  c_w.l(libshutdown2.o)
    0x08000176   0x08000176   0x00000000   Code   RO         2981    .ARM.Collect$$libshutdown$$0000000C  c_w.l(libshutdown2.o)
    0x08000176   0x08000176   0x00000000   Code   RO         2983    .ARM.Collect$$libshutdown$$0000000E  c_w.l(libshutdown2.o)
    0x08000176   0x08000176   0x00000000   Code   RO         2986    .ARM.Collect$$libshutdown$$00000011  c_w.l(libshutdown2.o)
    0x08000176   0x08000176   0x00000002   Code   RO         2987    .ARM.Collect$$libshutdown$$00000012  c_w.l(libshutdown2.o)
    0x08000178   0x08000178   0x00000000   Code   RO         2854    .ARM.Collect$$rtentry$$00000000  c_w.l(__rtentry.o)
    0x08000178   0x08000178   0x00000000   Code   RO         2863    .ARM.Collect$$rtentry$$00000002  c_w.l(__rtentry2.o)
    0x08000178   0x08000178   0x00000006   Code   RO         2875    .ARM.Collect$$rtentry$$00000004  c_w.l(__rtentry4.o)
    0x0800017e   0x0800017e   0x00000000   Code   RO         2865    .ARM.Collect$$rtentry$$00000009  c_w.l(__rtentry2.o)
    0x0800017e   0x0800017e   0x00000004   Code   RO         2866    .ARM.Collect$$rtentry$$0000000A  c_w.l(__rtentry2.o)
    0x08000182   0x08000182   0x00000000   Code   RO         2868    .ARM.Collect$$rtentry$$0000000C  c_w.l(__rtentry2.o)
    0x08000182   0x08000182   0x00000008   Code   RO         2869    .ARM.Collect$$rtentry$$0000000D  c_w.l(__rtentry2.o)
    0x0800018a   0x0800018a   0x00000002   Code   RO         2892    .ARM.Collect$$rtexit$$00000000  c_w.l(rtexit.o)
    0x0800018c   0x0800018c   0x00000000   Code   RO         2940    .ARM.Collect$$rtexit$$00000002  c_w.l(rtexit2.o)
    0x0800018c   0x0800018c   0x00000004   Code   RO         2941    .ARM.Collect$$rtexit$$00000003  c_w.l(rtexit2.o)
    0x08000190   0x08000190   0x00000006   Code   RO         2942    .ARM.Collect$$rtexit$$00000004  c_w.l(rtexit2.o)
    0x08000196   0x08000196   0x00000002   PAD
    0x08000198   0x08000198   0x0000004c   Code   RO          980    .text               oskernel.o
    0x080001e4   0x080001e4   0x00000040   Code   RO         2730  * .text               startup_stm32f10x_md.o
    0x08000224   0x08000224   0x00000028   Code   RO         2784    .text               c_w.l(noretval__2sprintf.o)
    0x0800024c   0x0800024c   0x0000004e   Code   RO         2788    .text               c_w.l(_printf_pad.o)
    0x0800029a   0x0800029a   0x00000002   PAD
    0x0800029c   0x0800029c   0x00000078   Code   RO         2790    .text               c_w.l(_printf_dec.o)
    0x08000314   0x08000314   0x00000058   Code   RO         2795    .text               c_w.l(_printf_hex_int.o)
    0x0800036c   0x0800036c   0x00000138   Code   RO         2825    .text               c_w.l(__printf_flags_wp.o)
    0x080004a4   0x080004a4   0x00000014   Code   RO         2836    .text               c_w.l(strchr.o)
    0x080004b8   0x080004b8   0x00000058   Code   RO         2838    .text               c_w.l(memcmp.o)
    0x08000510   0x08000510   0x0000008a   Code   RO         2840    .text               c_w.l(rt_memcpy_v6.o)
    0x0800059a   0x0800059a   0x00000064   Code   RO         2842    .text               c_w.l(rt_memcpy_w.o)
    0x080005fe   0x080005fe   0x00000010   Code   RO         2844    .text               c_w.l(aeabi_memset.o)
    0x0800060e   0x0800060e   0x00000044   Code   RO         2846    .text               c_w.l(rt_memclr.o)
    0x08000652   0x08000652   0x0000004e   Code   RO         2848    .text               c_w.l(rt_memclr_w.o)
    0x080006a0   0x080006a0   0x00000006   Code   RO         2850    .text               c_w.l(heapauxi.o)
    0x080006a6   0x080006a6   0x000000b2   Code   RO         2855    .text               c_w.l(_printf_intcommon.o)
    0x08000758   0x08000758   0x00000030   Code   RO         2857    .text               c_w.l(_printf_char_common.o)
    0x08000788   0x08000788   0x0000000a   Code   RO         2859    .text               c_w.l(_sputc.o)
    0x08000792   0x08000792   0x0000004a   Code   RO         2879    .text               c_w.l(sys_stackheap_outer.o)
    0x080007dc   0x080007dc   0x00000012   Code   RO         2881    .text               c_w.l(exit.o)
    0x080007ee   0x080007ee   0x00000002   PAD
    0x080007f0   0x080007f0   0x00000008   Code   RO         2889    .text               c_w.l(libspace.o)
    0x080007f8   0x080007f8   0x0000000c   Code   RO         2950    .text               c_w.l(sys_exit.o)
    0x08000804   0x08000804   0x00000002   Code   RO         2961    .text               c_w.l(use_no_semi.o)
    0x08000806   0x08000806   0x00000000   Code   RO         2963    .text               c_w.l(indicate_semi.o)
    0x08000806   0x08000806   0x00000002   PAD
    0x08000808   0x08000808   0x0000003c   Code   RO            4    i.DelayInit         delay.o
    0x08000844   0x08000844   0x00000016   Code   RO            5    i.DelayMs           delay.o
    0x0800085a   0x0800085a   0x00000002   PAD
    0x0800085c   0x0800085c   0x00000020   Code   RO            6    i.DelayUs           delay.o
    0x0800087c   0x0800087c   0x00000116   Code   RO         1274    i.GPIO_Init         stm32f10x_gpio.o
    0x08000992   0x08000992   0x00000004   Code   RO         1281    i.GPIO_ResetBits    stm32f10x_gpio.o
    0x08000996   0x08000996   0x00000004   Code   RO         1282    i.GPIO_SetBits      stm32f10x_gpio.o
    0x0800099a   0x0800099a   0x0000002a   Code   RO         1397    i.I2C_CheckEvent    stm32f10x_i2c.o
    0x080009c4   0x080009c4   0x00000018   Code   RO         1400    i.I2C_Cmd           stm32f10x_i2c.o
    0x080009dc   0x080009dc   0x00000018   Code   RO         1407    i.I2C_GenerateSTART  stm32f10x_i2c.o
    0x080009f4   0x080009f4   0x00000018   Code   RO         1408    i.I2C_GenerateSTOP  stm32f10x_i2c.o
    0x08000a0c   0x08000a0c   0x0000003a   Code   RO         1409    i.I2C_GetFlagStatus  stm32f10x_i2c.o
    0x08000a46   0x08000a46   0x00000002   PAD
    0x08000a48   0x08000a48   0x000000ec   Code   RO         1414    i.I2C_Init          stm32f10x_i2c.o
    0x08000b34   0x08000b34   0x00000074   Code   RO          346    i.I2C_LCD_Init      i2c.o
    0x08000ba8   0x08000ba8   0x00000012   Code   RO         1421    i.I2C_Send7bitAddress  stm32f10x_i2c.o
    0x08000bba   0x08000bba   0x00000004   Code   RO         1422    i.I2C_SendData      stm32f10x_i2c.o
    0x08000bbe   0x08000bbe   0x00000002   PAD
    0x08000bc0   0x08000bc0   0x000000c0   Code   RO          348    i.I2C_Write         i2c.o
    0x08000c80   0x08000c80   0x00000010   Code   RO          271    i.LCD_Clear_Display  lcd.o
    0x08000c90   0x08000c90   0x00000056   Code   RO          272    i.LCD_Init          lcd.o
    0x08000ce6   0x08000ce6   0x0000000a   Code   RO          273    i.LCD_NewLine       lcd.o
    0x08000cf0   0x08000cf0   0x0000001c   Code   RO          274    i.LCD_Print         lcd.o
    0x08000d0c   0x08000d0c   0x00000034   Code   RO          276    i.LCD_Write_4Bits   lcd.o
    0x08000d40   0x08000d40   0x00000044   Code   RO          277    i.LCD_Write_Char    lcd.o
    0x08000d84   0x08000d84   0x00000040   Code   RO          278    i.LCD_Write_Command  lcd.o
    0x08000dc4   0x08000dc4   0x0000002c   Code   RO          382    i.My_GPIO_Init      main.o
    0x08000df0   0x08000df0   0x00000028   Code   RO          132    i.My_SPI_Exchange   spi.o
    0x08000e18   0x08000e18   0x00000016   Code   RO          177    i.RC522_Anten       rfid.o
    0x08000e2e   0x08000e2e   0x00000032   Code   RO          178    i.RC522_Anticoll    rfid.o
    0x08000e60   0x08000e60   0x0000001a   Code   RO          179    i.RC522_Check       rfid.o
    0x08000e7a   0x08000e7a   0x0000001a   Code   RO          180    i.RC522_ClearBit    rfid.o
    0x08000e94   0x08000e94   0x0000004e   Code   RO          181    i.RC522_Init        rfid.o
    0x08000ee2   0x08000ee2   0x00000002   PAD
    0x08000ee4   0x08000ee4   0x0000003c   Code   RO          182    i.RC522_ReadRegister  rfid.o
    0x08000f20   0x08000f20   0x0000002e   Code   RO          183    i.RC522_Request     rfid.o
    0x08000f4e   0x08000f4e   0x0000000c   Code   RO          184    i.RC522_Reset       rfid.o
    0x08000f5a   0x08000f5a   0x00000002   PAD
    0x08000f5c   0x08000f5c   0x000000bc   Code   RO          133    i.RC522_SPI_Config  spi.o
    0x08001018   0x08001018   0x0000001a   Code   RO          185    i.RC522_SetBit      rfid.o
    0x08001032   0x08001032   0x0000011e   Code   RO          186    i.RC522_ToCard      rfid.o
    0x08001150   0x08001150   0x00000034   Code   RO          187    i.RC522_WriteRegister  rfid.o
    0x08001184   0x08001184   0x00000020   Code   RO         1612    i.RCC_APB1PeriphClockCmd  stm32f10x_rcc.o
    0x080011a4   0x080011a4   0x00000020   Code   RO         1614    i.RCC_APB2PeriphClockCmd  stm32f10x_rcc.o
    0x080011c4   0x080011c4   0x000000d4   Code   RO         1622    i.RCC_GetClocksFreq  stm32f10x_rcc.o
    0x08001298   0x08001298   0x000000b8   Code   RO          134    i.SDCard_SPI_Config  spi.o
    0x08001350   0x08001350   0x00000018   Code   RO         1827    i.SPI_Cmd           stm32f10x_spi.o
    0x08001368   0x08001368   0x00000012   Code   RO         1835    i.SPI_I2S_GetFlagStatus  stm32f10x_spi.o
    0x0800137a   0x0800137a   0x00000006   Code   RO         1838    i.SPI_I2S_ReceiveData  stm32f10x_spi.o
    0x08001380   0x08001380   0x00000004   Code   RO         1839    i.SPI_I2S_SendData  stm32f10x_spi.o
    0x08001384   0x08001384   0x0000003c   Code   RO         1840    i.SPI_Init          stm32f10x_spi.o
    0x080013c0   0x080013c0   0x00000042   Code   RO          135    i.SPI_TransmitRecive  spi.o
    0x08001402   0x08001402   0x00000002   PAD
    0x08001404   0x08001404   0x00000090   Code   RO           99    i.Servo_PWM_Init    servo.o
    0x08001494   0x08001494   0x00000008   Code   RO         2737    i.SetSysClock       system_stm32f10x.o
    0x0800149c   0x0800149c   0x000000e0   Code   RO         2738    i.SetSysClockTo72   system_stm32f10x.o
    0x0800157c   0x0800157c   0x00000008   Code   RO          100    i.Set_ServoCorner   servo.o
    0x08001584   0x08001584   0x00000014   Code   RO          878    i.SysTick_Handler   rtos.o
    0x08001598   0x08001598   0x00000060   Code   RO         2740    i.SystemInit        system_stm32f10x.o
    0x080015f8   0x080015f8   0x0000006c   Code   RO          879    i.TIM4_IRQHandler   rtos.o
    0x08001664   0x08001664   0x00000018   Code   RO         1982    i.TIM_ARRPreloadConfig  stm32f10x_tim.o
    0x0800167c   0x0800167c   0x00000018   Code   RO         1994    i.TIM_Cmd           stm32f10x_tim.o
    0x08001694   0x08001694   0x00000006   Code   RO         2013    i.TIM_GetCounter    stm32f10x_tim.o
    0x0800169a   0x0800169a   0x00000002   PAD
    0x0800169c   0x0800169c   0x00000098   Code   RO         2023    i.TIM_OC1Init       stm32f10x_tim.o
    0x08001734   0x08001734   0x00000012   Code   RO         2026    i.TIM_OC1PreloadConfig  stm32f10x_tim.o
    0x08001746   0x08001746   0x00000004   Code   RO         2059    i.TIM_SetCounter    stm32f10x_tim.o
    0x0800174a   0x0800174a   0x00000002   PAD
    0x0800174c   0x0800174c   0x000000a4   Code   RO         2065    i.TIM_TimeBaseInit  stm32f10x_tim.o
    0x080017f0   0x080017f0   0x00000020   Code   RO          462    i.USART1_IRQHandler  uart.o
    0x08001810   0x08001810   0x00000028   Code   RO          880    i.__NVIC_SetPriority  rtos.o
    0x08001838   0x08001838   0x0000000e   Code   RO         2823    i._is_digit         c_w.l(__printf_wp.o)
    0x08001846   0x08001846   0x00000002   PAD
    0x08001848   0x08001848   0x000000e0   Code   RO          512    i.check_fs          ff.o
    0x08001928   0x08001928   0x0000001a   Code   RO          513    i.clst2sect         ff.o
    0x08001942   0x08001942   0x00000124   Code   RO          514    i.create_chain      ff.o
    0x08001a66   0x08001a66   0x00000002   PAD
    0x08001a68   0x08001a68   0x0000010c   Code   RO          515    i.create_name       ff.o
    0x08001b74   0x08001b74   0x00000034   Code   RO          516    i.dbc_1st           ff.o
    0x08001ba8   0x08001ba8   0x00000048   Code   RO          517    i.dbc_2nd           ff.o
    0x08001bf0   0x08001bf0   0x0000001c   Code   RO          783    i.deselect          sdmm.o
    0x08001c0c   0x08001c0c   0x00000060   Code   RO          518    i.dir_alloc         ff.o
    0x08001c6c   0x08001c6c   0x0000005e   Code   RO          519    i.dir_clear         ff.o
    0x08001cca   0x08001cca   0x0000006c   Code   RO          520    i.dir_find          ff.o
    0x08001d36   0x08001d36   0x000000ca   Code   RO          521    i.dir_next          ff.o
    0x08001e00   0x08001e00   0x00000042   Code   RO          523    i.dir_register      ff.o
    0x08001e42   0x08001e42   0x0000009a   Code   RO          525    i.dir_sdi           ff.o
    0x08001edc   0x08001edc   0x00000120   Code   RO          784    i.disk_initialize   sdmm.o
    0x08001ffc   0x08001ffc   0x000000da   Code   RO          785    i.disk_ioctl        sdmm.o
    0x080020d6   0x080020d6   0x00000002   PAD
    0x080020d8   0x080020d8   0x00000080   Code   RO          786    i.disk_read         sdmm.o
    0x08002158   0x08002158   0x00000014   Code   RO          787    i.disk_status       sdmm.o
    0x0800216c   0x0800216c   0x0000009c   Code   RO          788    i.disk_write        sdmm.o
    0x08002208   0x08002208   0x0000000c   Code   RO          789    i.dly_us            sdmm.o
    0x08002214   0x08002214   0x00000022   Code   RO          526    i.f_close           ff.o
    0x08002236   0x08002236   0x00000002   PAD
    0x08002238   0x08002238   0x00000060   Code   RO          531    i.f_mount           ff.o
    0x08002298   0x08002298   0x000001d0   Code   RO          532    i.f_open            ff.o
    0x08002468   0x08002468   0x00000078   Code   RO          538    i.f_sync            ff.o
    0x080024e0   0x080024e0   0x000001d2   Code   RO          541    i.f_write           ff.o
    0x080026b2   0x080026b2   0x00000078   Code   RO          542    i.find_volume       ff.o
    0x0800272a   0x0800272a   0x0000009e   Code   RO          543    i.follow_path       ff.o
    0x080027c8   0x080027c8   0x000000e0   Code   RO          544    i.get_fat           ff.o
    0x080028a8   0x080028a8   0x00000052   Code   RO          546    i.get_ldnumber      ff.o
    0x080028fa   0x080028fa   0x0000000c   Code   RO          547    i.ld_16             ff.o
    0x08002906   0x08002906   0x00000018   Code   RO          548    i.ld_32             ff.o
    0x0800291e   0x0800291e   0x00000026   Code   RO          549    i.ld_clust          ff.o
    0x08002944   0x08002944   0x000000fc   Code   RO          383    i.main              main.o
    0x08002a40   0x08002a40   0x000002a4   Code   RO          550    i.mount_volume      ff.o
    0x08002ce4   0x08002ce4   0x00000034   Code   RO          551    i.move_window       ff.o
    0x08002d18   0x08002d18   0x00000074   Code   RO          881    i.osInitTimeSleep   rtos.o
    0x08002d8c   0x08002d8c   0x00000154   Code   RO          882    i.osKerneThreadInit  rtos.o
    0x08002ee0   0x08002ee0   0x000000e0   Code   RO          883    i.osKernelAddThread  rtos.o
    0x08002fc0   0x08002fc0   0x00000018   Code   RO          884    i.osKernelInit      rtos.o
    0x08002fd8   0x08002fd8   0x00000048   Code   RO          885    i.osKernelLaunch    rtos.o
    0x08003020   0x08003020   0x00000030   Code   RO          886    i.osKernelSW        rtos.o
    0x08003050   0x08003050   0x00000008   Code   RO          887    i.osSemaphoreInit   rtos.o
    0x08003058   0x08003058   0x0000000c   Code   RO          888    i.osSignalSet       rtos.o
    0x08003064   0x08003064   0x00000028   Code   RO          889    i.osSignalWait      rtos.o
    0x0800308c   0x0800308c   0x00000030   Code   RO          890    i.osThreadSleep     rtos.o
    0x080030bc   0x080030bc   0x00000138   Code   RO          552    i.put_fat           ff.o
    0x080031f4   0x080031f4   0x0000004c   Code   RO          790    i.rcvr_datablock    sdmm.o
    0x08003240   0x08003240   0x0000001a   Code   RO          791    i.rcvr_mmc          sdmm.o
    0x0800325a   0x0800325a   0x00000002   PAD
    0x0800325c   0x0800325c   0x00000024   Code   RO          384    i.registCard        main.o
    0x08003280   0x08003280   0x0000009a   Code   RO          553    i.remove_chain      ff.o
    0x0800331a   0x0800331a   0x00000002   PAD
    0x0800331c   0x0800331c   0x0000002c   Code   RO          792    i.select            sdmm.o
    0x08003348   0x08003348   0x0000009c   Code   RO          793    i.send_cmd          sdmm.o
    0x080033e4   0x080033e4   0x0000000c   Code   RO          554    i.st_16             ff.o
    0x080033f0   0x080033f0   0x00000018   Code   RO          555    i.st_32             ff.o
    0x08003408   0x08003408   0x00000024   Code   RO          556    i.st_clust          ff.o
    0x0800342c   0x0800342c   0x00000090   Code   RO          557    i.sync_fs           ff.o
    0x080034bc   0x080034bc   0x0000004a   Code   RO          558    i.sync_window       ff.o
    0x08003506   0x08003506   0x00000002   PAD
    0x08003508   0x08003508   0x000000f0   Code   RO          385    i.taskLCD           main.o
    0x080035f8   0x080035f8   0x00000074   Code   RO          386    i.taskRFID          main.o
    0x0800366c   0x0800366c   0x00000054   Code   RO          387    i.taskServo         main.o
    0x080036c0   0x080036c0   0x0000004c   Code   RO          388    i.taskWriteSDCard   main.o
    0x0800370c   0x0800370c   0x0000003c   Code   RO          559    i.validate          ff.o
    0x08003748   0x08003748   0x00000032   Code   RO          794    i.wait_ready        sdmm.o
    0x0800377a   0x0800377a   0x0000004e   Code   RO          795    i.xmit_datablock    sdmm.o
    0x080037c8   0x080037c8   0x0000001a   Code   RO          796    i.xmit_mmc          sdmm.o
    0x080037e2   0x080037e2   0x0000000a   Data   RO          560    .constdata          ff.o
    0x080037ec   0x080037ec   0x00000028   Data   RO         2796    .constdata          c_w.l(_printf_hex_int.o)
    0x08003814   0x08003814   0x00000011   Data   RO         2826    .constdata          c_w.l(__printf_flags_wp.o)
    0x08003825   0x08003825   0x00000003   PAD
    0x08003828   0x08003828   0x00000020   Data   RO         3018    Region$$Table       anon$$obj.o


    Execution Region ER_RW (Exec base: 0x20000000, Load base: 0x08003848, Size: 0x0000005c, Max: 0xffffffff, ABSOLUTE)

    Exec Addr    Load Addr    Size         Type   Attr      Idx    E Section Name        Object

    0x20000000   0x08003848   0x00000030   Data   RW          390    .data               main.o
    0x20000030   0x08003878   0x00000001   Data   RW          463    .data               uart.o
    0x20000031   0x08003879   0x00000003   PAD
    0x20000034   0x0800387c   0x00000006   Data   RW          561    .data               ff.o
    0x2000003a   0x08003882   0x00000002   Data   RW          797    .data               sdmm.o
    0x2000003c   0x08003884   0x0000000c   Data   RW          892    .data               rtos.o
    0x20000048   0x08003890   0x00000014   Data   RW         1642    .data               stm32f10x_rcc.o


    Execution Region ER_ZI (Exec base: 0x2000005c, Load base: 0x080038a4, Size: 0x00000dc4, Max: 0xffffffff, ABSOLUTE)

    Exec Addr    Load Addr    Size         Type   Attr      Idx    E Section Name        Object

    0x2000005c        -       0x00000278   Zero   RW          389    .bss                main.o
    0x200002d4        -       0x000004ec   Zero   RW          891    .bss                rtos.o
    0x200007c0        -       0x00000060   Zero   RW         2890    .bss                c_w.l(libspace.o)
    0x20000820        -       0x00000200   Zero   RW         2728    HEAP                startup_stm32f10x_md.o
    0x20000a20        -       0x00000400   Zero   RW         2727    STACK               startup_stm32f10x_md.o


==============================================================================

Image component sizes


      Code (inc. data)   RO Data    RW Data    ZI Data      Debug   Object Name

       114         12          0          0          0     262080   delay.o
      5036         94         10          6          0      41632   ff.o
       308         24          0          0          0       1803   i2c.o
       324         16          0          0          0       4064   lcd.o
       848        236          0         48        632       7762   main.o
        76          6          0          0          0        288   oskernel.o
       684         18          0          0          0       8918   rfid.o
      1100         86          0         12       1260      33040   rtos.o
      1306         36          0          2          0      10342   sdmm.o
       152          4          0          0          0       1103   servo.o
       478         22          0          0          0       2774   spi.o
        64         26        236          0       1536        860   startup_stm32f10x_md.o
       286          0          0          0          0       3244   stm32f10x_gpio.o
       430         14          0          0          0       6886   stm32f10x_i2c.o
       276         32          0         20          0       4622   stm32f10x_rcc.o
       112          0          0          0          0       4070   stm32f10x_spi.o
       392         62          0          0          0       4947   stm32f10x_tim.o
       328         28          0          0          0       2257   system_stm32f10x.o
        32         10          0          1          0        663   uart.o

    ----------------------------------------------------------------------
     12374        726        278         92       3428     401355   Object Totals
         0          0         32          0          0          0   (incl. Generated)
        28          0          0          3          0          0   (incl. Padding)

    ----------------------------------------------------------------------

      Code (inc. data)   RO Data    RW Data    ZI Data      Debug   Library Member Name

         8          0          0          0          0         68   __main.o
       312          4         17          0          0         92   __printf_flags_wp.o
        14          0          0          0          0         68   __printf_wp.o
         0          0          0          0          0          0   __rtentry.o
        12          0          0          0          0          0   __rtentry2.o
         6          0          0          0          0          0   __rtentry4.o
        52          8          0          0          0          0   __scatter.o
        26          0          0          0          0          0   __scatter_copy.o
        28          0          0          0          0          0   __scatter_zi.o
        48          6          0          0          0         96   _printf_char_common.o
         6          0          0          0          0          0   _printf_d.o
       120         16          0          0          0         92   _printf_dec.o
        88          4         40          0          0         88   _printf_hex_int.o
       178          0          0          0          0         88   _printf_intcommon.o
        78          0          0          0          0        108   _printf_pad.o
         0          0          0          0          0          0   _printf_percent.o
         4          0          0          0          0          0   _printf_percent_end.o
         6          0          0          0          0          0   _printf_x.o
        10          0          0          0          0         68   _sputc.o
        16          0          0          0          0         68   aeabi_memset.o
        18          0          0          0          0         80   exit.o
         6          0          0          0          0        152   heapauxi.o
         0          0          0          0          0          0   indicate_semi.o
         2          0          0          0          0          0   libinit.o
         2          0          0          0          0          0   libinit2.o
         2          0          0          0          0          0   libshutdown.o
         2          0          0          0          0          0   libshutdown2.o
         8          4          0          0         96         68   libspace.o
        88          0          0          0          0         76   memcmp.o
        40          6          0          0          0         84   noretval__2sprintf.o
        68          0          0          0          0         68   rt_memclr.o
        78          0          0          0          0         80   rt_memclr_w.o
       138          0          0          0          0         68   rt_memcpy_v6.o
       100          0          0          0          0         80   rt_memcpy_w.o
         2          0          0          0          0          0   rtexit.o
        10          0          0          0          0          0   rtexit2.o
        20          0          0          0          0         68   strchr.o
        12          4          0          0          0         68   sys_exit.o
        74          0          0          0          0         80   sys_stackheap_outer.o
         2          0          0          0          0         68   use_no_semi.o

    ----------------------------------------------------------------------
      1696         52         60          0         96       1876   Library Totals
        12          0          3          0          0          0   (incl. Padding)

    ----------------------------------------------------------------------

      Code (inc. data)   RO Data    RW Data    ZI Data      Debug   Library Name

      1684         52         57          0         96       1876   c_w.l

    ----------------------------------------------------------------------
      1696         52         60          0         96       1876   Library Totals

    ----------------------------------------------------------------------

==============================================================================


      Code (inc. data)   RO Data    RW Data    ZI Data      Debug   

     14070        778        338         92       3524     395791   Grand Totals
     14070        778        338         92       3524     395791   ELF Image Totals
     14070        778        338         92          0          0   ROM Totals

==============================================================================

    Total RO  Size (Code + RO Data)                14408 (  14.07kB)
    Total RW  Size (RW Data + ZI Data)              3616 (   3.53kB)
    Total ROM Size (Code + RO Data + RW Data)      14500 (  14.16kB)

==============================================================================

