


ARM Macro Assembler    Page 1 


    1 00000000                 AREA             |.text|, CODE, READONLY, ALIGN 
= 2
    2 00000000                 THUMB
    3 00000000                 PRESERVE8
    4 00000000                 IMPORT           currentPt
    5 00000000                 IMPORT           osKernelSW
    6 00000000                 EXPORT           PendSV_Handler
    7 00000000                 EXPORT           osSchedularLauch
    8 00000000         
    9 00000000         PendSV_Handler
   10 00000000 B672            CPSID            I
   11 00000002         ; save stackPt current
   12 00000002 E92D 0FF0       PUSH             {R4-R11}
   13 00000006 4810            LDR              R0, =currentPt
   14 00000008 6801            LDR              R1, [R0]
   15 0000000A F8C1 D000       STR              SP, [R1]
   16 0000000E         
   17 0000000E B501            PUSH             {R0,LR}
   18 00000010         ; switch new SP
   19 00000010 F7FF FFFE       BL               osKernelSW
   20 00000014         
   21 00000014 E8BD 4001       POP              {R0,LR}
   22 00000018 6801            LDR              R1, [R0]
   23 0000001A F8D1 D000       LDR              SP, [R1]
   24 0000001E         
   25 0000001E E8BD 0FF0       POP              {R4-R11}
   26 00000022 B662            CPSIE            I
   27 00000024 4770            BX               LR
   28 00000026         
   29 00000026         
   30 00000026         osSchedularLauch                     ; Manual push for a
                                                            ll register
   31 00000026 B672            CPSID            I
   32 00000028 4807            LDR              R0, =currentPt
   33 0000002A 6801            LDR              R1, [R0]    ; take address firs
                                                            t task tcb[0]
   34 0000002C F8D1 D000       LDR              SP, [R1]
   35 00000030 E8BD 0FF0       POP              {R4-R11}
   36 00000034 BC0F            POP              {R0-R3}
   37 00000036 F85D CB04       POP              {R12}
   38 0000003A         
   39 0000003A B001            ADD              SP,SP,#4
   40 0000003C F85D EB04       POP              {LR}
   41 00000040 B001            ADD              SP,SP,#4
   42 00000042         
   43 00000042 B662            CPSIE            I
   44 00000044 4770            BX               LR
   45 00000046 00 00           ALIGN
   46 00000048                 END
              00000000 
Command Line: --debug --xref --diag_suppress=9931 --cpu=Cortex-M3 --apcs=interw
ork --depend=.\objects\oskernel.d -o.\objects\oskernel.o -I.\RTE\Device\STM32F1
03C8 -I.\RTE\_Target_1 -ID:\KeliC\ARM\CMSIS\5.9.0\CMSIS\Core\Include -ID:\KeliC
\Keil\STM32F1xx_DFP\2.4.1\Device\Include -ID:\KeliC\Keil\STM32F1xx_DFP\2.4.1\De
vice\StdPeriph_Driver\inc --predefine="__EVAL SETA 1" --predefine="__UVISION_VE
RSION SETA 538" --predefine="_RTE_ SETA 1" --predefine="STM32F10X_MD SETA 1" --
predefine="_RTE_ SETA 1" --list=.\listings\oskernel.lst osKernel.s



ARM Macro Assembler    Page 1 Alphabetic symbol ordering
Relocatable symbols

.text 00000000

Symbol: .text
   Definitions
      At line 1 in file osKernel.s
   Uses
      None
Comment: .text unused
PendSV_Handler 00000000

Symbol: PendSV_Handler
   Definitions
      At line 9 in file osKernel.s
   Uses
      At line 6 in file osKernel.s
Comment: PendSV_Handler used once
osSchedularLauch 00000026

Symbol: osSchedularLauch
   Definitions
      At line 30 in file osKernel.s
   Uses
      At line 7 in file osKernel.s
Comment: osSchedularLauch used once
3 symbols



ARM Macro Assembler    Page 1 Alphabetic symbol ordering
External symbols

currentPt 00000000

Symbol: currentPt
   Definitions
      At line 4 in file osKernel.s
   Uses
      At line 13 in file osKernel.s
      At line 32 in file osKernel.s

osKernelSW 00000000

Symbol: osKernelSW
   Definitions
      At line 5 in file osKernel.s
   Uses
      At line 19 in file osKernel.s
Comment: osKernelSW used once
2 symbols
341 symbols in table
