Component: ARM Compiler 5.06 update 7 (build 960) Tool: armlink [4d3601]

==============================================================================

Section Cross References

    main.o(i.My_GPIO_Init) refers to stm32f10x_rcc.o(i.RCC_APB2PeriphClockCmd) for RCC_APB2PeriphClockCmd
    main.o(i.My_GPIO_Init) refers to stm32f10x_gpio.o(i.GPIO_Init) for GPIO_Init
    main.o(i.main) refers to delay.o(i.Delay_Init) for Delay_Init
    main.o(i.main) refers to main.o(i.My_GPIO_Init) for My_GPIO_Init
    main.o(i.main) refers to ff.o(i.f_mount) for f_mount
    main.o(i.main) refers to ff.o(i.f_open) for f_open
    main.o(i.main) refers to ff.o(i.f_write) for f_write
    main.o(i.main) refers to ff.o(i.f_close) for f_close
    main.o(i.main) refers to stm32f10x_gpio.o(i.GPIO_SetBits) for GPIO_SetBits
    main.o(i.main) refers to delay.o(i.Delay_Ms) for Delay_Ms
    main.o(i.main) refers to stm32f10x_gpio.o(i.GPIO_ResetBits) for GPIO_ResetBits
    main.o(i.main) refers to main.o(.bss) for FatFs
    spi.o(i.My_SPI_Exchange) refers to stm32f10x_spi.o(i.SPI_I2S_SendData) for SPI_I2S_SendData
    spi.o(i.My_SPI_Exchange) refers to stm32f10x_spi.o(i.SPI_I2S_GetFlagStatus) for SPI_I2S_GetFlagStatus
    spi.o(i.My_SPI_Exchange) refers to stm32f10x_spi.o(i.SPI_I2S_ReceiveData) for SPI_I2S_ReceiveData
    spi.o(i.My_SPI_Init) refers to stm32f10x_rcc.o(i.RCC_APB2PeriphClockCmd) for RCC_APB2PeriphClockCmd
    spi.o(i.My_SPI_Init) refers to stm32f10x_gpio.o(i.GPIO_Init) for GPIO_Init
    spi.o(i.My_SPI_Init) refers to stm32f10x_gpio.o(i.GPIO_SetBits) for GPIO_SetBits
    spi.o(i.My_SPI_Init) refers to stm32f10x_spi.o(i.SPI_Init) for SPI_Init
    spi.o(i.My_SPI_Init) refers to stm32f10x_spi.o(i.SPI_Cmd) for SPI_Cmd
    delay.o(i.Delay_Init) refers to delay.o(i.Timer_Init) for Timer_Init
    delay.o(i.Delay_Ms) refers to delay.o(i.Delay_Us) for Delay_Us
    delay.o(i.Delay_Us) refers to stm32f10x_tim.o(i.TIM_SetCounter) for TIM_SetCounter
    delay.o(i.Delay_Us) refers to stm32f10x_tim.o(i.TIM_GetCounter) for TIM_GetCounter
    delay.o(i.Timer_Init) refers to stm32f10x_rcc.o(i.RCC_APB1PeriphClockCmd) for RCC_APB1PeriphClockCmd
    delay.o(i.Timer_Init) refers to stm32f10x_tim.o(i.TIM_TimeBaseInit) for TIM_TimeBaseInit
    delay.o(i.Timer_Init) refers to stm32f10x_tim.o(i.TIM_Cmd) for TIM_Cmd
    delay.o(i.Timer_Init) refers to system_stm32f10x.o(.data) for SystemCoreClock
    ff.o(i.check_fs) refers to ff.o(i.move_window) for move_window
    ff.o(i.check_fs) refers to ff.o(i.ld_16) for ld_16
    ff.o(i.check_fs) refers to memcmp.o(.text) for memcmp
    ff.o(i.check_fs) refers to ff.o(i.ld_32) for ld_32
    ff.o(i.create_chain) refers to ff.o(i.get_fat) for get_fat
    ff.o(i.create_chain) refers to ff.o(i.put_fat) for put_fat
    ff.o(i.create_name) refers to aeabi_memset.o(.text) for __aeabi_memset
    ff.o(i.create_name) refers to ff.o(i.dbc_1st) for dbc_1st
    ff.o(i.create_name) refers to ff.o(i.dbc_2nd) for dbc_2nd
    ff.o(i.create_name) refers to strchr.o(.text) for strchr
    ff.o(i.dbc_1st) refers to ff.o(.constdata) for DbcTbl
    ff.o(i.dbc_2nd) refers to ff.o(.constdata) for DbcTbl
    ff.o(i.dir_alloc) refers to ff.o(i.dir_sdi) for dir_sdi
    ff.o(i.dir_alloc) refers to ff.o(i.move_window) for move_window
    ff.o(i.dir_alloc) refers to ff.o(i.dir_next) for dir_next
    ff.o(i.dir_clear) refers to ff.o(i.sync_window) for sync_window
    ff.o(i.dir_clear) refers to ff.o(i.clst2sect) for clst2sect
    ff.o(i.dir_clear) refers to rt_memclr_w.o(.text) for __aeabi_memclr4
    ff.o(i.dir_clear) refers to sdmm.o(i.disk_write) for disk_write
    ff.o(i.dir_find) refers to ff.o(i.dir_sdi) for dir_sdi
    ff.o(i.dir_find) refers to ff.o(i.move_window) for move_window
    ff.o(i.dir_find) refers to memcmp.o(.text) for memcmp
    ff.o(i.dir_find) refers to ff.o(i.dir_next) for dir_next
    ff.o(i.dir_next) refers to ff.o(i.get_fat) for get_fat
    ff.o(i.dir_next) refers to ff.o(i.create_chain) for create_chain
    ff.o(i.dir_next) refers to ff.o(i.dir_clear) for dir_clear
    ff.o(i.dir_next) refers to ff.o(i.clst2sect) for clst2sect
    ff.o(i.dir_read) refers to ff.o(i.move_window) for move_window
    ff.o(i.dir_read) refers to ff.o(i.dir_next) for dir_next
    ff.o(i.dir_register) refers to ff.o(i.dir_alloc) for dir_alloc
    ff.o(i.dir_register) refers to ff.o(i.move_window) for move_window
    ff.o(i.dir_register) refers to rt_memclr.o(.text) for __aeabi_memclr
    ff.o(i.dir_remove) refers to ff.o(i.move_window) for move_window
    ff.o(i.dir_sdi) refers to ff.o(i.get_fat) for get_fat
    ff.o(i.dir_sdi) refers to ff.o(i.clst2sect) for clst2sect
    ff.o(i.f_close) refers to ff.o(i.f_sync) for f_sync
    ff.o(i.f_close) refers to ff.o(i.validate) for validate
    ff.o(i.f_closedir) refers to ff.o(i.validate) for validate
    ff.o(i.f_getfree) refers to ff.o(i.mount_volume) for mount_volume
    ff.o(i.f_getfree) refers to ff.o(i.get_fat) for get_fat
    ff.o(i.f_getfree) refers to ff.o(i.move_window) for move_window
[...]
    rt_memcpy_v6.o(.text) refers to rt_memcpy_w.o(.text) for __aeabi_memcpy4
    aeabi_memset.o(.text) refers to rt_memclr.o(.text) for _memset
    rt_memclr.o(.text) refers to rt_memclr_w.o(.text) for _memset_w
    __main.o(!!!main) refers to __rtentry.o(.ARM.Collect$$rtentry$$00000000) for __rt_entry
    __rtentry.o(.ARM.Collect$$rtentry$$00000000) refers (Special) to __rtentry2.o(.ARM.Collect$$rtentry$$0000000A) for __rt_entry_li
    __rtentry.o(.ARM.Collect$$rtentry$$00000000) refers (Special) to __rtentry2.o(.ARM.Collect$$rtentry$$0000000D) for __rt_entry_main
    __rtentry.o(.ARM.Collect$$rtentry$$00000000) refers (Special) to __rtentry2.o(.ARM.Collect$$rtentry$$0000000C) for __rt_entry_postli_1
    __rtentry.o(.ARM.Collect$$rtentry$$00000000) refers (Special) to __rtentry2.o(.ARM.Collect$$rtentry$$00000009) for __rt_entry_postsh_1
    __rtentry.o(.ARM.Collect$$rtentry$$00000000) refers (Special) to __rtentry2.o(.ARM.Collect$$rtentry$$00000002) for __rt_entry_presh_1
    __rtentry.o(.ARM.Collect$$rtentry$$00000000) refers (Special) to __rtentry4.o(.ARM.Collect$$rtentry$$00000004) for __rt_entry_sh
    __rtentry2.o(.ARM.Collect$$rtentry$$00000008) refers to boardinit2.o(.text) for _platform_post_stackheap_init
    __rtentry2.o(.ARM.Collect$$rtentry$$0000000A) refers to libinit.o(.ARM.Collect$$libinit$$00000000) for __rt_lib_init
    __rtentry2.o(.ARM.Collect$$rtentry$$0000000B) refers to boardinit3.o(.text) for _platform_post_lib_init
    __rtentry2.o(.ARM.Collect$$rtentry$$0000000D) refers to main.o(i.main) for main
    __rtentry2.o(.ARM.Collect$$rtentry$$0000000D) refers to exit.o(.text) for exit
    __rtentry2.o(.ARM.exidx) refers to __rtentry2.o(.ARM.Collect$$rtentry$$00000001) for .ARM.Collect$$rtentry$$00000001
    __rtentry2.o(.ARM.exidx) refers to __rtentry2.o(.ARM.Collect$$rtentry$$00000008) for .ARM.Collect$$rtentry$$00000008
    __rtentry2.o(.ARM.exidx) refers to __rtentry2.o(.ARM.Collect$$rtentry$$0000000A) for .ARM.Collect$$rtentry$$0000000A
    __rtentry2.o(.ARM.exidx) refers to __rtentry2.o(.ARM.Collect$$rtentry$$0000000B) for .ARM.Collect$$rtentry$$0000000B
    __rtentry2.o(.ARM.exidx) refers to __rtentry2.o(.ARM.Collect$$rtentry$$0000000D) for .ARM.Collect$$rtentry$$0000000D
    __rtentry4.o(.ARM.Collect$$rtentry$$00000004) refers to sys_stackheap_outer.o(.text) for __user_setup_stackheap
    __rtentry4.o(.ARM.exidx) refers to __rtentry4.o(.ARM.Collect$$rtentry$$00000004) for .ARM.Collect$$rtentry$$00000004
    sys_stackheap_outer.o(.text) refers to libspace.o(.text) for __user_perproc_libspace
    sys_stackheap_outer.o(.text) refers to startup_stm32f10x_md.o(.text) for __user_initial_stackheap
    exit.o(.text) refers to rtexit.o(.ARM.Collect$$rtexit$$00000000) for __rt_exit
    libinit.o(.ARM.Collect$$libinit$$00000000) refers (Special) to libinit2.o(.ARM.Collect$$libinit$$0000002E) for __rt_lib_init_alloca_1
    libinit.o(.ARM.Collect$$libinit$$00000000) refers (Special) to libinit2.o(.ARM.Collect$$libinit$$0000002C) for __rt_lib_init_argv_1
    libinit.o(.ARM.Collect$$libinit$$00000000) refers (Special) to libinit2.o(.ARM.Collect$$libinit$$0000001B) for __rt_lib_init_atexit_1
    libinit.o(.ARM.Collect$$libinit$$00000000) refers (Special) to libinit2.o(.ARM.Collect$$libinit$$00000021) for __rt_lib_init_clock_1
    libinit.o(.ARM.Collect$$libinit$$00000000) refers (Special) to libinit2.o(.ARM.Collect$$libinit$$00000032) for __rt_lib_init_cpp_1
    libinit.o(.ARM.Collect$$libinit$$00000000) refers (Special) to libinit2.o(.ARM.Collect$$libinit$$00000030) for __rt_lib_init_exceptions_1
    libinit.o(.ARM.Collect$$libinit$$00000000) refers (Special) to libinit2.o(.ARM.Collect$$libinit$$00000002) for __rt_lib_init_fp_1
    libinit.o(.ARM.Collect$$libinit$$00000000) refers (Special) to libinit2.o(.ARM.Collect$$libinit$$0000001F) for __rt_lib_init_fp_trap_1
    libinit.o(.ARM.Collect$$libinit$$00000000) refers (Special) to libinit2.o(.ARM.Collect$$libinit$$00000023) for __rt_lib_init_getenv_1
    libinit.o(.ARM.Collect$$libinit$$00000000) refers (Special) to libinit2.o(.ARM.Collect$$libinit$$0000000A) for __rt_lib_init_heap_1
    libinit.o(.ARM.Collect$$libinit$$00000000) refers (Special) to libinit2.o(.ARM.Collect$$libinit$$00000011) for __rt_lib_init_lc_collate_1
    libinit.o(.ARM.Collect$$libinit$$00000000) refers (Special) to libinit2.o(.ARM.Collect$$libinit$$00000013) for __rt_lib_init_lc_ctype_1
    libinit.o(.ARM.Collect$$libinit$$00000000) refers (Special) to libinit2.o(.ARM.Collect$$libinit$$00000015) for __rt_lib_init_lc_monetary_1
    libinit.o(.ARM.Collect$$libinit$$00000000) refers (Special) to libinit2.o(.ARM.Collect$$libinit$$00000017) for __rt_lib_init_lc_numeric_1
    libinit.o(.ARM.Collect$$libinit$$00000000) refers (Special) to libinit2.o(.ARM.Collect$$libinit$$00000019) for __rt_lib_init_lc_time_1
    libinit.o(.ARM.Collect$$libinit$$00000000) refers (Special) to libinit2.o(.ARM.Collect$$libinit$$00000004) for __rt_lib_init_preinit_1
    libinit.o(.ARM.Collect$$libinit$$00000000) refers (Special) to libinit2.o(.ARM.Collect$$libinit$$0000000E) for __rt_lib_init_rand_1
    libinit.o(.ARM.Collect$$libinit$$00000000) refers (Special) to libinit2.o(.ARM.Collect$$libinit$$00000033) for __rt_lib_init_return
    libinit.o(.ARM.Collect$$libinit$$00000000) refers (Special) to libinit2.o(.ARM.Collect$$libinit$$0000001D) for __rt_lib_init_signal_1
    libinit.o(.ARM.Collect$$libinit$$00000000) refers (Special) to libinit2.o(.ARM.Collect$$libinit$$00000025) for __rt_lib_init_stdio_1
    libinit.o(.ARM.Collect$$libinit$$00000000) refers (Special) to libinit2.o(.ARM.Collect$$libinit$$0000000C) for __rt_lib_init_user_alloc_1
    libspace.o(.text) refers to libspace.o(.bss) for __libspace_start
    rtexit.o(.ARM.Collect$$rtexit$$00000000) refers (Special) to rtexit2.o(.ARM.Collect$$rtexit$$00000004) for __rt_exit_exit
    rtexit.o(.ARM.Collect$$rtexit$$00000000) refers (Special) to rtexit2.o(.ARM.Collect$$rtexit$$00000003) for __rt_exit_ls
    rtexit.o(.ARM.Collect$$rtexit$$00000000) refers (Special) to rtexit2.o(.ARM.Collect$$rtexit$$00000002) for __rt_exit_prels_1
    rtexit.o(.ARM.exidx) refers (Special) to rtexit2.o(.ARM.Collect$$rtexit$$00000004) for __rt_exit_exit
    rtexit.o(.ARM.exidx) refers (Special) to rtexit2.o(.ARM.Collect$$rtexit$$00000003) for __rt_exit_ls
    rtexit.o(.ARM.exidx) refers (Special) to rtexit2.o(.ARM.Collect$$rtexit$$00000002) for __rt_exit_prels_1
    rtexit.o(.ARM.exidx) refers to rtexit.o(.ARM.Collect$$rtexit$$00000000) for .ARM.Collect$$rtexit$$00000000
    libinit2.o(.ARM.Collect$$libinit$$00000010) refers to libinit2.o(.ARM.Collect$$libinit$$0000000F) for .ARM.Collect$$libinit$$0000000F
    libinit2.o(.ARM.Collect$$libinit$$00000012) refers to libinit2.o(.ARM.Collect$$libinit$$0000000F) for .ARM.Collect$$libinit$$0000000F
    libinit2.o(.ARM.Collect$$libinit$$00000014) refers to libinit2.o(.ARM.Collect$$libinit$$0000000F) for .ARM.Collect$$libinit$$0000000F
    libinit2.o(.ARM.Collect$$libinit$$00000016) refers to libinit2.o(.ARM.Collect$$libinit$$0000000F) for .ARM.Collect$$libinit$$0000000F
    libinit2.o(.ARM.Collect$$libinit$$00000018) refers to libinit2.o(.ARM.Collect$$libinit$$0000000F) for .ARM.Collect$$libinit$$0000000F
    libinit2.o(.ARM.Collect$$libinit$$00000026) refers to argv_veneer.o(.emb_text) for __ARM_argv_veneer
    libinit2.o(.ARM.Collect$$libinit$$00000027) refers to argv_veneer.o(.emb_text) for __ARM_argv_veneer
    rtexit2.o(.ARM.Collect$$rtexit$$00000003) refers to libshutdown.o(.ARM.Collect$$libshutdown$$00000000) for __rt_lib_shutdown
    rtexit2.o(.ARM.Collect$$rtexit$$00000004) refers to sys_exit.o(.text) for _sys_exit
    rtexit2.o(.ARM.exidx) refers to rtexit2.o(.ARM.Collect$$rtexit$$00000001) for .ARM.Collect$$rtexit$$00000001
    rtexit2.o(.ARM.exidx) refers to rtexit2.o(.ARM.Collect$$rtexit$$00000003) for .ARM.Collect$$rtexit$$00000003
    rtexit2.o(.ARM.exidx) refers to rtexit2.o(.ARM.Collect$$rtexit$$00000004) for .ARM.Collect$$rtexit$$00000004
    argv_veneer.o(.emb_text) refers to no_argv.o(.text) for __ARM_get_argv
    sys_exit.o(.text) refers (Special) to use_no_semi.o(.text) for __I$use$semihosting
    sys_exit.o(.text) refers (Special) to indicate_semi.o(.text) for __semihosting_library_function
    _get_argv_nomalloc.o(.text) refers (Special) to hrguard.o(.text) for __heap_region$guard
    _get_argv_nomalloc.o(.text) refers to defsig_rtmem_outer.o(.text) for __rt_SIGRTMEM
    _get_argv_nomalloc.o(.text) refers to sys_command.o(.text) for _sys_command_string
    libshutdown.o(.ARM.Collect$$libshutdown$$00000000) refers (Special) to libshutdown2.o(.ARM.Collect$$libshutdown$$00000004) for __rt_lib_shutdown_cpp_1
    libshutdown.o(.ARM.Collect$$libshutdown$$00000000) refers (Special) to libshutdown2.o(.ARM.Collect$$libshutdown$$00000002) for __rt_lib_shutdown_fini_1
    libshutdown.o(.ARM.Collect$$libshutdown$$00000000) refers (Special) to libshutdown2.o(.ARM.Collect$$libshutdown$$00000009) for __rt_lib_shutdown_fp_trap_1
    libshutdown.o(.ARM.Collect$$libshutdown$$00000000) refers (Special) to libshutdown2.o(.ARM.Collect$$libshutdown$$00000011) for __rt_lib_shutdown_heap_1
    libshutdown.o(.ARM.Collect$$libshutdown$$00000000) refers (Special) to libshutdown2.o(.ARM.Collect$$libshutdown$$00000012) for __rt_lib_shutdown_return
    libshutdown.o(.ARM.Collect$$libshutdown$$00000000) refers (Special) to libshutdown2.o(.ARM.Collect$$libshutdown$$0000000C) for __rt_lib_shutdown_signal_1
    libshutdown.o(.ARM.Collect$$libshutdown$$00000000) refers (Special) to libshutdown2.o(.ARM.Collect$$libshutdown$$00000006) for __rt_lib_shutdown_stdio_1
    libshutdown.o(.ARM.Collect$$libshutdown$$00000000) refers (Special) to libshutdown2.o(.ARM.Collect$$libshutdown$$0000000E) for __rt_lib_shutdown_user_alloc_1
    sys_command.o(.text) refers (Special) to use_no_semi.o(.text) for __I$use$semihosting
    sys_command.o(.text) refers (Special) to indicate_semi.o(.text) for __semihosting_library_function
    defsig_rtmem_outer.o(.text) refers to defsig_rtmem_inner.o(.text) for __rt_SIGRTMEM_inner
    defsig_rtmem_outer.o(.text) refers to defsig_exit.o(.text) for __sig_exit
    defsig_rtmem_formal.o(.text) refers to rt_raise.o(.text) for __rt_raise
    rt_raise.o(.text) refers to __raise.o(.text) for __raise
    rt_raise.o(.text) refers to sys_exit.o(.text) for _sys_exit
    defsig_exit.o(.text) refers to sys_exit.o(.text) for _sys_exit
    defsig_rtmem_inner.o(.text) refers to defsig_general.o(.text) for __default_signal_display
    __raise.o(.text) refers to defsig.o(CL$$defsig) for __default_signal_handler
    defsig_general.o(.text) refers to sys_wrch.o(.text) for _ttywrch
    sys_wrch.o(.text) refers (Special) to use_no_semi.o(.text) for __I$use$semihosting
    sys_wrch.o(.text) refers (Special) to indicate_semi.o(.text) for __semihosting_library_function
    defsig.o(CL$$defsig) refers to defsig_rtmem_inner.o(.text) for __rt_SIGRTMEM_inner
    defsig_abrt_inner.o(.text) refers to defsig_general.o(.text) for __default_signal_display
    defsig_fpe_inner.o(.text) refers to defsig_general.o(.text) for __default_signal_display
    defsig_rtred_inner.o(.text) refers to defsig_general.o(.text) for __default_signal_display
    defsig_stak_inner.o(.text) refers to defsig_general.o(.text) for __default_signal_display
    defsig_pvfn_inner.o(.text) refers to defsig_general.o(.text) for __default_signal_display
    defsig_cppl_inner.o(.text) refers to defsig_general.o(.text) for __default_signal_display
    defsig_segv_inner.o(.text) refers to defsig_general.o(.text) for __default_signal_display
    defsig_other.o(.text) refers to defsig_general.o(.text) for __default_signal_display


==============================================================================

Removing Unused input sections from the image.

    Removing main.o(.rev16_text), (4 bytes).
    Removing main.o(.revsh_text), (4 bytes).
    Removing main.o(.rrx_text), (6 bytes).
    Removing spi.o(.rev16_text), (4 bytes).
    Removing spi.o(.revsh_text), (4 bytes).
    Removing spi.o(.rrx_text), (6 bytes).
    Removing delay.o(.rev16_text), (4 bytes).
    Removing delay.o(.revsh_text), (4 bytes).
    Removing delay.o(.rrx_text), (6 bytes).
    Removing ff.o(i.dir_read), (116 bytes).
    Removing ff.o(i.dir_remove), (32 bytes).
    Removing ff.o(i.f_closedir), (24 bytes).
    Removing ff.o(i.f_getfree), (252 bytes).
    Removing ff.o(i.f_lseek), (324 bytes).
    Removing ff.o(i.f_mkdir), (288 bytes).
    Removing ff.o(i.f_opendir), (108 bytes).
    Removing ff.o(i.f_read), (366 bytes).
    Removing ff.o(i.f_readdir), (90 bytes).
    Removing ff.o(i.f_rename), (284 bytes).
    Removing ff.o(i.f_stat), (70 bytes).
    Removing ff.o(i.f_truncate), (138 bytes).
    Removing ff.o(i.f_unlink), (166 bytes).
    Removing ff.o(i.get_fileinfo), (146 bytes).
    Removing sdmm.o(.rev16_text), (4 bytes).
    Removing sdmm.o(.revsh_text), (4 bytes).
    Removing sdmm.o(.rrx_text), (6 bytes).
    Removing misc.o(.rev16_text), (4 bytes).
    Removing misc.o(.revsh_text), (4 bytes).
    Removing misc.o(.rrx_text), (6 bytes).
    Removing misc.o(i.NVIC_Init), (112 bytes).
    Removing misc.o(i.NVIC_PriorityGroupConfig), (20 bytes).
    Removing misc.o(i.NVIC_SetVectorTable), (20 bytes).
    Removing misc.o(i.NVIC_SystemLPConfig), (32 bytes).
    Removing misc.o(i.SysTick_CLKSourceConfig), (40 bytes).
    Removing stm32f10x_gpio.o(.rev16_text), (4 bytes).
    Removing stm32f10x_gpio.o(.revsh_text), (4 bytes).
    Removing stm32f10x_gpio.o(.rrx_text), (6 bytes).
    Removing stm32f10x_gpio.o(i.GPIO_AFIODeInit), (20 bytes).
    Removing stm32f10x_gpio.o(i.GPIO_DeInit), (200 bytes).
    Removing stm32f10x_gpio.o(i.GPIO_ETH_MediaInterfaceConfig), (12 bytes).
    Removing stm32f10x_gpio.o(i.GPIO_EXTILineConfig), (64 bytes).
    Removing stm32f10x_gpio.o(i.GPIO_EventOutputCmd), (12 bytes).
    Removing stm32f10x_gpio.o(i.GPIO_EventOutputConfig), (32 bytes).
    Removing stm32f10x_gpio.o(i.GPIO_PinLockConfig), (18 bytes).
    Removing stm32f10x_gpio.o(i.GPIO_PinRemapConfig), (144 bytes).
    Removing stm32f10x_gpio.o(i.GPIO_ReadInputData), (8 bytes).
    Removing stm32f10x_gpio.o(i.GPIO_ReadInputDataBit), (18 bytes).
    Removing stm32f10x_gpio.o(i.GPIO_ReadOutputData), (8 bytes).
    Removing stm32f10x_gpio.o(i.GPIO_ReadOutputDataBit), (18 bytes).
    Removing stm32f10x_gpio.o(i.GPIO_StructInit), (16 bytes).
    Removing stm32f10x_gpio.o(i.GPIO_Write), (4 bytes).
    Removing stm32f10x_gpio.o(i.GPIO_WriteBit), (10 bytes).
    Removing stm32f10x_rcc.o(.rev16_text), (4 bytes).
    Removing stm32f10x_rcc.o(.revsh_text), (4 bytes).
    Removing stm32f10x_rcc.o(.rrx_text), (6 bytes).
    Removing stm32f10x_rcc.o(i.RCC_ADCCLKConfig), (24 bytes).
    Removing stm32f10x_rcc.o(i.RCC_AHBPeriphClockCmd), (32 bytes).
    Removing stm32f10x_rcc.o(i.RCC_APB1PeriphResetCmd), (32 bytes).
    Removing stm32f10x_rcc.o(i.RCC_APB2PeriphResetCmd), (32 bytes).
    Removing stm32f10x_rcc.o(i.RCC_AdjustHSICalibrationValue), (24 bytes).
    Removing stm32f10x_rcc.o(i.RCC_BackupResetCmd), (12 bytes).
    Removing stm32f10x_rcc.o(i.RCC_ClearFlag), (20 bytes).
    Removing stm32f10x_rcc.o(i.RCC_ClearITPendingBit), (12 bytes).
    Removing stm32f10x_rcc.o(i.RCC_ClockSecuritySystemCmd), (12 bytes).
    Removing stm32f10x_rcc.o(i.RCC_DeInit), (76 bytes).
    Removing stm32f10x_rcc.o(i.RCC_GetClocksFreq), (212 bytes).
    Removing stm32f10x_rcc.o(i.RCC_GetFlagStatus), (60 bytes).
    Removing stm32f10x_rcc.o(i.RCC_GetITStatus), (24 bytes).
    Removing stm32f10x_rcc.o(i.RCC_GetSYSCLKSource), (16 bytes).
    Removing stm32f10x_rcc.o(i.RCC_HCLKConfig), (24 bytes).
    Removing stm32f10x_rcc.o(i.RCC_HSEConfig), (76 bytes).
    Removing stm32f10x_rcc.o(i.RCC_HSICmd), (12 bytes).
    Removing stm32f10x_rcc.o(i.RCC_ITConfig), (32 bytes).
    Removing stm32f10x_rcc.o(i.RCC_LSEConfig), (52 bytes).
    Removing stm32f10x_rcc.o(i.RCC_LSICmd), (12 bytes).
    Removing stm32f10x_rcc.o(i.RCC_MCOConfig), (12 bytes).
    Removing stm32f10x_rcc.o(i.RCC_PCLK1Config), (24 bytes).
    Removing stm32f10x_rcc.o(i.RCC_PCLK2Config), (24 bytes).
    Removing stm32f10x_rcc.o(i.RCC_PLLCmd), (12 bytes).
    Removing stm32f10x_rcc.o(i.RCC_PLLConfig), (28 bytes).
    Removing stm32f10x_rcc.o(i.RCC_RTCCLKCmd), (12 bytes).
    Removing stm32f10x_rcc.o(i.RCC_RTCCLKConfig), (16 bytes).
    Removing stm32f10x_rcc.o(i.RCC_SYSCLKConfig), (24 bytes).
    Removing stm32f10x_rcc.o(i.RCC_USBCLKConfig), (12 bytes).
    Removing stm32f10x_rcc.o(i.RCC_WaitForHSEStartUp), (56 bytes).
    Removing stm32f10x_rcc.o(.data), (20 bytes).
    Removing stm32f10x_spi.o(.rev16_text), (4 bytes).
    Removing stm32f10x_spi.o(.revsh_text), (4 bytes).
    Removing stm32f10x_spi.o(.rrx_text), (6 bytes).
    Removing stm32f10x_spi.o(i.I2S_Cmd), (24 bytes).
    Removing stm32f10x_spi.o(i.I2S_Init), (232 bytes).
    Removing stm32f10x_spi.o(i.I2S_StructInit), (20 bytes).
    Removing stm32f10x_spi.o(i.SPI_BiDirectionalLineConfig), (28 bytes).
    Removing stm32f10x_spi.o(i.SPI_CalculateCRC), (24 bytes).
    Removing stm32f10x_spi.o(i.SPI_DataSizeConfig), (18 bytes).
    Removing stm32f10x_spi.o(i.SPI_GetCRC), (16 bytes).
    Removing stm32f10x_spi.o(i.SPI_GetCRCPolynomial), (6 bytes).
    Removing stm32f10x_spi.o(i.SPI_I2S_ClearFlag), (6 bytes).
    Removing stm32f10x_spi.o(i.SPI_I2S_ClearITPendingBit), (20 bytes).
    Removing stm32f10x_spi.o(i.SPI_I2S_DMACmd), (18 bytes).
    Removing stm32f10x_spi.o(i.SPI_I2S_DeInit), (88 bytes).
    Removing stm32f10x_spi.o(i.SPI_I2S_GetITStatus), (52 bytes).
    Removing stm32f10x_spi.o(i.SPI_I2S_ITConfig), (32 bytes).
    Removing stm32f10x_spi.o(i.SPI_NSSInternalSoftwareConfig), (30 bytes).
    Removing stm32f10x_spi.o(i.SPI_SSOutputCmd), (24 bytes).
    Removing stm32f10x_spi.o(i.SPI_StructInit), (24 bytes).
    Removing stm32f10x_spi.o(i.SPI_TransmitCRC), (10 bytes).
    Removing stm32f10x_tim.o(.rev16_text), (4 bytes).
    Removing stm32f10x_tim.o(.revsh_text), (4 bytes).
    Removing stm32f10x_tim.o(.rrx_text), (6 bytes).
    Removing stm32f10x_tim.o(i.TI1_Config), (128 bytes).
    Removing stm32f10x_tim.o(i.TI2_Config), (152 bytes).
    Removing stm32f10x_tim.o(i.TI3_Config), (144 bytes).
    Removing stm32f10x_tim.o(i.TI4_Config), (152 bytes).
    Removing stm32f10x_tim.o(i.TIM_ARRPreloadConfig), (24 bytes).
    Removing stm32f10x_tim.o(i.TIM_BDTRConfig), (32 bytes).
    Removing stm32f10x_tim.o(i.TIM_BDTRStructInit), (18 bytes).
    Removing stm32f10x_tim.o(i.TIM_CCPreloadControl), (24 bytes).
    Removing stm32f10x_tim.o(i.TIM_CCxCmd), (30 bytes).
    Removing stm32f10x_tim.o(i.TIM_CCxNCmd), (30 bytes).
    Removing stm32f10x_tim.o(i.TIM_ClearFlag), (6 bytes).
    Removing stm32f10x_tim.o(i.TIM_ClearITPendingBit), (6 bytes).
    Removing stm32f10x_tim.o(i.TIM_ClearOC1Ref), (18 bytes).
    Removing stm32f10x_tim.o(i.TIM_ClearOC2Ref), (24 bytes).
    Removing stm32f10x_tim.o(i.TIM_ClearOC3Ref), (18 bytes).
    Removing stm32f10x_tim.o(i.TIM_ClearOC4Ref), (24 bytes).
    Removing stm32f10x_tim.o(i.TIM_CounterModeConfig), (18 bytes).
    Removing stm32f10x_tim.o(i.TIM_CtrlPWMOutputs), (30 bytes).
    Removing stm32f10x_tim.o(i.TIM_DMACmd), (18 bytes).
    Removing stm32f10x_tim.o(i.TIM_DMAConfig), (10 bytes).
    Removing stm32f10x_tim.o(i.TIM_DeInit), (488 bytes).
    Removing stm32f10x_tim.o(i.TIM_ETRClockMode1Config), (54 bytes).
    Removing stm32f10x_tim.o(i.TIM_ETRClockMode2Config), (32 bytes).
    Removing stm32f10x_tim.o(i.TIM_ETRConfig), (28 bytes).
    Removing stm32f10x_tim.o(i.TIM_EncoderInterfaceConfig), (66 bytes).
    Removing stm32f10x_tim.o(i.TIM_ForcedOC1Config), (18 bytes).
    Removing stm32f10x_tim.o(i.TIM_ForcedOC2Config), (26 bytes).
    Removing stm32f10x_tim.o(i.TIM_ForcedOC3Config), (18 bytes).
    Removing stm32f10x_tim.o(i.TIM_ForcedOC4Config), (26 bytes).
    Removing stm32f10x_tim.o(i.TIM_GenerateEvent), (4 bytes).
    Removing stm32f10x_tim.o(i.TIM_GetCapture1), (6 bytes).
    Removing stm32f10x_tim.o(i.TIM_GetCapture2), (6 bytes).
    Removing stm32f10x_tim.o(i.TIM_GetCapture3), (6 bytes).
    Removing stm32f10x_tim.o(i.TIM_GetCapture4), (8 bytes).
    Removing stm32f10x_tim.o(i.TIM_GetFlagStatus), (18 bytes).
    Removing stm32f10x_tim.o(i.TIM_GetITStatus), (34 bytes).
    Removing stm32f10x_tim.o(i.TIM_GetPrescaler), (6 bytes).
    Removing stm32f10x_tim.o(i.TIM_ICInit), (172 bytes).
    Removing stm32f10x_tim.o(i.TIM_ICStructInit), (18 bytes).
    Removing stm32f10x_tim.o(i.TIM_ITConfig), (18 bytes).
    Removing stm32f10x_tim.o(i.TIM_ITRxExternalClockConfig), (24 bytes).
    Removing stm32f10x_tim.o(i.TIM_InternalClockConfig), (12 bytes).
    Removing stm32f10x_tim.o(i.TIM_OC1FastConfig), (18 bytes).
    Removing stm32f10x_tim.o(i.TIM_OC1Init), (152 bytes).
    Removing stm32f10x_tim.o(i.TIM_OC1NPolarityConfig), (18 bytes).
    Removing stm32f10x_tim.o(i.TIM_OC1PolarityConfig), (18 bytes).
    Removing stm32f10x_tim.o(i.TIM_OC1PreloadConfig), (18 bytes).
    Removing stm32f10x_tim.o(i.TIM_OC2FastConfig), (26 bytes).
    Removing stm32f10x_tim.o(i.TIM_OC2Init), (164 bytes).
    Removing stm32f10x_tim.o(i.TIM_OC2NPolarityConfig), (26 bytes).
    Removing stm32f10x_tim.o(i.TIM_OC2PolarityConfig), (26 bytes).
    Removing stm32f10x_tim.o(i.TIM_OC2PreloadConfig), (26 bytes).
    Removing stm32f10x_tim.o(i.TIM_OC3FastConfig), (18 bytes).
    Removing stm32f10x_tim.o(i.TIM_OC3Init), (160 bytes).
    Removing stm32f10x_tim.o(i.TIM_OC3NPolarityConfig), (26 bytes).
    Removing stm32f10x_tim.o(i.TIM_OC3PolarityConfig), (26 bytes).
    Removing stm32f10x_tim.o(i.TIM_OC3PreloadConfig), (18 bytes).
    Removing stm32f10x_tim.o(i.TIM_OC4FastConfig), (26 bytes).
    Removing stm32f10x_tim.o(i.TIM_OC4Init), (124 bytes).
    Removing stm32f10x_tim.o(i.TIM_OC4PolarityConfig), (26 bytes).
    Removing stm32f10x_tim.o(i.TIM_OC4PreloadConfig), (26 bytes).
    Removing stm32f10x_tim.o(i.TIM_OCStructInit), (20 bytes).
    Removing stm32f10x_tim.o(i.TIM_PWMIConfig), (124 bytes).
    Removing stm32f10x_tim.o(i.TIM_PrescalerConfig), (6 bytes).
    Removing stm32f10x_tim.o(i.TIM_SelectCCDMA), (24 bytes).
    Removing stm32f10x_tim.o(i.TIM_SelectCOM), (24 bytes).
    Removing stm32f10x_tim.o(i.TIM_SelectHallSensor), (24 bytes).
    Removing stm32f10x_tim.o(i.TIM_SelectInputTrigger), (18 bytes).
    Removing stm32f10x_tim.o(i.TIM_SelectMasterSlaveMode), (18 bytes).
    Removing stm32f10x_tim.o(i.TIM_SelectOCxM), (82 bytes).
    Removing stm32f10x_tim.o(i.TIM_SelectOnePulseMode), (18 bytes).
    Removing stm32f10x_tim.o(i.TIM_SelectOutputTrigger), (18 bytes).
    Removing stm32f10x_tim.o(i.TIM_SelectSlaveMode), (18 bytes).
    Removing stm32f10x_tim.o(i.TIM_SetAutoreload), (4 bytes).
    Removing stm32f10x_tim.o(i.TIM_SetClockDivision), (18 bytes).
    Removing stm32f10x_tim.o(i.TIM_SetCompare1), (4 bytes).
    Removing stm32f10x_tim.o(i.TIM_SetCompare2), (4 bytes).
    Removing stm32f10x_tim.o(i.TIM_SetCompare3), (4 bytes).
    Removing stm32f10x_tim.o(i.TIM_SetCompare4), (6 bytes).
    Removing stm32f10x_tim.o(i.TIM_SetIC1Prescaler), (18 bytes).
    Removing stm32f10x_tim.o(i.TIM_SetIC2Prescaler), (26 bytes).
    Removing stm32f10x_tim.o(i.TIM_SetIC3Prescaler), (18 bytes).
    Removing stm32f10x_tim.o(i.TIM_SetIC4Prescaler), (26 bytes).
    Removing stm32f10x_tim.o(i.TIM_TIxExternalClockConfig), (62 bytes).
    Removing stm32f10x_tim.o(i.TIM_TimeBaseStructInit), (18 bytes).
    Removing stm32f10x_tim.o(i.TIM_UpdateDisableConfig), (24 bytes).
    Removing stm32f10x_tim.o(i.TIM_UpdateRequestConfig), (24 bytes).
    Removing system_stm32f10x.o(.rev16_text), (4 bytes).
    Removing system_stm32f10x.o(.revsh_text), (4 bytes).
    Removing system_stm32f10x.o(.rrx_text), (6 bytes).
    Removing system_stm32f10x.o(i.SystemCoreClockUpdate), (164 bytes).

201 unused section(s) (total 8810 bytes) removed from the image.

==============================================================================

Image Symbol Table

    Local Symbols

    Symbol Name                              Value     Ov Type        Size  Object(Section)

    ../clib/angel/boardlib.s                 0x00000000   Number         0  boardinit3.o ABSOLUTE
    ../clib/angel/boardlib.s                 0x00000000   Number         0  boardshut.o ABSOLUTE
    ../clib/angel/boardlib.s                 0x00000000   Number         0  boardinit1.o ABSOLUTE
    ../clib/angel/boardlib.s                 0x00000000   Number         0  boardinit2.o ABSOLUTE
    ../clib/angel/handlers.s                 0x00000000   Number         0  __scatter_copy.o ABSOLUTE
    ../clib/angel/handlers.s                 0x00000000   Number         0  __scatter_zi.o ABSOLUTE
    ../clib/angel/kernel.s                   0x00000000   Number         0  __rtentry.o ABSOLUTE
    ../clib/angel/kernel.s                   0x00000000   Number         0  __rtentry4.o ABSOLUTE
    ../clib/angel/kernel.s                   0x00000000   Number         0  rtexit2.o ABSOLUTE
    ../clib/angel/kernel.s                   0x00000000   Number         0  rtexit.o ABSOLUTE
    ../clib/angel/kernel.s                   0x00000000   Number         0  __rtentry2.o ABSOLUTE
    ../clib/angel/rt.s                       0x00000000   Number         0  rt_raise.o ABSOLUTE
    ../clib/angel/scatter.s                  0x00000000   Number         0  __scatter.o ABSOLUTE
    ../clib/angel/startup.s                  0x00000000   Number         0  __main.o ABSOLUTE
    ../clib/angel/sys.s                      0x00000000   Number         0  use_no_semi.o ABSOLUTE
    ../clib/angel/sys.s                      0x00000000   Number         0  sys_stackheap_outer.o ABSOLUTE
    ../clib/angel/sys.s                      0x00000000   Number         0  indicate_semi.o ABSOLUTE
    ../clib/angel/sys.s                      0x00000000   Number         0  libspace.o ABSOLUTE
    ../clib/angel/sysapp.c                   0x00000000   Number         0  sys_exit.o ABSOLUTE
    ../clib/angel/sysapp.c                   0x00000000   Number         0  sys_command.o ABSOLUTE
    ../clib/angel/sysapp.c                   0x00000000   Number         0  sys_wrch.o ABSOLUTE
    ../clib/armsys.c                         0x00000000   Number         0  _get_argv_nomalloc.o ABSOLUTE
    ../clib/armsys.c                         0x00000000   Number         0  no_argv.o ABSOLUTE
    ../clib/armsys.c                         0x00000000   Number         0  argv_veneer.o ABSOLUTE
    ../clib/armsys.c                         0x00000000   Number         0  argv_veneer.o ABSOLUTE
    ../clib/heapalloc.c                      0x00000000   Number         0  hrguard.o ABSOLUTE
    ../clib/heapaux.c                        0x00000000   Number         0  heapauxi.o ABSOLUTE
    ../clib/libinit.s                        0x00000000   Number         0  libshutdown2.o ABSOLUTE
    ../clib/libinit.s                        0x00000000   Number         0  libshutdown.o ABSOLUTE
    ../clib/libinit.s                        0x00000000   Number         0  libinit.o ABSOLUTE
    ../clib/libinit.s                        0x00000000   Number         0  libinit2.o ABSOLUTE
    ../clib/memcpset.s                       0x00000000   Number         0  rt_memcpy_v6.o ABSOLUTE
    ../clib/memcpset.s                       0x00000000   Number         0  rt_memcpy_w.o ABSOLUTE
    ../clib/memcpset.s                       0x00000000   Number         0  aeabi_memset.o ABSOLUTE
    ../clib/memcpset.s                       0x00000000   Number         0  rt_memclr.o ABSOLUTE
    ../clib/memcpset.s                       0x00000000   Number         0  rt_memclr_w.o ABSOLUTE
    ../clib/signal.c                         0x00000000   Number         0  defsig_rtred_inner.o ABSOLUTE
    ../clib/signal.c                         0x00000000   Number         0  defsig_stak_inner.o ABSOLUTE
    ../clib/signal.c                         0x00000000   Number         0  defsig_fpe_inner.o ABSOLUTE
    ../clib/signal.c                         0x00000000   Number         0  defsig_abrt_inner.o ABSOLUTE
    ../clib/signal.c                         0x00000000   Number         0  defsig_segv_inner.o ABSOLUTE
    ../clib/signal.c                         0x00000000   Number         0  defsig_general.o ABSOLUTE
    ../clib/signal.c                         0x00000000   Number         0  __raise.o ABSOLUTE
    ../clib/signal.c                         0x00000000   Number         0  defsig_rtmem_inner.o ABSOLUTE
    ../clib/signal.c                         0x00000000   Number         0  defsig_cppl_inner.o ABSOLUTE
    ../clib/signal.c                         0x00000000   Number         0  defsig_other.o ABSOLUTE
    ../clib/signal.c                         0x00000000   Number         0  defsig_rtmem_outer.o ABSOLUTE
    ../clib/signal.c                         0x00000000   Number         0  defsig_rtmem_formal.o ABSOLUTE
    ../clib/signal.c                         0x00000000   Number         0  defsig_pvfn_inner.o ABSOLUTE
    ../clib/signal.c                         0x00000000   Number         0  defsig_exit.o ABSOLUTE
    ../clib/signal.s                         0x00000000   Number         0  defsig.o ABSOLUTE
    ../clib/stdlib.c                         0x00000000   Number         0  exit.o ABSOLUTE
    ../clib/string.c                         0x00000000   Number         0  memcmp.o ABSOLUTE
    ../clib/string.c                         0x00000000   Number         0  strchr.o ABSOLUTE
    ../fplib/fpinit.s                        0x00000000   Number         0  fpinit.o ABSOLUTE
    D:/KeliC/Keil/STM32F1xx_DFP/2.4.1/Device/StdPeriph_Driver/src/misc.c 0x00000000   Number         0  misc.o ABSOLUTE
    D:/KeliC/Keil/STM32F1xx_DFP/2.4.1/Device/StdPeriph_Driver/src/stm32f10x_gpio.c 0x00000000   Number         0  stm32f10x_gpio.o ABSOLUTE
    D:/KeliC/Keil/STM32F1xx_DFP/2.4.1/Device/StdPeriph_Driver/src/stm32f10x_rcc.c 0x00000000   Number         0  stm32f10x_rcc.o ABSOLUTE
    D:/KeliC/Keil/STM32F1xx_DFP/2.4.1/Device/StdPeriph_Driver/src/stm32f10x_spi.c 0x00000000   Number         0  stm32f10x_spi.o ABSOLUTE
    D:/KeliC/Keil/STM32F1xx_DFP/2.4.1/Device/StdPeriph_Driver/src/stm32f10x_tim.c 0x00000000   Number         0  stm32f10x_tim.o ABSOLUTE
    D:\KeliC\Keil\STM32F1xx_DFP\2.4.1\Device\StdPeriph_Driver\src\misc.c 0x00000000   Number         0  misc.o ABSOLUTE
    D:\KeliC\Keil\STM32F1xx_DFP\2.4.1\Device\StdPeriph_Driver\src\stm32f10x_gpio.c 0x00000000   Number         0  stm32f10x_gpio.o ABSOLUTE
    D:\KeliC\Keil\STM32F1xx_DFP\2.4.1\Device\StdPeriph_Driver\src\stm32f10x_rcc.c 0x00000000   Number         0  stm32f10x_rcc.o ABSOLUTE
    D:\KeliC\Keil\STM32F1xx_DFP\2.4.1\Device\StdPeriph_Driver\src\stm32f10x_spi.c 0x00000000   Number         0  stm32f10x_spi.o ABSOLUTE
    D:\KeliC\Keil\STM32F1xx_DFP\2.4.1\Device\StdPeriph_Driver\src\stm32f10x_tim.c 0x00000000   Number         0  stm32f10x_tim.o ABSOLUTE
    RTE/Device/STM32F103C8/startup_stm32f10x_md.s 0x00000000   Number         0  startup_stm32f10x_md.o ABSOLUTE
    RTE/Device/STM32F103C8/system_stm32f10x.c 0x00000000   Number         0  system_stm32f10x.o ABSOLUTE
    RTE\Device\STM32F103C8\system_stm32f10x.c 0x00000000   Number         0  system_stm32f10x.o ABSOLUTE
    dc.s                                     0x00000000   Number         0  dc.o ABSOLUTE
    delay.c                                  0x00000000   Number         0  delay.o ABSOLUTE
    delay.c                                  0x00000000   Number         0  delay.o ABSOLUTE
    ff.c                                     0x00000000   Number         0  ff.o ABSOLUTE
    main.c                                   0x00000000   Number         0  main.o ABSOLUTE
    main.c                                   0x00000000   Number         0  main.o ABSOLUTE
    sdmm.c                                   0x00000000   Number         0  sdmm.o ABSOLUTE
    sdmm.c                                   0x00000000   Number         0  sdmm.o ABSOLUTE
    spi.c                                    0x00000000   Number         0  spi.o ABSOLUTE
    spi.c                                    0x00000000   Number         0  spi.o ABSOLUTE
    RESET                                    0x08000000   Section      236  startup_stm32f10x_md.o(RESET)
    !!!main                                  0x080000ec   Section        8  __main.o(!!!main)
    !!!scatter                               0x080000f4   Section       52  __scatter.o(!!!scatter)
    !!handler_copy                           0x08000128   Section       26  __scatter_copy.o(!!handler_copy)
    !!handler_zi                             0x08000144   Section       28  __scatter_zi.o(!!handler_zi)
    .ARM.Collect$$libinit$$00000000          0x08000160   Section        2  libinit.o(.ARM.Collect$$libinit$$00000000)
    .ARM.Collect$$libinit$$00000002          0x08000162   Section        0  libinit2.o(.ARM.Collect$$libinit$$00000002)
    .ARM.Collect$$libinit$$00000004          0x08000162   Section        0  libinit2.o(.ARM.Collect$$libinit$$00000004)
    .ARM.Collect$$libinit$$0000000A          0x08000162   Section        0  libinit2.o(.ARM.Collect$$libinit$$0000000A)
    .ARM.Collect$$libinit$$0000000C          0x08000162   Section        0  libinit2.o(.ARM.Collect$$libinit$$0000000C)
    .ARM.Collect$$libinit$$0000000E          0x08000162   Section        0  libinit2.o(.ARM.Collect$$libinit$$0000000E)
    .ARM.Collect$$libinit$$00000011          0x08000162   Section        0  libinit2.o(.ARM.Collect$$libinit$$00000011)
    .ARM.Collect$$libinit$$00000013          0x08000162   Section        0  libinit2.o(.ARM.Collect$$libinit$$00000013)
    .ARM.Collect$$libinit$$00000015          0x08000162   Section        0  libinit2.o(.ARM.Collect$$libinit$$00000015)
    .ARM.Collect$$libinit$$00000017          0x08000162   Section        0  libinit2.o(.ARM.Collect$$libinit$$00000017)
    .ARM.Collect$$libinit$$00000019          0x08000162   Section        0  libinit2.o(.ARM.Collect$$libinit$$00000019)
    .ARM.Collect$$libinit$$0000001B          0x08000162   Section        0  libinit2.o(.ARM.Collect$$libinit$$0000001B)
    .ARM.Collect$$libinit$$0000001D          0x08000162   Section        0  libinit2.o(.ARM.Collect$$libinit$$0000001D)
    .ARM.Collect$$libinit$$0000001F          0x08000162   Section        0  libinit2.o(.ARM.Collect$$libinit$$0000001F)
    .ARM.Collect$$libinit$$00000021          0x08000162   Section        0  libinit2.o(.ARM.Collect$$libinit$$00000021)
    .ARM.Collect$$libinit$$00000023          0x08000162   Section        0  libinit2.o(.ARM.Collect$$libinit$$00000023)
    .ARM.Collect$$libinit$$00000025          0x08000162   Section        0  libinit2.o(.ARM.Collect$$libinit$$00000025)
    .ARM.Collect$$libinit$$0000002C          0x08000162   Section        0  libinit2.o(.ARM.Collect$$libinit$$0000002C)
    .ARM.Collect$$libinit$$0000002E          0x08000162   Section        0  libinit2.o(.ARM.Collect$$libinit$$0000002E)
    .ARM.Collect$$libinit$$00000030          0x08000162   Section        0  libinit2.o(.ARM.Collect$$libinit$$00000030)
    .ARM.Collect$$libinit$$00000032          0x08000162   Section        0  libinit2.o(.ARM.Collect$$libinit$$00000032)
    .ARM.Collect$$libinit$$00000033          0x08000162   Section        2  libinit2.o(.ARM.Collect$$libinit$$00000033)
    .ARM.Collect$$libshutdown$$00000000      0x08000164   Section        2  libshutdown.o(.ARM.Collect$$libshutdown$$00000000)
    .ARM.Collect$$libshutdown$$00000002      0x08000166   Section        0  libshutdown2.o(.ARM.Collect$$libshutdown$$00000002)
    .ARM.Collect$$libshutdown$$00000004      0x08000166   Section        0  libshutdown2.o(.ARM.Collect$$libshutdown$$00000004)
    .ARM.Collect$$libshutdown$$00000006      0x08000166   Section        0  libshutdown2.o(.ARM.Collect$$libshutdown$$00000006)
    .ARM.Collect$$libshutdown$$00000009      0x08000166   Section        0  libshutdown2.o(.ARM.Collect$$libshutdown$$00000009)
    .ARM.Collect$$libshutdown$$0000000C      0x08000166   Section        0  libshutdown2.o(.ARM.Collect$$libshutdown$$0000000C)
    .ARM.Collect$$libshutdown$$0000000E      0x08000166   Section        0  libshutdown2.o(.ARM.Collect$$libshutdown$$0000000E)
    .ARM.Collect$$libshutdown$$00000011      0x08000166   Section        0  libshutdown2.o(.ARM.Collect$$libshutdown$$00000011)
    .ARM.Collect$$libshutdown$$00000012      0x08000166   Section        2  libshutdown2.o(.ARM.Collect$$libshutdown$$00000012)
    .ARM.Collect$$rtentry$$00000000          0x08000168   Section        0  __rtentry.o(.ARM.Collect$$rtentry$$00000000)
    .ARM.Collect$$rtentry$$00000002          0x08000168   Section        0  __rtentry2.o(.ARM.Collect$$rtentry$$00000002)
    .ARM.Collect$$rtentry$$00000004          0x08000168   Section        6  __rtentry4.o(.ARM.Collect$$rtentry$$00000004)
    .ARM.Collect$$rtentry$$00000009          0x0800016e   Section        0  __rtentry2.o(.ARM.Collect$$rtentry$$00000009)
    .ARM.Collect$$rtentry$$0000000A          0x0800016e   Section        4  __rtentry2.o(.ARM.Collect$$rtentry$$0000000A)
    .ARM.Collect$$rtentry$$0000000C          0x08000172   Section        0  __rtentry2.o(.ARM.Collect$$rtentry$$0000000C)
    .ARM.Collect$$rtentry$$0000000D          0x08000172   Section        8  __rtentry2.o(.ARM.Collect$$rtentry$$0000000D)
    .ARM.Collect$$rtexit$$00000000           0x0800017a   Section        2  rtexit.o(.ARM.Collect$$rtexit$$00000000)
    .ARM.Collect$$rtexit$$00000002           0x0800017c   Section        0  rtexit2.o(.ARM.Collect$$rtexit$$00000002)
    .ARM.Collect$$rtexit$$00000003           0x0800017c   Section        4  rtexit2.o(.ARM.Collect$$rtexit$$00000003)
    .ARM.Collect$$rtexit$$00000004           0x08000180   Section        6  rtexit2.o(.ARM.Collect$$rtexit$$00000004)
    .text                                    0x08000188   Section       64  startup_stm32f10x_md.o(.text)
    .text                                    0x080001c8   Section        0  strchr.o(.text)
    .text                                    0x080001dc   Section        0  memcmp.o(.text)
    .text                                    0x08000234   Section      138  rt_memcpy_v6.o(.text)
    .text                                    0x080002be   Section      100  rt_memcpy_w.o(.text)
    .text                                    0x08000322   Section       16  aeabi_memset.o(.text)
    .text                                    0x08000332   Section       68  rt_memclr.o(.text)
    .text                                    0x08000376   Section       78  rt_memclr_w.o(.text)
    .text                                    0x080003c4   Section        0  heapauxi.o(.text)
    .text                                    0x080003ca   Section       74  sys_stackheap_outer.o(.text)
    .text                                    0x08000414   Section        0  exit.o(.text)
    .text                                    0x08000428   Section        8  libspace.o(.text)
    .text                                    0x08000430   Section        0  sys_exit.o(.text)
    .text                                    0x0800043c   Section        2  use_no_semi.o(.text)
    .text                                    0x0800043e   Section        0  indicate_semi.o(.text)
    i.Delay_Init                             0x0800043e   Section        0  delay.o(i.Delay_Init)
    i.Delay_Ms                               0x08000446   Section        0  delay.o(i.Delay_Ms)
    i.Delay_Us                               0x0800045c   Section        0  delay.o(i.Delay_Us)
    i.GPIO_Init                              0x0800047c   Section        0  stm32f10x_gpio.o(i.GPIO_Init)
    i.GPIO_ResetBits                         0x08000592   Section        0  stm32f10x_gpio.o(i.GPIO_ResetBits)
    i.GPIO_SetBits                           0x08000596   Section        0  stm32f10x_gpio.o(i.GPIO_SetBits)
    i.My_GPIO_Init                           0x0800059c   Section        0  main.o(i.My_GPIO_Init)
    i.My_SPI_Exchange                        0x080005c8   Section        0  spi.o(i.My_SPI_Exchange)
    i.My_SPI_Init                            0x080005f0   Section        0  spi.o(i.My_SPI_Init)
    i.RCC_APB1PeriphClockCmd                 0x080006ac   Section        0  stm32f10x_rcc.o(i.RCC_APB1PeriphClockCmd)
    i.RCC_APB2PeriphClockCmd                 0x080006cc   Section        0  stm32f10x_rcc.o(i.RCC_APB2PeriphClockCmd)
    i.SPI_Cmd                                0x080006ec   Section        0  stm32f10x_spi.o(i.SPI_Cmd)
    i.SPI_I2S_GetFlagStatus                  0x08000704   Section        0  stm32f10x_spi.o(i.SPI_I2S_GetFlagStatus)
    i.SPI_I2S_ReceiveData                    0x08000716   Section        0  stm32f10x_spi.o(i.SPI_I2S_ReceiveData)
    i.SPI_I2S_SendData                       0x0800071c   Section        0  stm32f10x_spi.o(i.SPI_I2S_SendData)
    i.SPI_Init                               0x08000720   Section        0  stm32f10x_spi.o(i.SPI_Init)
    i.SetSysClock                            0x0800075c   Section        0  system_stm32f10x.o(i.SetSysClock)
    SetSysClock                              0x0800075d   Thumb Code     8  system_stm32f10x.o(i.SetSysClock)
    i.SetSysClockTo72                        0x08000764   Section        0  system_stm32f10x.o(i.SetSysClockTo72)
    SetSysClockTo72                          0x08000765   Thumb Code   214  system_stm32f10x.o(i.SetSysClockTo72)
    i.SystemInit                             0x08000844   Section        0  system_stm32f10x.o(i.SystemInit)
    i.TIM_Cmd                                0x080008a4   Section        0  stm32f10x_tim.o(i.TIM_Cmd)
    i.TIM_GetCounter                         0x080008bc   Section        0  stm32f10x_tim.o(i.TIM_GetCounter)
    i.TIM_SetCounter                         0x080008c2   Section        0  stm32f10x_tim.o(i.TIM_SetCounter)
    i.TIM_TimeBaseInit                       0x080008c8   Section        0  stm32f10x_tim.o(i.TIM_TimeBaseInit)
    i.Timer_Init                             0x0800096c   Section        0  delay.o(i.Timer_Init)
    Timer_Init                               0x0800096d   Thumb Code    66  delay.o(i.Timer_Init)
    i.check_fs                               0x080009bc   Section        0  ff.o(i.check_fs)
    check_fs                                 0x080009bd   Thumb Code   210  ff.o(i.check_fs)
    i.clst2sect                              0x08000a9c   Section        0  ff.o(i.clst2sect)
    clst2sect                                0x08000a9d   Thumb Code    26  ff.o(i.clst2sect)
    i.create_chain                           0x08000ab6   Section        0  ff.o(i.create_chain)
    create_chain                             0x08000ab7   Thumb Code   292  ff.o(i.create_chain)
    i.create_name                            0x08000bdc   Section        0  ff.o(i.create_name)
    create_name                              0x08000bdd   Thumb Code   252  ff.o(i.create_name)
    i.dbc_1st                                0x08000ce8   Section        0  ff.o(i.dbc_1st)
    dbc_1st                                  0x08000ce9   Thumb Code    46  ff.o(i.dbc_1st)
    i.dbc_2nd                                0x08000d1c   Section        0  ff.o(i.dbc_2nd)
    dbc_2nd                                  0x08000d1d   Thumb Code    66  ff.o(i.dbc_2nd)
    i.deselect                               0x08000d64   Section        0  sdmm.o(i.deselect)
    deselect                                 0x08000d65   Thumb Code    20  sdmm.o(i.deselect)
    i.dir_alloc                              0x08000d7c   Section        0  ff.o(i.dir_alloc)
    dir_alloc                                0x08000d7d   Thumb Code    96  ff.o(i.dir_alloc)
    i.dir_clear                              0x08000ddc   Section        0  ff.o(i.dir_clear)
    dir_clear                                0x08000ddd   Thumb Code    94  ff.o(i.dir_clear)
    i.dir_find                               0x08000e3a   Section        0  ff.o(i.dir_find)
    dir_find                                 0x08000e3b   Thumb Code   108  ff.o(i.dir_find)
    i.dir_next                               0x08000ea6   Section        0  ff.o(i.dir_next)
    dir_next                                 0x08000ea7   Thumb Code   202  ff.o(i.dir_next)
    i.dir_register                           0x08000f70   Section        0  ff.o(i.dir_register)
    dir_register                             0x08000f71   Thumb Code    66  ff.o(i.dir_register)
    i.dir_sdi                                0x08000fb2   Section        0  ff.o(i.dir_sdi)
    dir_sdi                                  0x08000fb3   Thumb Code   154  ff.o(i.dir_sdi)
    i.disk_initialize                        0x0800104c   Section        0  sdmm.o(i.disk_initialize)
    i.disk_ioctl                             0x0800116c   Section        0  sdmm.o(i.disk_ioctl)
    i.disk_read                              0x08001248   Section        0  sdmm.o(i.disk_read)
    i.disk_status                            0x080012c8   Section        0  sdmm.o(i.disk_status)
    i.disk_write                             0x080012dc   Section        0  sdmm.o(i.disk_write)
    i.dly_us                                 0x08001378   Section        0  sdmm.o(i.dly_us)
    dly_us                                   0x08001379   Thumb Code    12  sdmm.o(i.dly_us)
    i.f_close                                0x08001384   Section        0  ff.o(i.f_close)
    i.f_mount                                0x080013a8   Section        0  ff.o(i.f_mount)
    i.f_open                                 0x08001408   Section        0  ff.o(i.f_open)
    i.f_sync                                 0x080015d8   Section        0  ff.o(i.f_sync)
    i.f_write                                0x08001650   Section        0  ff.o(i.f_write)
    i.find_volume                            0x08001822   Section        0  ff.o(i.find_volume)
    find_volume                              0x08001823   Thumb Code   120  ff.o(i.find_volume)
    i.follow_path                            0x0800189a   Section        0  ff.o(i.follow_path)
    follow_path                              0x0800189b   Thumb Code   158  ff.o(i.follow_path)
    i.get_fat                                0x08001938   Section        0  ff.o(i.get_fat)
    get_fat                                  0x08001939   Thumb Code   224  ff.o(i.get_fat)
    i.get_ldnumber                           0x08001a18   Section        0  ff.o(i.get_ldnumber)
    get_ldnumber                             0x08001a19   Thumb Code    82  ff.o(i.get_ldnumber)
    i.ld_16                                  0x08001a6a   Section        0  ff.o(i.ld_16)
    ld_16                                    0x08001a6b   Thumb Code    12  ff.o(i.ld_16)
    i.ld_32                                  0x08001a76   Section        0  ff.o(i.ld_32)
    ld_32                                    0x08001a77   Thumb Code    24  ff.o(i.ld_32)
    i.ld_clust                               0x08001a8e   Section        0  ff.o(i.ld_clust)
    ld_clust                                 0x08001a8f   Thumb Code    38  ff.o(i.ld_clust)
    i.main                                   0x08001ab4   Section        0  main.o(i.main)
    i.mount_volume                           0x08001b68   Section        0  ff.o(i.mount_volume)
    mount_volume                             0x08001b69   Thumb Code   652  ff.o(i.mount_volume)
    i.move_window                            0x08001e0c   Section        0  ff.o(i.move_window)
    move_window                              0x08001e0d   Thumb Code    52  ff.o(i.move_window)
    i.put_fat                                0x08001e40   Section        0  ff.o(i.put_fat)
    put_fat                                  0x08001e41   Thumb Code   312  ff.o(i.put_fat)
    i.rcvr_datablock                         0x08001f78   Section        0  sdmm.o(i.rcvr_datablock)
    rcvr_datablock                           0x08001f79   Thumb Code    76  sdmm.o(i.rcvr_datablock)
    i.rcvr_mmc                               0x08001fc4   Section        0  sdmm.o(i.rcvr_mmc)
    rcvr_mmc                                 0x08001fc5   Thumb Code    26  sdmm.o(i.rcvr_mmc)
    i.remove_chain                           0x08001fde   Section        0  ff.o(i.remove_chain)
    remove_chain                             0x08001fdf   Thumb Code   154  ff.o(i.remove_chain)
    i.select                                 0x08002078   Section        0  sdmm.o(i.select)
    select                                   0x08002079   Thumb Code    36  sdmm.o(i.select)
    i.send_cmd                               0x080020a0   Section        0  sdmm.o(i.send_cmd)
    send_cmd                                 0x080020a1   Thumb Code   156  sdmm.o(i.send_cmd)
    i.st_16                                  0x0800213c   Section        0  ff.o(i.st_16)
    st_16                                    0x0800213d   Thumb Code    12  ff.o(i.st_16)
    i.st_32                                  0x08002148   Section        0  ff.o(i.st_32)
    st_32                                    0x08002149   Thumb Code    24  ff.o(i.st_32)
    i.st_clust                               0x08002160   Section        0  ff.o(i.st_clust)
    st_clust                                 0x08002161   Thumb Code    36  ff.o(i.st_clust)
    i.sync_fs                                0x08002184   Section        0  ff.o(i.sync_fs)
    sync_fs                                  0x08002185   Thumb Code   132  ff.o(i.sync_fs)
    i.sync_window                            0x08002214   Section        0  ff.o(i.sync_window)
    sync_window                              0x08002215   Thumb Code    74  ff.o(i.sync_window)
    i.validate                               0x0800225e   Section        0  ff.o(i.validate)
    validate                                 0x0800225f   Thumb Code    60  ff.o(i.validate)
    i.wait_ready                             0x0800229a   Section        0  sdmm.o(i.wait_ready)
    wait_ready                               0x0800229b   Thumb Code    50  sdmm.o(i.wait_ready)
    i.xmit_datablock                         0x080022cc   Section        0  sdmm.o(i.xmit_datablock)
    xmit_datablock                           0x080022cd   Thumb Code    78  sdmm.o(i.xmit_datablock)
    i.xmit_mmc                               0x0800231a   Section        0  sdmm.o(i.xmit_mmc)
    xmit_mmc                                 0x0800231b   Thumb Code    26  sdmm.o(i.xmit_mmc)
    .constdata                               0x08002334   Section       10  ff.o(.constdata)
    DbcTbl                                   0x08002334   Data          10  ff.o(.constdata)
    .data                                    0x20000000   Section        6  ff.o(.data)
    FatFs                                    0x20000000   Data           4  ff.o(.data)
    Fsid                                     0x20000004   Data           2  ff.o(.data)
    .data                                    0x20000006   Section        2  sdmm.o(.data)
    Stat                                     0x20000006   Data           1  sdmm.o(.data)
    CardType                                 0x20000007   Data           1  sdmm.o(.data)
    .data                                    0x20000008   Section       20  system_stm32f10x.o(.data)
    .bss                                     0x2000001c   Section      600  main.o(.bss)
    .bss                                     0x20000274   Section       96  libspace.o(.bss)
    HEAP                                     0x200002d8   Section      512  startup_stm32f10x_md.o(HEAP)
    Heap_Mem                                 0x200002d8   Data         512  startup_stm32f10x_md.o(HEAP)
    STACK                                    0x200004d8   Section     1024  startup_stm32f10x_md.o(STACK)
    Stack_Mem                                0x200004d8   Data        1024  startup_stm32f10x_md.o(STACK)
    __initial_sp                             0x200008d8   Data           0  startup_stm32f10x_md.o(STACK)

    Global Symbols

    Symbol Name                              Value     Ov Type        Size  Object(Section)

    BuildAttributes$$THM_ISAv4$P$D$K$B$S$PE$A:L22UL41UL21$X:L11$S22US41US21$IEEE1$IW$USESV6$~STKCKD$USESV7$~SHL$OSPACE$ROPI$EBA8$UX$STANDARDLIB$REQ8$PRES8$EABIv2 0x00000000   Number         0  anon$$obj.o ABSOLUTE
    __ARM_use_no_argv                        0x00000000   Number         0  main.o ABSOLUTE
    __ARM_exceptions_init                     - Undefined Weak Reference
    __alloca_initialize                       - Undefined Weak Reference
    __arm_fini_                               - Undefined Weak Reference
    __arm_preinit_                            - Undefined Weak Reference
    __cpp_initialize__aeabi_                  - Undefined Weak Reference
    __cxa_finalize                            - Undefined Weak Reference
    __rt_locale                               - Undefined Weak Reference
    __sigvec_lookup                           - Undefined Weak Reference
    _atexit_init                              - Undefined Weak Reference
    _call_atexit_fns                          - Undefined Weak Reference
    _clock_init                               - Undefined Weak Reference
    _fp_trap_init                             - Undefined Weak Reference
    _fp_trap_shutdown                         - Undefined Weak Reference
    _get_lc_collate                           - Undefined Weak Reference
    _get_lc_ctype                             - Undefined Weak Reference
    _get_lc_monetary                          - Undefined Weak Reference
    _get_lc_numeric                           - Undefined Weak Reference
    _get_lc_time                              - Undefined Weak Reference
    _getenv_init                              - Undefined Weak Reference
    _handle_redirection                       - Undefined Weak Reference
    _init_alloc                               - Undefined Weak Reference
    _init_user_alloc                          - Undefined Weak Reference
    _initio                                   - Undefined Weak Reference
    _rand_init                                - Undefined Weak Reference
    _signal_finish                            - Undefined Weak Reference
    _signal_init                              - Undefined Weak Reference
    _terminate_alloc                          - Undefined Weak Reference
    _terminate_user_alloc                     - Undefined Weak Reference
    _terminateio                              - Undefined Weak Reference
    __Vectors_Size                           0x000000ec   Number         0  startup_stm32f10x_md.o ABSOLUTE
    __Vectors                                0x08000000   Data           4  startup_stm32f10x_md.o(RESET)
    __Vectors_End                            0x080000ec   Data           0  startup_stm32f10x_md.o(RESET)
    __main                                   0x080000ed   Thumb Code     8  __main.o(!!!main)
    __scatterload                            0x080000f5   Thumb Code     0  __scatter.o(!!!scatter)
    __scatterload_rt2                        0x080000f5   Thumb Code    44  __scatter.o(!!!scatter)
    __scatterload_rt2_thumb_only             0x080000f5   Thumb Code     0  __scatter.o(!!!scatter)
    __scatterload_null                       0x08000103   Thumb Code     0  __scatter.o(!!!scatter)
    __scatterload_copy                       0x08000129   Thumb Code    26  __scatter_copy.o(!!handler_copy)
    __scatterload_zeroinit                   0x08000145   Thumb Code    28  __scatter_zi.o(!!handler_zi)
    __rt_lib_init                            0x08000161   Thumb Code     0  libinit.o(.ARM.Collect$$libinit$$00000000)
    __rt_lib_init_alloca_1                   0x08000163   Thumb Code     0  libinit2.o(.ARM.Collect$$libinit$$0000002E)
    __rt_lib_init_argv_1                     0x08000163   Thumb Code     0  libinit2.o(.ARM.Collect$$libinit$$0000002C)
    __rt_lib_init_atexit_1                   0x08000163   Thumb Code     0  libinit2.o(.ARM.Collect$$libinit$$0000001B)
    __rt_lib_init_clock_1                    0x08000163   Thumb Code     0  libinit2.o(.ARM.Collect$$libinit$$00000021)
    __rt_lib_init_cpp_1                      0x08000163   Thumb Code     0  libinit2.o(.ARM.Collect$$libinit$$00000032)
    __rt_lib_init_exceptions_1               0x08000163   Thumb Code     0  libinit2.o(.ARM.Collect$$libinit$$00000030)
    __rt_lib_init_fp_1                       0x08000163   Thumb Code     0  libinit2.o(.ARM.Collect$$libinit$$00000002)
    __rt_lib_init_fp_trap_1                  0x08000163   Thumb Code     0  libinit2.o(.ARM.Collect$$libinit$$0000001F)
    __rt_lib_init_getenv_1                   0x08000163   Thumb Code     0  libinit2.o(.ARM.Collect$$libinit$$00000023)
    __rt_lib_init_heap_1                     0x08000163   Thumb Code     0  libinit2.o(.ARM.Collect$$libinit$$0000000A)
    __rt_lib_init_lc_collate_1               0x08000163   Thumb Code     0  libinit2.o(.ARM.Collect$$libinit$$00000011)
    __rt_lib_init_lc_ctype_1                 0x08000163   Thumb Code     0  libinit2.o(.ARM.Collect$$libinit$$00000013)
    __rt_lib_init_lc_monetary_1              0x08000163   Thumb Code     0  libinit2.o(.ARM.Collect$$libinit$$00000015)
    __rt_lib_init_lc_numeric_1               0x08000163   Thumb Code     0  libinit2.o(.ARM.Collect$$libinit$$00000017)
    __rt_lib_init_lc_time_1                  0x08000163   Thumb Code     0  libinit2.o(.ARM.Collect$$libinit$$00000019)
    __rt_lib_init_preinit_1                  0x08000163   Thumb Code     0  libinit2.o(.ARM.Collect$$libinit$$00000004)
    __rt_lib_init_rand_1                     0x08000163   Thumb Code     0  libinit2.o(.ARM.Collect$$libinit$$0000000E)
    __rt_lib_init_return                     0x08000163   Thumb Code     0  libinit2.o(.ARM.Collect$$libinit$$00000033)
    __rt_lib_init_signal_1                   0x08000163   Thumb Code     0  libinit2.o(.ARM.Collect$$libinit$$0000001D)
    __rt_lib_init_stdio_1                    0x08000163   Thumb Code     0  libinit2.o(.ARM.Collect$$libinit$$00000025)
    __rt_lib_init_user_alloc_1               0x08000163   Thumb Code     0  libinit2.o(.ARM.Collect$$libinit$$0000000C)
    __rt_lib_shutdown                        0x08000165   Thumb Code     0  libshutdown.o(.ARM.Collect$$libshutdown$$00000000)
    __rt_lib_shutdown_cpp_1                  0x08000167   Thumb Code     0  libshutdown2.o(.ARM.Collect$$libshutdown$$00000004)
    __rt_lib_shutdown_fini_1                 0x08000167   Thumb Code     0  libshutdown2.o(.ARM.Collect$$libshutdown$$00000002)
    __rt_lib_shutdown_fp_trap_1              0x08000167   Thumb Code     0  libshutdown2.o(.ARM.Collect$$libshutdown$$00000009)
    __rt_lib_shutdown_heap_1                 0x08000167   Thumb Code     0  libshutdown2.o(.ARM.Collect$$libshutdown$$00000011)
    __rt_lib_shutdown_return                 0x08000167   Thumb Code     0  libshutdown2.o(.ARM.Collect$$libshutdown$$00000012)
    __rt_lib_shutdown_signal_1               0x08000167   Thumb Code     0  libshutdown2.o(.ARM.Collect$$libshutdown$$0000000C)
    __rt_lib_shutdown_stdio_1                0x08000167   Thumb Code     0  libshutdown2.o(.ARM.Collect$$libshutdown$$00000006)
    __rt_lib_shutdown_user_alloc_1           0x08000167   Thumb Code     0  libshutdown2.o(.ARM.Collect$$libshutdown$$0000000E)
    __rt_entry                               0x08000169   Thumb Code     0  __rtentry.o(.ARM.Collect$$rtentry$$00000000)
    __rt_entry_presh_1                       0x08000169   Thumb Code     0  __rtentry2.o(.ARM.Collect$$rtentry$$00000002)
    __rt_entry_sh                            0x08000169   Thumb Code     0  __rtentry4.o(.ARM.Collect$$rtentry$$00000004)
    __rt_entry_li                            0x0800016f   Thumb Code     0  __rtentry2.o(.ARM.Collect$$rtentry$$0000000A)
    __rt_entry_postsh_1                      0x0800016f   Thumb Code     0  __rtentry2.o(.ARM.Collect$$rtentry$$00000009)
    __rt_entry_main                          0x08000173   Thumb Code     0  __rtentry2.o(.ARM.Collect$$rtentry$$0000000D)
    __rt_entry_postli_1                      0x08000173   Thumb Code     0  __rtentry2.o(.ARM.Collect$$rtentry$$0000000C)
    __rt_exit                                0x0800017b   Thumb Code     0  rtexit.o(.ARM.Collect$$rtexit$$00000000)
    __rt_exit_ls                             0x0800017d   Thumb Code     0  rtexit2.o(.ARM.Collect$$rtexit$$00000003)
    __rt_exit_prels_1                        0x0800017d   Thumb Code     0  rtexit2.o(.ARM.Collect$$rtexit$$00000002)
    __rt_exit_exit                           0x08000181   Thumb Code     0  rtexit2.o(.ARM.Collect$$rtexit$$00000004)
    Reset_Handler                            0x08000189   Thumb Code     8  startup_stm32f10x_md.o(.text)
    NMI_Handler                              0x08000191   Thumb Code     2  startup_stm32f10x_md.o(.text)
    HardFault_Handler                        0x08000193   Thumb Code     2  startup_stm32f10x_md.o(.text)
    MemManage_Handler                        0x08000195   Thumb Code     2  startup_stm32f10x_md.o(.text)
    BusFault_Handler                         0x08000197   Thumb Code     2  startup_stm32f10x_md.o(.text)
    UsageFault_Handler                       0x08000199   Thumb Code     2  startup_stm32f10x_md.o(.text)
    SVC_Handler                              0x0800019b   Thumb Code     2  startup_stm32f10x_md.o(.text)
    DebugMon_Handler                         0x0800019d   Thumb Code     2  startup_stm32f10x_md.o(.text)
    PendSV_Handler                           0x0800019f   Thumb Code     2  startup_stm32f10x_md.o(.text)
    SysTick_Handler                          0x080001a1   Thumb Code     2  startup_stm32f10x_md.o(.text)
    ADC1_2_IRQHandler                        0x080001a3   Thumb Code     0  startup_stm32f10x_md.o(.text)
    CAN1_RX1_IRQHandler                      0x080001a3   Thumb Code     0  startup_stm32f10x_md.o(.text)
    CAN1_SCE_IRQHandler                      0x080001a3   Thumb Code     0  startup_stm32f10x_md.o(.text)
    DMA1_Channel1_IRQHandler                 0x080001a3   Thumb Code     0  startup_stm32f10x_md.o(.text)
    DMA1_Channel2_IRQHandler                 0x080001a3   Thumb Code     0  startup_stm32f10x_md.o(.text)
    DMA1_Channel3_IRQHandler                 0x080001a3   Thumb Code     0  startup_stm32f10x_md.o(.text)
    DMA1_Channel4_IRQHandler                 0x080001a3   Thumb Code     0  startup_stm32f10x_md.o(.text)
    DMA1_Channel5_IRQHandler                 0x080001a3   Thumb Code     0  startup_stm32f10x_md.o(.text)
    DMA1_Channel6_IRQHandler                 0x080001a3   Thumb Code     0  startup_stm32f10x_md.o(.text)
    DMA1_Channel7_IRQHandler                 0x080001a3   Thumb Code     0  startup_stm32f10x_md.o(.text)
    EXTI0_IRQHandler                         0x080001a3   Thumb Code     0  startup_stm32f10x_md.o(.text)
    EXTI15_10_IRQHandler                     0x080001a3   Thumb Code     0  startup_stm32f10x_md.o(.text)
    EXTI1_IRQHandler                         0x080001a3   Thumb Code     0  startup_stm32f10x_md.o(.text)
    EXTI2_IRQHandler                         0x080001a3   Thumb Code     0  startup_stm32f10x_md.o(.text)
    EXTI3_IRQHandler                         0x080001a3   Thumb Code     0  startup_stm32f10x_md.o(.text)
    EXTI4_IRQHandler                         0x080001a3   Thumb Code     0  startup_stm32f10x_md.o(.text)
    EXTI9_5_IRQHandler                       0x080001a3   Thumb Code     0  startup_stm32f10x_md.o(.text)
    FLASH_IRQHandler                         0x080001a3   Thumb Code     0  startup_stm32f10x_md.o(.text)
    I2C1_ER_IRQHandler                       0x080001a3   Thumb Code     0  startup_stm32f10x_md.o(.text)
    I2C1_EV_IRQHandler                       0x080001a3   Thumb Code     0  startup_stm32f10x_md.o(.text)
    I2C2_ER_IRQHandler                       0x080001a3   Thumb Code     0  startup_stm32f10x_md.o(.text)
    I2C2_EV_IRQHandler                       0x080001a3   Thumb Code     0  startup_stm32f10x_md.o(.text)
    PVD_IRQHandler                           0x080001a3   Thumb Code     0  startup_stm32f10x_md.o(.text)
    RCC_IRQHandler                           0x080001a3   Thumb Code     0  startup_stm32f10x_md.o(.text)
    RTCAlarm_IRQHandler                      0x080001a3   Thumb Code     0  startup_stm32f10x_md.o(.text)
    RTC_IRQHandler                           0x080001a3   Thumb Code     0  startup_stm32f10x_md.o(.text)
    SPI1_IRQHandler                          0x080001a3   Thumb Code     0  startup_stm32f10x_md.o(.text)
    SPI2_IRQHandler                          0x080001a3   Thumb Code     0  startup_stm32f10x_md.o(.text)
    TAMPER_IRQHandler                        0x080001a3   Thumb Code     0  startup_stm32f10x_md.o(.text)
    TIM1_BRK_IRQHandler                      0x080001a3   Thumb Code     0  startup_stm32f10x_md.o(.text)
    TIM1_CC_IRQHandler                       0x080001a3   Thumb Code     0  startup_stm32f10x_md.o(.text)
    TIM1_TRG_COM_IRQHandler                  0x080001a3   Thumb Code     0  startup_stm32f10x_md.o(.text)
    TIM1_UP_IRQHandler                       0x080001a3   Thumb Code     0  startup_stm32f10x_md.o(.text)
    TIM2_IRQHandler                          0x080001a3   Thumb Code     0  startup_stm32f10x_md.o(.text)
    TIM3_IRQHandler                          0x080001a3   Thumb Code     0  startup_stm32f10x_md.o(.text)
    TIM4_IRQHandler                          0x080001a3   Thumb Code     0  startup_stm32f10x_md.o(.text)
    USART1_IRQHandler                        0x080001a3   Thumb Code     0  startup_stm32f10x_md.o(.text)
    USART2_IRQHandler                        0x080001a3   Thumb Code     0  startup_stm32f10x_md.o(.text)
    USART3_IRQHandler                        0x080001a3   Thumb Code     0  startup_stm32f10x_md.o(.text)
    USBWakeUp_IRQHandler                     0x080001a3   Thumb Code     0  startup_stm32f10x_md.o(.text)
    USB_HP_CAN1_TX_IRQHandler                0x080001a3   Thumb Code     0  startup_stm32f10x_md.o(.text)
    USB_LP_CAN1_RX0_IRQHandler               0x080001a3   Thumb Code     0  startup_stm32f10x_md.o(.text)
    WWDG_IRQHandler                          0x080001a3   Thumb Code     0  startup_stm32f10x_md.o(.text)
    __user_initial_stackheap                 0x080001a5   Thumb Code     0  startup_stm32f10x_md.o(.text)
    strchr                                   0x080001c9   Thumb Code    20  strchr.o(.text)
    memcmp                                   0x080001dd   Thumb Code    88  memcmp.o(.text)
    __aeabi_memcpy                           0x08000235   Thumb Code     0  rt_memcpy_v6.o(.text)
    __rt_memcpy                              0x08000235   Thumb Code   138  rt_memcpy_v6.o(.text)
    _memcpy_lastbytes                        0x0800029b   Thumb Code     0  rt_memcpy_v6.o(.text)
    __aeabi_memcpy4                          0x080002bf   Thumb Code     0  rt_memcpy_w.o(.text)
    __aeabi_memcpy8                          0x080002bf   Thumb Code     0  rt_memcpy_w.o(.text)
    __rt_memcpy_w                            0x080002bf   Thumb Code   100  rt_memcpy_w.o(.text)
    _memcpy_lastbytes_aligned                0x08000307   Thumb Code     0  rt_memcpy_w.o(.text)
    __aeabi_memset                           0x08000323   Thumb Code    16  aeabi_memset.o(.text)
    __aeabi_memclr                           0x08000333   Thumb Code     0  rt_memclr.o(.text)
    __rt_memclr                              0x08000333   Thumb Code    68  rt_memclr.o(.text)
    _memset                                  0x08000337   Thumb Code     0  rt_memclr.o(.text)
    __aeabi_memclr4                          0x08000377   Thumb Code     0  rt_memclr_w.o(.text)
    __aeabi_memclr8                          0x08000377   Thumb Code     0  rt_memclr_w.o(.text)
    __rt_memclr_w                            0x08000377   Thumb Code    78  rt_memclr_w.o(.text)
    _memset_w                                0x0800037b   Thumb Code     0  rt_memclr_w.o(.text)
    __use_two_region_memory                  0x080003c5   Thumb Code     2  heapauxi.o(.text)
    __rt_heap_escrow$2region                 0x080003c7   Thumb Code     2  heapauxi.o(.text)
    __rt_heap_expand$2region                 0x080003c9   Thumb Code     2  heapauxi.o(.text)
    __user_setup_stackheap                   0x080003cb   Thumb Code    74  sys_stackheap_outer.o(.text)
    exit                                     0x08000415   Thumb Code    18  exit.o(.text)
    __user_libspace                          0x08000429   Thumb Code     8  libspace.o(.text)
    __user_perproc_libspace                  0x08000429   Thumb Code     0  libspace.o(.text)
    __user_perthread_libspace                0x08000429   Thumb Code     0  libspace.o(.text)
    _sys_exit                                0x08000431   Thumb Code     8  sys_exit.o(.text)
    __I$use$semihosting                      0x0800043d   Thumb Code     0  use_no_semi.o(.text)
    __use_no_semihosting_swi                 0x0800043d   Thumb Code     2  use_no_semi.o(.text)
    Delay_Init                               0x0800043f   Thumb Code     8  delay.o(i.Delay_Init)
    __semihosting_library_function           0x0800043f   Thumb Code     0  indicate_semi.o(.text)
    Delay_Ms                                 0x08000447   Thumb Code    22  delay.o(i.Delay_Ms)
    Delay_Us                                 0x0800045d   Thumb Code    26  delay.o(i.Delay_Us)
    GPIO_Init                                0x0800047d   Thumb Code   278  stm32f10x_gpio.o(i.GPIO_Init)
    GPIO_ResetBits                           0x08000593   Thumb Code     4  stm32f10x_gpio.o(i.GPIO_ResetBits)
    GPIO_SetBits                             0x08000597   Thumb Code     4  stm32f10x_gpio.o(i.GPIO_SetBits)
    My_GPIO_Init                             0x0800059d   Thumb Code    40  main.o(i.My_GPIO_Init)
    My_SPI_Exchange                          0x080005c9   Thumb Code    36  spi.o(i.My_SPI_Exchange)
    My_SPI_Init                              0x080005f1   Thumb Code   180  spi.o(i.My_SPI_Init)
    RCC_APB1PeriphClockCmd                   0x080006ad   Thumb Code    26  stm32f10x_rcc.o(i.RCC_APB1PeriphClockCmd)
    RCC_APB2PeriphClockCmd                   0x080006cd   Thumb Code    26  stm32f10x_rcc.o(i.RCC_APB2PeriphClockCmd)
    SPI_Cmd                                  0x080006ed   Thumb Code    24  stm32f10x_spi.o(i.SPI_Cmd)
    SPI_I2S_GetFlagStatus                    0x08000705   Thumb Code    18  stm32f10x_spi.o(i.SPI_I2S_GetFlagStatus)
    SPI_I2S_ReceiveData                      0x08000717   Thumb Code     6  stm32f10x_spi.o(i.SPI_I2S_ReceiveData)
    SPI_I2S_SendData                         0x0800071d   Thumb Code     4  stm32f10x_spi.o(i.SPI_I2S_SendData)
    SPI_Init                                 0x08000721   Thumb Code    60  stm32f10x_spi.o(i.SPI_Init)
    SystemInit                               0x08000845   Thumb Code    78  system_stm32f10x.o(i.SystemInit)
    TIM_Cmd                                  0x080008a5   Thumb Code    24  stm32f10x_tim.o(i.TIM_Cmd)
    TIM_GetCounter                           0x080008bd   Thumb Code     6  stm32f10x_tim.o(i.TIM_GetCounter)
    TIM_SetCounter                           0x080008c3   Thumb Code     4  stm32f10x_tim.o(i.TIM_SetCounter)
    TIM_TimeBaseInit                         0x080008c9   Thumb Code   122  stm32f10x_tim.o(i.TIM_TimeBaseInit)
    disk_initialize                          0x0800104d   Thumb Code   280  sdmm.o(i.disk_initialize)
    disk_ioctl                               0x0800116d   Thumb Code   218  sdmm.o(i.disk_ioctl)
    disk_read                                0x08001249   Thumb Code   122  sdmm.o(i.disk_read)
    disk_status                              0x080012c9   Thumb Code    14  sdmm.o(i.disk_status)
    disk_write                               0x080012dd   Thumb Code   152  sdmm.o(i.disk_write)
    f_close                                  0x08001385   Thumb Code    34  ff.o(i.f_close)
    f_mount                                  0x080013a9   Thumb Code    90  ff.o(i.f_mount)
    f_open                                   0x08001409   Thumb Code   460  ff.o(i.f_open)
    f_sync                                   0x080015d9   Thumb Code   114  ff.o(i.f_sync)
    f_write                                  0x08001651   Thumb Code   466  ff.o(i.f_write)
    main                                     0x08001ab5   Thumb Code   140  main.o(i.main)
    Region$$Table$$Base                      0x08002340   Number         0  anon$$obj.o(Region$$Table)
    Region$$Table$$Limit                     0x08002360   Number         0  anon$$obj.o(Region$$Table)
    SystemCoreClock                          0x20000008   Data           4  system_stm32f10x.o(.data)
    AHBPrescTable                            0x2000000c   Data          16  system_stm32f10x.o(.data)
    FatFs                                    0x2000001c   Data         560  main.o(.bss)
    Fil                                      0x2000024c   Data          40  main.o(.bss)
    __libspace_start                         0x20000274   Data          96  libspace.o(.bss)
    __temporary_stack_top$libspace           0x200002d4   Data           0  libspace.o(.bss)



==============================================================================

Memory Map of the image

  Image Entry point : 0x08000189

  Load Region LR_1 (Base: 0x08000000, Size: 0x0000237c, Max: 0xffffffff, ABSOLUTE)

    Execution Region ER_RO (Exec base: 0x08000000, Load base: 0x08000000, Size: 0x00002360, Max: 0xffffffff, ABSOLUTE)

    Exec Addr    Load Addr    Size         Type   Attr      Idx    E Section Name        Object

    0x08000000   0x08000000   0x000000ec   Data   RO         1634    RESET               startup_stm32f10x_md.o
    0x080000ec   0x080000ec   0x00000008   Code   RO         1703  * !!!main             c_w.l(__main.o)
    0x080000f4   0x080000f4   0x00000034   Code   RO         1862    !!!scatter          c_w.l(__scatter.o)
    0x08000128   0x08000128   0x0000001a   Code   RO         1864    !!handler_copy      c_w.l(__scatter_copy.o)
    0x08000142   0x08000142   0x00000002   PAD
    0x08000144   0x08000144   0x0000001c   Code   RO         1866    !!handler_zi        c_w.l(__scatter_zi.o)
    0x08000160   0x08000160   0x00000002   Code   RO         1730    .ARM.Collect$$libinit$$00000000  c_w.l(libinit.o)
    0x08000162   0x08000162   0x00000000   Code   RO         1737    .ARM.Collect$$libinit$$00000002  c_w.l(libinit2.o)
    0x08000162   0x08000162   0x00000000   Code   RO         1739    .ARM.Collect$$libinit$$00000004  c_w.l(libinit2.o)
    0x08000162   0x08000162   0x00000000   Code   RO         1742    .ARM.Collect$$libinit$$0000000A  c_w.l(libinit2.o)
    0x08000162   0x08000162   0x00000000   Code   RO         1744    .ARM.Collect$$libinit$$0000000C  c_w.l(libinit2.o)
    0x08000162   0x08000162   0x00000000   Code   RO         1746    .ARM.Collect$$libinit$$0000000E  c_w.l(libinit2.o)
    0x08000162   0x08000162   0x00000000   Code   RO         1749    .ARM.Collect$$libinit$$00000011  c_w.l(libinit2.o)
    0x08000162   0x08000162   0x00000000   Code   RO         1751    .ARM.Collect$$libinit$$00000013  c_w.l(libinit2.o)
    0x08000162   0x08000162   0x00000000   Code   RO         1753    .ARM.Collect$$libinit$$00000015  c_w.l(libinit2.o)
    0x08000162   0x08000162   0x00000000   Code   RO         1755    .ARM.Collect$$libinit$$00000017  c_w.l(libinit2.o)
    0x08000162   0x08000162   0x00000000   Code   RO         1757    .ARM.Collect$$libinit$$00000019  c_w.l(libinit2.o)
    0x08000162   0x08000162   0x00000000   Code   RO         1759    .ARM.Collect$$libinit$$0000001B  c_w.l(libinit2.o)
    0x08000162   0x08000162   0x00000000   Code   RO         1761    .ARM.Collect$$libinit$$0000001D  c_w.l(libinit2.o)
    0x08000162   0x08000162   0x00000000   Code   RO         1763    .ARM.Collect$$libinit$$0000001F  c_w.l(libinit2.o)
    0x08000162   0x08000162   0x00000000   Code   RO         1765    .ARM.Collect$$libinit$$00000021  c_w.l(libinit2.o)
    0x08000162   0x08000162   0x00000000   Code   RO         1767    .ARM.Collect$$libinit$$00000023  c_w.l(libinit2.o)
    0x08000162   0x08000162   0x00000000   Code   RO         1769    .ARM.Collect$$libinit$$00000025  c_w.l(libinit2.o)
    0x08000162   0x08000162   0x00000000   Code   RO         1773    .ARM.Collect$$libinit$$0000002C  c_w.l(libinit2.o)
    0x08000162   0x08000162   0x00000000   Code   RO         1775    .ARM.Collect$$libinit$$0000002E  c_w.l(libinit2.o)
    0x08000162   0x08000162   0x00000000   Code   RO         1777    .ARM.Collect$$libinit$$00000030  c_w.l(libinit2.o)
    0x08000162   0x08000162   0x00000000   Code   RO         1779    .ARM.Collect$$libinit$$00000032  c_w.l(libinit2.o)
    0x08000162   0x08000162   0x00000002   Code   RO         1780    .ARM.Collect$$libinit$$00000033  c_w.l(libinit2.o)
    0x08000164   0x08000164   0x00000002   Code   RO         1800    .ARM.Collect$$libshutdown$$00000000  c_w.l(libshutdown.o)
    0x08000166   0x08000166   0x00000000   Code   RO         1813    .ARM.Collect$$libshutdown$$00000002  c_w.l(libshutdown2.o)
    0x08000166   0x08000166   0x00000000   Code   RO         1815    .ARM.Collect$$libshutdown$$00000004  c_w.l(libshutdown2.o)
    0x08000166   0x08000166   0x00000000   Code   RO         1817    .ARM.Collect$$libshutdown$$00000006  c_w.l(libshutdown2.o)
    0x08000166   0x08000166   0x00000000   Code   RO         1820    .ARM.Collect$$libshutdown$$00000009  c_w.l(libshutdown2.o)
    0x08000166   0x08000166   0x00000000   Code   RO         1823    .ARM.Collect$$libshutdown$$0000000C  c_w.l(libshutdown2.o)
    0x08000166   0x08000166   0x00000000   Code   RO         1825    .ARM.Collect$$libshutdown$$0000000E  c_w.l(libshutdown2.o)
    0x08000166   0x08000166   0x00000000   Code   RO         1828    .ARM.Collect$$libshutdown$$00000011  c_w.l(libshutdown2.o)
    0x08000166   0x08000166   0x00000002   Code   RO         1829    .ARM.Collect$$libshutdown$$00000012  c_w.l(libshutdown2.o)
    0x08000168   0x08000168   0x00000000   Code   RO         1705    .ARM.Collect$$rtentry$$00000000  c_w.l(__rtentry.o)
    0x08000168   0x08000168   0x00000000   Code   RO         1707    .ARM.Collect$$rtentry$$00000002  c_w.l(__rtentry2.o)
    0x08000168   0x08000168   0x00000006   Code   RO         1719    .ARM.Collect$$rtentry$$00000004  c_w.l(__rtentry4.o)
    0x0800016e   0x0800016e   0x00000000   Code   RO         1709    .ARM.Collect$$rtentry$$00000009  c_w.l(__rtentry2.o)
    0x0800016e   0x0800016e   0x00000004   Code   RO         1710    .ARM.Collect$$rtentry$$0000000A  c_w.l(__rtentry2.o)
    0x08000172   0x08000172   0x00000000   Code   RO         1712    .ARM.Collect$$rtentry$$0000000C  c_w.l(__rtentry2.o)
    0x08000172   0x08000172   0x00000008   Code   RO         1713    .ARM.Collect$$rtentry$$0000000D  c_w.l(__rtentry2.o)
    0x0800017a   0x0800017a   0x00000002   Code   RO         1734    .ARM.Collect$$rtexit$$00000000  c_w.l(rtexit.o)
    0x0800017c   0x0800017c   0x00000000   Code   RO         1782    .ARM.Collect$$rtexit$$00000002  c_w.l(rtexit2.o)
    0x0800017c   0x0800017c   0x00000004   Code   RO         1783    .ARM.Collect$$rtexit$$00000003  c_w.l(rtexit2.o)
    0x08000180   0x08000180   0x00000006   Code   RO         1784    .ARM.Collect$$rtexit$$00000004  c_w.l(rtexit2.o)
    0x08000186   0x08000186   0x00000002   PAD
    0x08000188   0x08000188   0x00000040   Code   RO         1635  * .text               startup_stm32f10x_md.o
    0x080001c8   0x080001c8   0x00000014   Code   RO         1687    .text               c_w.l(strchr.o)
    0x080001dc   0x080001dc   0x00000058   Code   RO         1689    .text               c_w.l(memcmp.o)
    0x08000234   0x08000234   0x0000008a   Code   RO         1691    .text               c_w.l(rt_memcpy_v6.o)
    0x080002be   0x080002be   0x00000064   Code   RO         1693    .text               c_w.l(rt_memcpy_w.o)
    0x08000322   0x08000322   0x00000010   Code   RO         1695    .text               c_w.l(aeabi_memset.o)
    0x08000332   0x08000332   0x00000044   Code   RO         1697    .text               c_w.l(rt_memclr.o)
    0x08000376   0x08000376   0x0000004e   Code   RO         1699    .text               c_w.l(rt_memclr_w.o)
    0x080003c4   0x080003c4   0x00000006   Code   RO         1701    .text               c_w.l(heapauxi.o)
    0x080003ca   0x080003ca   0x0000004a   Code   RO         1721    .text               c_w.l(sys_stackheap_outer.o)
    0x08000414   0x08000414   0x00000012   Code   RO         1723    .text               c_w.l(exit.o)
    0x08000426   0x08000426   0x00000002   PAD
    0x08000428   0x08000428   0x00000008   Code   RO         1731    .text               c_w.l(libspace.o)
    0x08000430   0x08000430   0x0000000c   Code   RO         1792    .text               c_w.l(sys_exit.o)
    0x0800043c   0x0800043c   0x00000002   Code   RO         1803    .text               c_w.l(use_no_semi.o)
    0x0800043e   0x0800043e   0x00000000   Code   RO         1805    .text               c_w.l(indicate_semi.o)
    0x0800043e   0x0800043e   0x00000008   Code   RO          126    i.Delay_Init        delay.o
    0x08000446   0x08000446   0x00000016   Code   RO          127    i.Delay_Ms          delay.o
    0x0800045c   0x0800045c   0x00000020   Code   RO          128    i.Delay_Us          delay.o
    0x0800047c   0x0800047c   0x00000116   Code   RO          587    i.GPIO_Init         stm32f10x_gpio.o
    0x08000592   0x08000592   0x00000004   Code   RO          594    i.GPIO_ResetBits    stm32f10x_gpio.o
    0x08000596   0x08000596   0x00000004   Code   RO          595    i.GPIO_SetBits      stm32f10x_gpio.o
    0x0800059a   0x0800059a   0x00000002   PAD
    0x0800059c   0x0800059c   0x0000002c   Code   RO            4    i.My_GPIO_Init      main.o
    0x080005c8   0x080005c8   0x00000028   Code   RO           93    i.My_SPI_Exchange   spi.o
    0x080005f0   0x080005f0   0x000000bc   Code   RO           94    i.My_SPI_Init       spi.o
    0x080006ac   0x080006ac   0x00000020   Code   RO          709    i.RCC_APB1PeriphClockCmd  stm32f10x_rcc.o
    0x080006cc   0x080006cc   0x00000020   Code   RO          711    i.RCC_APB2PeriphClockCmd  stm32f10x_rcc.o
    0x080006ec   0x080006ec   0x00000018   Code   RO          924    i.SPI_Cmd           stm32f10x_spi.o
    0x08000704   0x08000704   0x00000012   Code   RO          932    i.SPI_I2S_GetFlagStatus  stm32f10x_spi.o
    0x08000716   0x08000716   0x00000006   Code   RO          935    i.SPI_I2S_ReceiveData  stm32f10x_spi.o
    0x0800071c   0x0800071c   0x00000004   Code   RO          936    i.SPI_I2S_SendData  stm32f10x_spi.o
    0x08000720   0x08000720   0x0000003c   Code   RO          937    i.SPI_Init          stm32f10x_spi.o
    0x0800075c   0x0800075c   0x00000008   Code   RO         1642    i.SetSysClock       system_stm32f10x.o
    0x08000764   0x08000764   0x000000e0   Code   RO         1643    i.SetSysClockTo72   system_stm32f10x.o
    0x08000844   0x08000844   0x00000060   Code   RO         1645    i.SystemInit        system_stm32f10x.o
    0x080008a4   0x080008a4   0x00000018   Code   RO         1091    i.TIM_Cmd           stm32f10x_tim.o
    0x080008bc   0x080008bc   0x00000006   Code   RO         1110    i.TIM_GetCounter    stm32f10x_tim.o
    0x080008c2   0x080008c2   0x00000004   Code   RO         1156    i.TIM_SetCounter    stm32f10x_tim.o
    0x080008c6   0x080008c6   0x00000002   PAD
    0x080008c8   0x080008c8   0x000000a4   Code   RO         1162    i.TIM_TimeBaseInit  stm32f10x_tim.o
    0x0800096c   0x0800096c   0x00000050   Code   RO          129    i.Timer_Init        delay.o
    0x080009bc   0x080009bc   0x000000e0   Code   RO          164    i.check_fs          ff.o
    0x08000a9c   0x08000a9c   0x0000001a   Code   RO          165    i.clst2sect         ff.o
    0x08000ab6   0x08000ab6   0x00000124   Code   RO          166    i.create_chain      ff.o
    0x08000bda   0x08000bda   0x00000002   PAD
    0x08000bdc   0x08000bdc   0x0000010c   Code   RO          167    i.create_name       ff.o
    0x08000ce8   0x08000ce8   0x00000034   Code   RO          168    i.dbc_1st           ff.o
    0x08000d1c   0x08000d1c   0x00000048   Code   RO          169    i.dbc_2nd           ff.o
    0x08000d64   0x08000d64   0x00000018   Code   RO          438    i.deselect          sdmm.o
    0x08000d7c   0x08000d7c   0x00000060   Code   RO          170    i.dir_alloc         ff.o
    0x08000ddc   0x08000ddc   0x0000005e   Code   RO          171    i.dir_clear         ff.o
    0x08000e3a   0x08000e3a   0x0000006c   Code   RO          172    i.dir_find          ff.o
    0x08000ea6   0x08000ea6   0x000000ca   Code   RO          173    i.dir_next          ff.o
    0x08000f70   0x08000f70   0x00000042   Code   RO          175    i.dir_register      ff.o
    0x08000fb2   0x08000fb2   0x0000009a   Code   RO          177    i.dir_sdi           ff.o
    0x0800104c   0x0800104c   0x00000120   Code   RO          439    i.disk_initialize   sdmm.o
    0x0800116c   0x0800116c   0x000000da   Code   RO          440    i.disk_ioctl        sdmm.o
    0x08001246   0x08001246   0x00000002   PAD
    0x08001248   0x08001248   0x00000080   Code   RO          441    i.disk_read         sdmm.o
    0x080012c8   0x080012c8   0x00000014   Code   RO          442    i.disk_status       sdmm.o
    0x080012dc   0x080012dc   0x0000009c   Code   RO          443    i.disk_write        sdmm.o
    0x08001378   0x08001378   0x0000000c   Code   RO          444    i.dly_us            sdmm.o
    0x08001384   0x08001384   0x00000022   Code   RO          178    i.f_close           ff.o
    0x080013a6   0x080013a6   0x00000002   PAD
    0x080013a8   0x080013a8   0x00000060   Code   RO          183    i.f_mount           ff.o
    0x08001408   0x08001408   0x000001d0   Code   RO          184    i.f_open            ff.o
    0x080015d8   0x080015d8   0x00000078   Code   RO          190    i.f_sync            ff.o
    0x08001650   0x08001650   0x000001d2   Code   RO          193    i.f_write           ff.o
    0x08001822   0x08001822   0x00000078   Code   RO          194    i.find_volume       ff.o
    0x0800189a   0x0800189a   0x0000009e   Code   RO          195    i.follow_path       ff.o
    0x08001938   0x08001938   0x000000e0   Code   RO          196    i.get_fat           ff.o
    0x08001a18   0x08001a18   0x00000052   Code   RO          198    i.get_ldnumber      ff.o
    0x08001a6a   0x08001a6a   0x0000000c   Code   RO          199    i.ld_16             ff.o
    0x08001a76   0x08001a76   0x00000018   Code   RO          200    i.ld_32             ff.o
    0x08001a8e   0x08001a8e   0x00000026   Code   RO          201    i.ld_clust          ff.o
    0x08001ab4   0x08001ab4   0x000000b4   Code   RO            5    i.main              main.o
    0x08001b68   0x08001b68   0x000002a4   Code   RO          202    i.mount_volume      ff.o
    0x08001e0c   0x08001e0c   0x00000034   Code   RO          203    i.move_window       ff.o
    0x08001e40   0x08001e40   0x00000138   Code   RO          204    i.put_fat           ff.o
    0x08001f78   0x08001f78   0x0000004c   Code   RO          445    i.rcvr_datablock    sdmm.o
    0x08001fc4   0x08001fc4   0x0000001a   Code   RO          446    i.rcvr_mmc          sdmm.o
    0x08001fde   0x08001fde   0x0000009a   Code   RO          205    i.remove_chain      ff.o
    0x08002078   0x08002078   0x00000028   Code   RO          447    i.select            sdmm.o
    0x080020a0   0x080020a0   0x0000009c   Code   RO          448    i.send_cmd          sdmm.o
    0x0800213c   0x0800213c   0x0000000c   Code   RO          206    i.st_16             ff.o
    0x08002148   0x08002148   0x00000018   Code   RO          207    i.st_32             ff.o
    0x08002160   0x08002160   0x00000024   Code   RO          208    i.st_clust          ff.o
    0x08002184   0x08002184   0x00000090   Code   RO          209    i.sync_fs           ff.o
    0x08002214   0x08002214   0x0000004a   Code   RO          210    i.sync_window       ff.o
    0x0800225e   0x0800225e   0x0000003c   Code   RO          211    i.validate          ff.o
    0x0800229a   0x0800229a   0x00000032   Code   RO          449    i.wait_ready        sdmm.o
    0x080022cc   0x080022cc   0x0000004e   Code   RO          450    i.xmit_datablock    sdmm.o
    0x0800231a   0x0800231a   0x0000001a   Code   RO          451    i.xmit_mmc          sdmm.o
    0x08002334   0x08002334   0x0000000a   Data   RO          212    .constdata          ff.o
    0x0800233e   0x0800233e   0x00000002   PAD
    0x08002340   0x08002340   0x00000020   Data   RO         1860    Region$$Table       anon$$obj.o


    Execution Region ER_RW (Exec base: 0x20000000, Load base: 0x08002360, Size: 0x0000001c, Max: 0xffffffff, ABSOLUTE)

    Exec Addr    Load Addr    Size         Type   Attr      Idx    E Section Name        Object

    0x20000000   0x08002360   0x00000006   Data   RW          213    .data               ff.o
    0x20000006   0x08002366   0x00000002   Data   RW          452    .data               sdmm.o
    0x20000008   0x08002368   0x00000014   Data   RW         1646    .data               system_stm32f10x.o


    Execution Region ER_ZI (Exec base: 0x2000001c, Load base: 0x0800237c, Size: 0x000008bc, Max: 0xffffffff, ABSOLUTE)

    Exec Addr    Load Addr    Size         Type   Attr      Idx    E Section Name        Object

    0x2000001c        -       0x00000258   Zero   RW            6    .bss                main.o
    0x20000274        -       0x00000060   Zero   RW         1732    .bss                c_w.l(libspace.o)
    0x200002d4   0x0800237c   0x00000004   PAD
    0x200002d8        -       0x00000200   Zero   RW         1633    HEAP                startup_stm32f10x_md.o
    0x200004d8        -       0x00000400   Zero   RW         1632    STACK               startup_stm32f10x_md.o


==============================================================================

Image component sizes


      Code (inc. data)   RO Data    RW Data    ZI Data      Debug   Object Name

       142         20          0          0          0       1827   delay.o
      5036         94         10          6          0      40528   ff.o
       224         44          0          0        600     247374   main.o
      1298         32          0          2          0       9850   sdmm.o
       228         12          0          0          0       1088   spi.o
        64         26        236          0       1536        828   startup_stm32f10x_md.o
       286          0          0          0          0       3244   stm32f10x_gpio.o
        64         12          0          0          0       1170   stm32f10x_rcc.o
       112          0          0          0          0       4070   stm32f10x_spi.o
       198         42          0          0          0       3031   stm32f10x_tim.o
       328         28          0         20          0       2433   system_stm32f10x.o

    ----------------------------------------------------------------------
      7990        310        280         28       2136     315443   Object Totals
         0          0         32          0          0          0   (incl. Generated)
        10          0          2          0          0          0   (incl. Padding)

    ----------------------------------------------------------------------

      Code (inc. data)   RO Data    RW Data    ZI Data      Debug   Library Member Name

         8          0          0          0          0         68   __main.o
         0          0          0          0          0          0   __rtentry.o
        12          0          0          0          0          0   __rtentry2.o
         6          0          0          0          0          0   __rtentry4.o
        52          8          0          0          0          0   __scatter.o
        26          0          0          0          0          0   __scatter_copy.o
        28          0          0          0          0          0   __scatter_zi.o
        16          0          0          0          0         68   aeabi_memset.o
        18          0          0          0          0         80   exit.o
         6          0          0          0          0        152   heapauxi.o
         0          0          0          0          0          0   indicate_semi.o
         2          0          0          0          0          0   libinit.o
         2          0          0          0          0          0   libinit2.o
         2          0          0          0          0          0   libshutdown.o
         2          0          0          0          0          0   libshutdown2.o
         8          4          0          0         96         68   libspace.o
        88          0          0          0          0         76   memcmp.o
        68          0          0          0          0         68   rt_memclr.o
        78          0          0          0          0         80   rt_memclr_w.o
       138          0          0          0          0         68   rt_memcpy_v6.o
       100          0          0          0          0         80   rt_memcpy_w.o
         2          0          0          0          0          0   rtexit.o
        10          0          0          0          0          0   rtexit2.o
        20          0          0          0          0         68   strchr.o
        12          4          0          0          0         68   sys_exit.o
        74          0          0          0          0         80   sys_stackheap_outer.o
         2          0          0          0          0         68   use_no_semi.o

    ----------------------------------------------------------------------
       786         16          0          0        100       1092   Library Totals
         6          0          0          0          4          0   (incl. Padding)

    ----------------------------------------------------------------------

      Code (inc. data)   RO Data    RW Data    ZI Data      Debug   Library Name

       780         16          0          0         96       1092   c_w.l

    ----------------------------------------------------------------------
       786         16          0          0        100       1092   Library Totals

    ----------------------------------------------------------------------

==============================================================================


      Code (inc. data)   RO Data    RW Data    ZI Data      Debug   

      8776        326        280         28       2236     312319   Grand Totals
      8776        326        280         28       2236     312319   ELF Image Totals
      8776        326        280         28          0          0   ROM Totals

==============================================================================

    Total RO  Size (Code + RO Data)                 9056 (   8.84kB)
    Total RW  Size (RW Data + ZI Data)              2264 (   2.21kB)
    Total ROM Size (Code + RO Data + RW Data)       9084 (   8.87kB)

==============================================================================

