Component: Arm Compiler for Embedded 6.19 Tool: armlink [5e73cb00]

==============================================================================

Section Cross References

    startup_stm32l476xx.o(STACK) refers (Special) to heapauxi.o(.text) for __use_two_region_memory
    startup_stm32l476xx.o(HEAP) refers (Special) to heapauxi.o(.text) for __use_two_region_memory
    startup_stm32l476xx.o(RESET) refers (Special) to heapauxi.o(.text) for __use_two_region_memory
    startup_stm32l476xx.o(RESET) refers to startup_stm32l476xx.o(STACK) for __initial_sp
    startup_stm32l476xx.o(RESET) refers to startup_stm32l476xx.o(.text) for Reset_Handler
    startup_stm32l476xx.o(RESET) refers to stm32l4xx_it.o(.text.NMI_Handler) for NMI_Handler
    startup_stm32l476xx.o(RESET) refers to stm32l4xx_it.o(.text.HardFault_Handler) for HardFault_Handler
    startup_stm32l476xx.o(RESET) refers to stm32l4xx_it.o(.text.MemManage_Handler) for MemManage_Handler
    startup_stm32l476xx.o(RESET) refers to stm32l4xx_it.o(.text.BusFault_Handler) for BusFault_Handler
    startup_stm32l476xx.o(RESET) refers to stm32l4xx_it.o(.text.UsageFault_Handler) for UsageFault_Handler
    startup_stm32l476xx.o(RESET) refers to stm32l4xx_it.o(.text.SVC_Handler) for SVC_Handler
    startup_stm32l476xx.o(RESET) refers to stm32l4xx_it.o(.text.DebugMon_Handler) for DebugMon_Handler
    startup_stm32l476xx.o(RESET) refers to stm32l4xx_it.o(.text.PendSV_Handler) for PendSV_Handler
    startup_stm32l476xx.o(RESET) refers to stm32l4xx_it.o(.text.SysTick_Handler) for SysTick_Handler
    startup_stm32l476xx.o(.text) refers (Special) to heapauxi.o(.text) for __use_two_region_memory
    startup_stm32l476xx.o(.text) refers to system_stm32l4xx.o(.text.SystemInit) for SystemInit
    startup_stm32l476xx.o(.text) refers to __main.o(!!!main) for __main
    startup_stm32l476xx.o(.text) refers to startup_stm32l476xx.o(HEAP) for Heap_Mem
    startup_stm32l476xx.o(.text) refers to startup_stm32l476xx.o(STACK) for Stack_Mem
    fatfs_sd.o(.text.SD_disk_initialize) refers to fatfs_sd.o(.data.Stat) for Stat
    fatfs_sd.o(.text.SD_disk_initialize) refers to fatfs_sd.o(.text.SD_PowerOn) for SD_PowerOn
    fatfs_sd.o(.text.SD_disk_initialize) refers to stm32l4xx_ll_utils.o(.text.LL_mDelay) for LL_mDelay
    fatfs_sd.o(.text.SD_disk_initialize) refers to fatfs_sd.o(.text.SD_SendCmd) for SD_SendCmd
    fatfs_sd.o(.text.SD_disk_initialize) refers to stm32l4xx_it.o(.bss..L_MergedGlobals) for Timer1
    fatfs_sd.o(.text.SD_disk_initialize) refers to main.o(.text.SPI2_TransmitByte) for SPI2_TransmitByte
    fatfs_sd.o(.text.SD_disk_initialize) refers to main.o(.text.SPI2_ReceiveByte) for SPI2_ReceiveByte
    fatfs_sd.o(.text.SD_disk_initialize) refers to fatfs_sd.o(.bss..L_MergedGlobals) for .L_MergedGlobals
    fatfs_sd.o(.ARM.exidx.text.SD_disk_initialize) refers to fatfs_sd.o(.text.SD_disk_initialize) for [Anonymous Symbol]
    fatfs_sd.o(.text.SD_PowerOn) refers to stm32l4xx_ll_utils.o(.text.LL_mDelay) for LL_mDelay
    fatfs_sd.o(.text.SD_PowerOn) refers to main.o(.text.SPI2_TransmitByte) for SPI2_TransmitByte
    fatfs_sd.o(.text.SD_PowerOn) refers to main.o(.text.SPI2_ReceiveByte) for SPI2_ReceiveByte
    fatfs_sd.o(.text.SD_PowerOn) refers to fatfs_sd.o(.bss..L_MergedGlobals) for .L_MergedGlobals
    fatfs_sd.o(.ARM.exidx.text.SD_PowerOn) refers to fatfs_sd.o(.text.SD_PowerOn) for [Anonymous Symbol]
    fatfs_sd.o(.text.SD_SendCmd) refers to stm32l4xx_it.o(.bss..L_MergedGlobals) for Timer2
    fatfs_sd.o(.text.SD_SendCmd) refers to main.o(.text.SPI2_TransmitByte) for SPI2_TransmitByte
    fatfs_sd.o(.text.SD_SendCmd) refers to main.o(.text.SPI2_ReceiveByte) for SPI2_ReceiveByte
    fatfs_sd.o(.ARM.exidx.text.SD_SendCmd) refers to fatfs_sd.o(.text.SD_SendCmd) for [Anonymous Symbol]
    fatfs_sd.o(.text.SD_disk_status) refers to fatfs_sd.o(.data.Stat) for Stat
    fatfs_sd.o(.ARM.exidx.text.SD_disk_status) refers to fatfs_sd.o(.text.SD_disk_status) for [Anonymous Symbol]
    fatfs_sd.o(.text.SD_disk_read) refers to fatfs_sd.o(.data.Stat) for Stat
    fatfs_sd.o(.text.SD_disk_read) refers to fatfs_sd.o(.bss..L_MergedGlobals) for .L_MergedGlobals
    fatfs_sd.o(.text.SD_disk_read) refers to stm32l4xx_ll_utils.o(.text.LL_mDelay) for LL_mDelay
    fatfs_sd.o(.text.SD_disk_read) refers to fatfs_sd.o(.text.SD_SendCmd) for SD_SendCmd
    fatfs_sd.o(.text.SD_disk_read) refers to fatfs_sd.o(.text.SD_RxDataBlock) for SD_RxDataBlock
    fatfs_sd.o(.text.SD_disk_read) refers to main.o(.text.SPI2_TransmitByte) for SPI2_TransmitByte
    fatfs_sd.o(.text.SD_disk_read) refers to main.o(.text.SPI2_ReceiveByte) for SPI2_ReceiveByte
    fatfs_sd.o(.ARM.exidx.text.SD_disk_read) refers to fatfs_sd.o(.text.SD_disk_read) for [Anonymous Symbol]
    fatfs_sd.o(.text.SD_RxDataBlock) refers to stm32l4xx_it.o(.bss..L_MergedGlobals) for Timer1
    fatfs_sd.o(.text.SD_RxDataBlock) refers to main.o(.text.SPI2_TransmitByte) for SPI2_TransmitByte
[...]
    .text                                    0x08000650   Section        0  _printf_longlong_dec.o(.text)
    _printf_longlong_oct_internal            0x080006cd   Thumb Code     0  _printf_oct_int_ll.o(.text)
    .text                                    0x080006cc   Section        0  _printf_oct_int_ll.o(.text)
    _printf_hex_common                       0x0800073d   Thumb Code     0  _printf_hex_int_ll_ptr.o(.text)
    .text                                    0x0800073c   Section        0  _printf_hex_int_ll_ptr.o(.text)
    .text                                    0x080007d0   Section        0  __printf_flags_ss_wp.o(.text)
    .text                                    0x0800095e   Section      138  lludiv10.o(.text)
    .text                                    0x080009e8   Section        0  _printf_intcommon.o(.text)
    _fp_digits                               0x08000a9b   Thumb Code   432  _printf_fp_dec.o(.text)
    .text                                    0x08000a9a   Section        0  _printf_fp_dec.o(.text)
    .text                                    0x08000ebc   Section        0  _printf_fp_hex.o(.text)
    .text                                    0x080011be   Section        0  _printf_char.o(.text)
    .text                                    0x080011ea   Section        0  _printf_wchar.o(.text)
    .text                                    0x08001216   Section        0  _c16rtomb.o(.text)
    .text                                    0x0800125e   Section       74  sys_stackheap_outer.o(.text)
    .text                                    0x080012a8   Section       16  rt_ctype_table.o(.text)
    .text                                    0x080012b8   Section        8  rt_locale_intlibspace.o(.text)
    .text                                    0x080012c0   Section        0  _printf_fp_infnan.o(.text)
    .text                                    0x08001340   Section        0  bigflt0.o(.text)
    .text                                    0x08001424   Section        0  exit.o(.text)
    .text                                    0x08001438   Section        8  libspace.o(.text)
    .text                                    0x08001440   Section      124  strcmpv7em.o(.text)
    .text                                    0x080014bc   Section        0  sys_exit.o(.text)
    .text                                    0x080014c8   Section        2  use_no_semi.o(.text)
    .text                                    0x080014ca   Section        0  indicate_semi.o(.text)
    [Anonymous Symbol]                       0x080014cc   Section        0  stm32l4xx_it.o(.text.BusFault_Handler)
    [Anonymous Symbol]                       0x080014d0   Section        0  stm32l4xx_it.o(.text.DebugMon_Handler)
    [Anonymous Symbol]                       0x080014d4   Section        0  ff_gen_drv.o(.text.FATFS_LinkDriver)
    [Anonymous Symbol]                       0x08001520   Section        0  stm32l4xx_hal.o(.text.HAL_IncTick)
    [Anonymous Symbol]                       0x0800153c   Section        0  stm32l4xx_hal.o(.text.HAL_Init)
    [Anonymous Symbol]                       0x0800156c   Section        0  stm32l4xx_hal.o(.text.HAL_InitTick)
    [Anonymous Symbol]                       0x080015b8   Section        0  stm32l4xx_hal_msp.o(.text.HAL_MspInit)
    [Anonymous Symbol]                       0x080015ec   Section        0  stm32l4xx_hal_cortex.o(.text.HAL_NVIC_SetPriority)
    [Anonymous Symbol]                       0x08001644   Section        0  stm32l4xx_hal_cortex.o(.text.HAL_NVIC_SetPriorityGrouping)
    [Anonymous Symbol]                       0x08001664   Section        0  stm32l4xx_hal_cortex.o(.text.HAL_SYSTICK_Config)
    [Anonymous Symbol]                       0x08001690   Section        0  stm32l4xx_it.o(.text.HardFault_Handler)
    [Anonymous Symbol]                       0x08001694   Section        0  stm32l4xx_ll_gpio.o(.text.LL_GPIO_Init)
    [Anonymous Symbol]                       0x0800177c   Section        0  stm32l4xx_ll_rcc.o(.text.LL_RCC_GetUARTClockFreq)
    [Anonymous Symbol]                       0x08001814   Section        0  stm32l4xx_ll_rcc.o(.text.LL_RCC_GetUSARTClockFreq)
    [Anonymous Symbol]                       0x080018e4   Section        0  stm32l4xx_ll_spi.o(.text.LL_SPI_Init)
    [Anonymous Symbol]                       0x08001964   Section        0  stm32l4xx_ll_utils.o(.text.LL_SetSystemCoreClock)
    [Anonymous Symbol]                       0x08001970   Section        0  stm32l4xx_ll_tim.o(.text.LL_TIM_Init)
    [Anonymous Symbol]                       0x08001aa8   Section        0  stm32l4xx_ll_usart.o(.text.LL_USART_Init)
    [Anonymous Symbol]                       0x08001ba8   Section        0  stm32l4xx_ll_utils.o(.text.LL_mDelay)
    [Anonymous Symbol]                       0x08001bf0   Section        0  fatfs.o(.text.MX_FATFS_Init)
    [Anonymous Symbol]                       0x08001c0c   Section        0  stm32l4xx_it.o(.text.MemManage_Handler)
    [Anonymous Symbol]                       0x08001c10   Section        0  stm32l4xx_it.o(.text.NMI_Handler)
    [Anonymous Symbol]                       0x08001c14   Section        0  stm32l4xx_it.o(.text.PendSV_Handler)
    RCC_GetSystemClockFreq                   0x08001c19   Thumb Code   266  stm32l4xx_ll_rcc.o(.text.RCC_GetSystemClockFreq)
    [Anonymous Symbol]                       0x08001c18   Section        0  stm32l4xx_ll_rcc.o(.text.RCC_GetSystemClockFreq)
    SD_PowerOn                               0x08001d25   Thumb Code   184  fatfs_sd.o(.text.SD_PowerOn)
    [Anonymous Symbol]                       0x08001d24   Section        0  fatfs_sd.o(.text.SD_PowerOn)
    SD_ReadyWait                             0x08001ddd   Thumb Code    46  fatfs_sd.o(.text.SD_ReadyWait)
    [Anonymous Symbol]                       0x08001ddc   Section        0  fatfs_sd.o(.text.SD_ReadyWait)
    SD_RxDataBlock                           0x08001e0d   Thumb Code    98  fatfs_sd.o(.text.SD_RxDataBlock)
    [Anonymous Symbol]                       0x08001e0c   Section        0  fatfs_sd.o(.text.SD_RxDataBlock)
    SD_SendCmd                               0x08001e71   Thumb Code   302  fatfs_sd.o(.text.SD_SendCmd)
    [Anonymous Symbol]                       0x08001e70   Section        0  fatfs_sd.o(.text.SD_SendCmd)
    SD_TxDataBlock                           0x08001fa1   Thumb Code   152  fatfs_sd.o(.text.SD_TxDataBlock)
    [Anonymous Symbol]                       0x08001fa0   Section        0  fatfs_sd.o(.text.SD_TxDataBlock)
    [Anonymous Symbol]                       0x08002038   Section        0  fatfs_sd.o(.text.SD_disk_initialize)
    [Anonymous Symbol]                       0x080021d8   Section        0  fatfs_sd.o(.text.SD_disk_ioctl)
    [Anonymous Symbol]                       0x080023c0   Section        0  fatfs_sd.o(.text.SD_disk_read)
    [Anonymous Symbol]                       0x08002488   Section        0  fatfs_sd.o(.text.SD_disk_status)
    [Anonymous Symbol]                       0x0800249c   Section        0  fatfs_sd.o(.text.SD_disk_write)
    [Anonymous Symbol]                       0x080025a0   Section        0  main.o(.text.SPI2_ReceiveByte)
    [Anonymous Symbol]                       0x080025e8   Section        0  main.o(.text.SPI2_TransmitByte)
    [Anonymous Symbol]                       0x08002630   Section        0  stm32l4xx_it.o(.text.SVC_Handler)
    [Anonymous Symbol]                       0x08002634   Section        0  stm32l4xx_it.o(.text.SysTick_Handler)
    [Anonymous Symbol]                       0x0800266c   Section        0  main.o(.text.SystemClock_Config)
    [Anonymous Symbol]                       0x080027b4   Section        0  system_stm32l4xx.o(.text.SystemInit)
    [Anonymous Symbol]                       0x080027c8   Section        0  user_diskio.o(.text.USER_initialize)
    [Anonymous Symbol]                       0x080027cc   Section        0  user_diskio.o(.text.USER_ioctl)
    [Anonymous Symbol]                       0x080027d0   Section        0  user_diskio.o(.text.USER_read)
    [Anonymous Symbol]                       0x080027d4   Section        0  user_diskio.o(.text.USER_status)
    [Anonymous Symbol]                       0x080027d8   Section        0  user_diskio.o(.text.USER_write)
    [Anonymous Symbol]                       0x080027dc   Section        0  stm32l4xx_it.o(.text.UsageFault_Handler)
    create_chain                             0x080027e1   Thumb Code   300  ff.o(.text.create_chain)
    [Anonymous Symbol]                       0x080027e0   Section        0  ff.o(.text.create_chain)
    dir_next                                 0x08002915   Thumb Code   372  ff.o(.text.dir_next)
    [Anonymous Symbol]                       0x08002914   Section        0  ff.o(.text.dir_next)
    dir_register                             0x08002a91   Thumb Code   276  ff.o(.text.dir_register)
    [Anonymous Symbol]                       0x08002a90   Section        0  ff.o(.text.dir_register)
    [Anonymous Symbol]                       0x08002ba4   Section        0  diskio.o(.text.disk_initialize)
    [Anonymous Symbol]                       0x08002bc8   Section        0  diskio.o(.text.disk_ioctl)
    [Anonymous Symbol]                       0x08002be0   Section        0  diskio.o(.text.disk_read)
    [Anonymous Symbol]                       0x08002c00   Section        0  diskio.o(.text.disk_status)
    [Anonymous Symbol]                       0x08002c18   Section        0  diskio.o(.text.disk_write)
    [Anonymous Symbol]                       0x08002c38   Section        0  ff.o(.text.f_close)
    [Anonymous Symbol]                       0x08002ca0   Section        0  ff.o(.text.f_getfree)
    [Anonymous Symbol]                       0x08002db0   Section        0  ff.o(.text.f_gets)
    [Anonymous Symbol]                       0x08002e20   Section        0  ff.o(.text.f_mount)
    [Anonymous Symbol]                       0x08002f2c   Section        0  ff.o(.text.f_open)
    [Anonymous Symbol]                       0x0800331c   Section        0  ff.o(.text.f_read)
    [Anonymous Symbol]                       0x0800361c   Section        0  ff.o(.text.f_sync)
    find_volume                              0x080036dd   Thumb Code  1306  ff.o(.text.find_volume)
    [Anonymous Symbol]                       0x080036dc   Section        0  ff.o(.text.find_volume)
    follow_path                              0x08003bf9   Thumb Code  1644  ff.o(.text.follow_path)
    [Anonymous Symbol]                       0x08003bf8   Section        0  ff.o(.text.follow_path)
    get_fat                                  0x0800426d   Thumb Code   208  ff.o(.text.get_fat)
    [Anonymous Symbol]                       0x0800426c   Section        0  ff.o(.text.get_fat)
    [Anonymous Symbol]                       0x0800433c   Section        0  fatfs.o(.text.get_fattime)
    [Anonymous Symbol]                       0x08004340   Section        0  main.o(.text.main)
    move_window                              0x08004695   Thumb Code   128  ff.o(.text.move_window)
    [Anonymous Symbol]                       0x08004694   Section        0  ff.o(.text.move_window)
    [Anonymous Symbol]                       0x08004714   Section        0  main.o(.text.myprintf)
    put_fat                                  0x080047a1   Thumb Code   270  ff.o(.text.put_fat)
    [Anonymous Symbol]                       0x080047a0   Section        0  ff.o(.text.put_fat)
    sync_fs                                  0x080048b1   Thumb Code   204  ff.o(.text.sync_fs)
    [Anonymous Symbol]                       0x080048b0   Section        0  ff.o(.text.sync_fs)
    sync_window                              0x0800497d   Thumb Code    90  ff.o(.text.sync_window)
    [Anonymous Symbol]                       0x0800497c   Section        0  ff.o(.text.sync_window)
    CL$$btod_d2e                             0x080049d6   Section       62  btod.o(CL$$btod_d2e)
    CL$$btod_d2e_denorm_low                  0x08004a14   Section       70  btod.o(CL$$btod_d2e_denorm_low)
    CL$$btod_d2e_norm_op1                    0x08004a5a   Section       96  btod.o(CL$$btod_d2e_norm_op1)
    CL$$btod_div_common                      0x08004abc   Section      824  btod.o(CL$$btod_div_common)
    CL$$btod_e2e                             0x08004df4   Section      220  btod.o(CL$$btod_e2e)
    CL$$btod_ediv                            0x08004ed0   Section       42  btod.o(CL$$btod_ediv)
    CL$$btod_emul                            0x08004efa   Section       42  btod.o(CL$$btod_emul)
    CL$$btod_mult_common                     0x08004f24   Section      580  btod.o(CL$$btod_mult_common)
    i.__ARM_fpclassify                       0x08005168   Section        0  fpclassify.o(i.__ARM_fpclassify)
    i._is_digit                              0x08005198   Section        0  __printf_wp.o(i._is_digit)
    locale$$code                             0x080051a8   Section       44  lc_numeric_c.o(locale$$code)
    locale$$code                             0x080051d4   Section       44  lc_ctype_c.o(locale$$code)
    $v0                                      0x08005200   Number         0  fpinit.o(x$fpl$fpinit)
    x$fpl$fpinit                             0x08005200   Section       26  fpinit.o(x$fpl$fpinit)
    $v0                                      0x0800521a   Number         0  printf1.o(x$fpl$printf1)
    x$fpl$printf1                            0x0800521a   Section        4  printf1.o(x$fpl$printf1)
    $v0                                      0x0800521e   Number         0  printf2.o(x$fpl$printf2)
    x$fpl$printf2                            0x0800521e   Section        4  printf2.o(x$fpl$printf2)
    x$fpl$usenofp                            0x08005222   Section        0  usenofp.o(x$fpl$usenofp)
    initial_mbstate                          0x08005224   Data           8  _printf_wctomb.o(.constdata)
    .constdata                               0x08005224   Section        8  _printf_wctomb.o(.constdata)
    uc_hextab                                0x0800522c   Data          20  _printf_hex_int_ll_ptr.o(.constdata)
    .constdata                               0x0800522c   Section       40  _printf_hex_int_ll_ptr.o(.constdata)
    lc_hextab                                0x08005240   Data          20  _printf_hex_int_ll_ptr.o(.constdata)
    maptable                                 0x08005254   Data          17  __printf_flags_ss_wp.o(.constdata)
    .constdata                               0x08005254   Section       17  __printf_flags_ss_wp.o(.constdata)
    lc_hextab                                0x08005265   Data          19  _printf_fp_hex.o(.constdata)
    .constdata                               0x08005265   Section       38  _printf_fp_hex.o(.constdata)
    uc_hextab                                0x08005278   Data          19  _printf_fp_hex.o(.constdata)
    tenpwrs_x                                0x0800528c   Data          60  bigflt0.o(.constdata)
    .constdata                               0x0800528c   Section      148  bigflt0.o(.constdata)
    tenpwrs_i                                0x080052c8   Data          64  bigflt0.o(.constdata)
    ExCvt                                    0x08005338   Data         128  ff.o(.rodata.ExCvt)
    [Anonymous Symbol]                       0x08005338   Section        0  ff.o(.rodata.ExCvt)
    .L.str.7                                 0x080053e8   Data          45  main.o(.rodata.str1.1)
    [Anonymous Symbol]                       0x080053e8   Section        0  main.o(.rodata.str1.1)
    .L.str.4                                 0x08005415   Data          69  main.o(.rodata.str1.1)
    .L.str.1                                 0x0800545a   Data           2  main.o(.rodata.str1.1)
    locale$$data                             0x0800547c   Section       28  lc_numeric_c.o(locale$$data)
    __lcnum_c_name                           0x08005480   Data           2  lc_numeric_c.o(locale$$data)
    __lcnum_c_start                          0x08005488   Data           0  lc_numeric_c.o(locale$$data)
    __lcnum_c_point                          0x08005494   Data           0  lc_numeric_c.o(locale$$data)
    __lcnum_c_thousands                      0x08005496   Data           0  lc_numeric_c.o(locale$$data)
    __lcnum_c_grouping                       0x08005497   Data           0  lc_numeric_c.o(locale$$data)
    __lcnum_c_end                            0x08005498   Data           0  lc_numeric_c.o(locale$$data)
    locale$$data                             0x08005498   Section      272  lc_ctype_c.o(locale$$data)
    __lcctype_c_name                         0x0800549c   Data           2  lc_ctype_c.o(locale$$data)
    __lcctype_c_start                        0x080054a4   Data           0  lc_ctype_c.o(locale$$data)
    __lcctype_c_end                          0x080055a8   Data           0  lc_ctype_c.o(locale$$data)
    .L_MergedGlobals                         0x20000000   Data           8  stm32l4xx_hal.o(.data..L_MergedGlobals)
    [Anonymous Symbol]                       0x20000000   Section        0  stm32l4xx_hal.o(.data..L_MergedGlobals)
    Stat                                     0x20000008   Data           1  fatfs_sd.o(.data.Stat)
    [Anonymous Symbol]                       0x20000008   Section        0  fatfs_sd.o(.data.Stat)
    .bss                                     0x20000028   Section       96  libspace.o(.bss)
    .L_MergedGlobals                         0x20000088   Data           2  fatfs_sd.o(.bss..L_MergedGlobals)
    CardType                                 0x20000088   Data           1  fatfs_sd.o(.bss..L_MergedGlobals)
    [Anonymous Symbol]                       0x20000088   Section        0  fatfs_sd.o(.bss..L_MergedGlobals)
    PowerFlag                                0x20000089   Data           1  fatfs_sd.o(.bss..L_MergedGlobals)
    .L_MergedGlobals                         0x2000008a   Data           5  fatfs.o(.bss..L_MergedGlobals)
    [Anonymous Symbol]                       0x2000008a   Section        0  fatfs.o(.bss..L_MergedGlobals)
    .L_MergedGlobals                         0x20000090   Data           6  stm32l4xx_it.o(.bss..L_MergedGlobals)
    [Anonymous Symbol]                       0x20000090   Section        0  stm32l4xx_it.o(.bss..L_MergedGlobals)
    .L_MergedGlobals                         0x20000098   Data          40  ff.o(.bss..L_MergedGlobals)
    Fsid                                     0x20000098   Data           2  ff.o(.bss..L_MergedGlobals)
    [Anonymous Symbol]                       0x20000098   Section        0  ff.o(.bss..L_MergedGlobals)
    FatFs.0                                  0x2000009c   Data           4  ff.o(.bss..L_MergedGlobals)
    Files                                    0x200000a0   Data          32  ff.o(.bss..L_MergedGlobals)
    myprintf.buffer                          0x200000cc   Data         256  main.o(.bss.myprintf.buffer)
    [Anonymous Symbol]                       0x200000cc   Section        0  main.o(.bss.myprintf.buffer)
    Heap_Mem                                 0x200001d0   Data         512  startup_stm32l476xx.o(HEAP)
    HEAP                                     0x200001d0   Section      512  startup_stm32l476xx.o(HEAP)
    Stack_Mem                                0x200003d0   Data        1024  startup_stm32l476xx.o(STACK)
    STACK                                    0x200003d0   Section     1024  startup_stm32l476xx.o(STACK)
    __initial_sp                             0x200007d0   Data           0  startup_stm32l476xx.o(STACK)

    Global Symbols

    Symbol Name                              Value     Ov Type        Size  Object(Section)

    BuildAttributes$$THM_ISAv4$E$P$D$K$B$S$7EM$VFPi3$EXTD16$VFPS$VFMA$PE$A:L22UL41UL21$X:L11$S22US41US21$IEEE1$IW$~IW$USESV6$~STKCKD$USESV7$~SHL$OTIME$ROPI$IEEEJ$EBA8$UX$STANDARDLIB$REQ8$PRES8$EABIv2 0x00000000   Number         0  anon$$obj.o ABSOLUTE
    _printf_flags                            0x00000000   Number         0  printf_stubs.o ABSOLUTE
    _printf_return_value                     0x00000000   Number         0  printf_stubs.o ABSOLUTE
    _printf_sizespec                         0x00000000   Number         0  printf_stubs.o ABSOLUTE
    _printf_widthprec                        0x00000000   Number         0  printf_stubs.o ABSOLUTE
    __ARM_exceptions_init                     - Undefined Weak Reference
    __alloca_initialize                       - Undefined Weak Reference
    __arm_preinit_                            - Undefined Weak Reference
    __arm_relocate_pie_                       - Undefined Weak Reference
    __cpp_initialize__aeabi_                  - Undefined Weak Reference
    __cxa_finalize                            - Undefined Weak Reference
    __sigvec_lookup                           - Undefined Weak Reference
    _atexit_init                              - Undefined Weak Reference
    _call_atexit_fns                          - Undefined Weak Reference
    _clock_init                               - Undefined Weak Reference
    _fp_trap_init                             - Undefined Weak Reference
    _fp_trap_shutdown                         - Undefined Weak Reference
    _get_lc_collate                           - Undefined Weak Reference
    _get_lc_monetary                          - Undefined Weak Reference
    _get_lc_time                              - Undefined Weak Reference
    _getenv_init                              - Undefined Weak Reference
    _handle_redirection                       - Undefined Weak Reference
    _init_alloc                               - Undefined Weak Reference
    _init_user_alloc                          - Undefined Weak Reference
    _initio                                   - Undefined Weak Reference
    _printf_mbtowc                            - Undefined Weak Reference
    _printf_wc                                - Undefined Weak Reference
    _rand_init                                - Undefined Weak Reference
    _signal_finish                            - Undefined Weak Reference
    _signal_init                              - Undefined Weak Reference
    _terminate_alloc                          - Undefined Weak Reference
    _terminate_user_alloc                     - Undefined Weak Reference
    _terminateio                              - Undefined Weak Reference
    __Vectors_Size                           0x00000188   Number         0  startup_stm32l476xx.o ABSOLUTE
    __Vectors                                0x08000000   Data           4  startup_stm32l476xx.o(RESET)
    __Vectors_End                            0x08000188   Data           0  startup_stm32l476xx.o(RESET)
    __main                                   0x08000189   Thumb Code     8  __main.o(!!!main)
    __scatterload                            0x08000191   Thumb Code     0  __scatter.o(!!!scatter)
    __scatterload_rt2                        0x08000191   Thumb Code    44  __scatter.o(!!!scatter)
    __scatterload_rt2_thumb_only             0x08000191   Thumb Code     0  __scatter.o(!!!scatter)
    __scatterload_null                       0x0800019f   Thumb Code     0  __scatter.o(!!!scatter)
    __scatterload_copy                       0x080001c5   Thumb Code    26  __scatter_copy.o(!!handler_copy)
    __scatterload_zeroinit                   0x080001e1   Thumb Code    28  __scatter_zi.o(!!handler_zi)
    _printf_n                                0x080001fd   Thumb Code     0  _printf_n.o(.ARM.Collect$$_printf_percent$$00000001)
    _printf_percent                          0x080001fd   Thumb Code     0  _printf_percent.o(.ARM.Collect$$_printf_percent$$00000000)
    _printf_p                                0x08000203   Thumb Code     0  _printf_p.o(.ARM.Collect$$_printf_percent$$00000002)
    _printf_f                                0x08000209   Thumb Code     0  _printf_f.o(.ARM.Collect$$_printf_percent$$00000003)
    _printf_e                                0x0800020f   Thumb Code     0  _printf_e.o(.ARM.Collect$$_printf_percent$$00000004)
    _printf_g                                0x08000215   Thumb Code     0  _printf_g.o(.ARM.Collect$$_printf_percent$$00000005)
    _printf_a                                0x0800021b   Thumb Code     0  _printf_a.o(.ARM.Collect$$_printf_percent$$00000006)
    _printf_ll                               0x08000221   Thumb Code     0  _printf_ll.o(.ARM.Collect$$_printf_percent$$00000007)
    _printf_i                                0x0800022b   Thumb Code     0  _printf_i.o(.ARM.Collect$$_printf_percent$$00000008)
    _printf_d                                0x08000231   Thumb Code     0  _printf_d.o(.ARM.Collect$$_printf_percent$$00000009)
    _printf_u                                0x08000237   Thumb Code     0  _printf_u.o(.ARM.Collect$$_printf_percent$$0000000A)
    _printf_o                                0x0800023d   Thumb Code     0  _printf_o.o(.ARM.Collect$$_printf_percent$$0000000B)
    _printf_x                                0x08000243   Thumb Code     0  _printf_x.o(.ARM.Collect$$_printf_percent$$0000000C)
    _printf_lli                              0x08000249   Thumb Code     0  _printf_lli.o(.ARM.Collect$$_printf_percent$$0000000D)
    _printf_lld                              0x0800024f   Thumb Code     0  _printf_lld.o(.ARM.Collect$$_printf_percent$$0000000E)
    _printf_llu                              0x08000255   Thumb Code     0  _printf_llu.o(.ARM.Collect$$_printf_percent$$0000000F)
    _printf_llo                              0x0800025b   Thumb Code     0  _printf_llo.o(.ARM.Collect$$_printf_percent$$00000010)
    _printf_llx                              0x08000261   Thumb Code     0  _printf_llx.o(.ARM.Collect$$_printf_percent$$00000011)
    _printf_l                                0x08000267   Thumb Code     0  _printf_l.o(.ARM.Collect$$_printf_percent$$00000012)
    _printf_c                                0x08000271   Thumb Code     0  _printf_c.o(.ARM.Collect$$_printf_percent$$00000013)
    _printf_s                                0x08000277   Thumb Code     0  _printf_s.o(.ARM.Collect$$_printf_percent$$00000014)
    _printf_lc                               0x0800027d   Thumb Code     0  _printf_lc.o(.ARM.Collect$$_printf_percent$$00000015)
    _printf_ls                               0x08000283   Thumb Code     0  _printf_ls.o(.ARM.Collect$$_printf_percent$$00000016)
    _printf_percent_end                      0x08000289   Thumb Code     0  _printf_percent_end.o(.ARM.Collect$$_printf_percent$$00000017)
    __rt_lib_init                            0x0800028d   Thumb Code     0  libinit.o(.ARM.Collect$$libinit$$00000000)
    __rt_lib_init_fp_1                       0x0800028f   Thumb Code     0  libinit2.o(.ARM.Collect$$libinit$$00000001)
    __rt_lib_init_heap_1                     0x08000293   Thumb Code     0  libinit2.o(.ARM.Collect$$libinit$$0000000C)
    __rt_lib_init_lc_common                  0x08000293   Thumb Code     0  libinit2.o(.ARM.Collect$$libinit$$00000011)
    __rt_lib_init_preinit_1                  0x08000293   Thumb Code     0  libinit2.o(.ARM.Collect$$libinit$$00000006)
    __rt_lib_init_rand_1                     0x08000293   Thumb Code     0  libinit2.o(.ARM.Collect$$libinit$$00000010)
    __rt_lib_init_relocate_pie_1             0x08000293   Thumb Code     0  libinit2.o(.ARM.Collect$$libinit$$00000004)
    __rt_lib_init_user_alloc_1               0x08000293   Thumb Code     0  libinit2.o(.ARM.Collect$$libinit$$0000000E)
    __rt_lib_init_lc_collate_1               0x08000299   Thumb Code     0  libinit2.o(.ARM.Collect$$libinit$$00000013)
    __rt_lib_init_lc_ctype_2                 0x08000299   Thumb Code     0  libinit2.o(.ARM.Collect$$libinit$$00000014)
    __rt_lib_init_lc_ctype_1                 0x080002a5   Thumb Code     0  libinit2.o(.ARM.Collect$$libinit$$00000015)
    __rt_lib_init_lc_monetary_1              0x080002a5   Thumb Code     0  libinit2.o(.ARM.Collect$$libinit$$00000017)
    __rt_lib_init_lc_numeric_2               0x080002a5   Thumb Code     0  libinit2.o(.ARM.Collect$$libinit$$00000018)
    __rt_lib_init_alloca_1                   0x080002af   Thumb Code     0  libinit2.o(.ARM.Collect$$libinit$$00000030)
    __rt_lib_init_argv_1                     0x080002af   Thumb Code     0  libinit2.o(.ARM.Collect$$libinit$$0000002E)
    __rt_lib_init_atexit_1                   0x080002af   Thumb Code     0  libinit2.o(.ARM.Collect$$libinit$$0000001D)
    __rt_lib_init_clock_1                    0x080002af   Thumb Code     0  libinit2.o(.ARM.Collect$$libinit$$00000023)
    __rt_lib_init_cpp_1                      0x080002af   Thumb Code     0  libinit2.o(.ARM.Collect$$libinit$$00000034)
    __rt_lib_init_exceptions_1               0x080002af   Thumb Code     0  libinit2.o(.ARM.Collect$$libinit$$00000032)
    __rt_lib_init_fp_trap_1                  0x080002af   Thumb Code     0  libinit2.o(.ARM.Collect$$libinit$$00000021)
    __rt_lib_init_getenv_1                   0x080002af   Thumb Code     0  libinit2.o(.ARM.Collect$$libinit$$00000025)
    __rt_lib_init_lc_numeric_1               0x080002af   Thumb Code     0  libinit2.o(.ARM.Collect$$libinit$$00000019)
    __rt_lib_init_lc_time_1                  0x080002af   Thumb Code     0  libinit2.o(.ARM.Collect$$libinit$$0000001B)
    __rt_lib_init_return                     0x080002af   Thumb Code     0  libinit2.o(.ARM.Collect$$libinit$$00000035)
    __rt_lib_init_signal_1                   0x080002af   Thumb Code     0  libinit2.o(.ARM.Collect$$libinit$$0000001F)
    __rt_lib_init_stdio_1                    0x080002af   Thumb Code     0  libinit2.o(.ARM.Collect$$libinit$$00000027)
    __rt_lib_shutdown                        0x080002b1   Thumb Code     0  libshutdown.o(.ARM.Collect$$libshutdown$$00000000)
    __rt_lib_shutdown_cpp_1                  0x080002b3   Thumb Code     0  libshutdown2.o(.ARM.Collect$$libshutdown$$00000002)
    __rt_lib_shutdown_fp_trap_1              0x080002b3   Thumb Code     0  libshutdown2.o(.ARM.Collect$$libshutdown$$00000007)
    __rt_lib_shutdown_heap_1                 0x080002b3   Thumb Code     0  libshutdown2.o(.ARM.Collect$$libshutdown$$0000000F)
    __rt_lib_shutdown_return                 0x080002b3   Thumb Code     0  libshutdown2.o(.ARM.Collect$$libshutdown$$00000010)
    __rt_lib_shutdown_signal_1               0x080002b3   Thumb Code     0  libshutdown2.o(.ARM.Collect$$libshutdown$$0000000A)
    __rt_lib_shutdown_stdio_1                0x080002b3   Thumb Code     0  libshutdown2.o(.ARM.Collect$$libshutdown$$00000004)
    __rt_lib_shutdown_user_alloc_1           0x080002b3   Thumb Code     0  libshutdown2.o(.ARM.Collect$$libshutdown$$0000000C)
    __rt_entry                               0x080002b5   Thumb Code     0  __rtentry.o(.ARM.Collect$$rtentry$$00000000)
    __rt_entry_presh_1                       0x080002b5   Thumb Code     0  __rtentry2.o(.ARM.Collect$$rtentry$$00000002)
    __rt_entry_sh                            0x080002b5   Thumb Code     0  __rtentry4.o(.ARM.Collect$$rtentry$$00000004)
    __rt_entry_li                            0x080002bb   Thumb Code     0  __rtentry2.o(.ARM.Collect$$rtentry$$0000000A)
    __rt_entry_postsh_1                      0x080002bb   Thumb Code     0  __rtentry2.o(.ARM.Collect$$rtentry$$00000009)
    __rt_entry_main                          0x080002bf   Thumb Code     0  __rtentry2.o(.ARM.Collect$$rtentry$$0000000D)
    __rt_entry_postli_1                      0x080002bf   Thumb Code     0  __rtentry2.o(.ARM.Collect$$rtentry$$0000000C)
    __rt_exit                                0x080002c7   Thumb Code     0  rtexit.o(.ARM.Collect$$rtexit$$00000000)
    __rt_exit_ls                             0x080002c9   Thumb Code     0  rtexit2.o(.ARM.Collect$$rtexit$$00000003)
    __rt_exit_prels_1                        0x080002c9   Thumb Code     0  rtexit2.o(.ARM.Collect$$rtexit$$00000002)
    __rt_exit_exit                           0x080002cd   Thumb Code     0  rtexit2.o(.ARM.Collect$$rtexit$$00000004)
    Reset_Handler                            0x080002d5   Thumb Code     8  startup_stm32l476xx.o(.text)
    ADC1_2_IRQHandler                        0x080002ef   Thumb Code     0  startup_stm32l476xx.o(.text)
    ADC3_IRQHandler                          0x080002ef   Thumb Code     0  startup_stm32l476xx.o(.text)
    CAN1_RX0_IRQHandler                      0x080002ef   Thumb Code     0  startup_stm32l476xx.o(.text)
    CAN1_RX1_IRQHandler                      0x080002ef   Thumb Code     0  startup_stm32l476xx.o(.text)
    CAN1_SCE_IRQHandler                      0x080002ef   Thumb Code     0  startup_stm32l476xx.o(.text)
    CAN1_TX_IRQHandler                       0x080002ef   Thumb Code     0  startup_stm32l476xx.o(.text)
    COMP_IRQHandler                          0x080002ef   Thumb Code     0  startup_stm32l476xx.o(.text)
    DFSDM1_FLT0_IRQHandler                   0x080002ef   Thumb Code     0  startup_stm32l476xx.o(.text)
    DFSDM1_FLT1_IRQHandler                   0x080002ef   Thumb Code     0  startup_stm32l476xx.o(.text)
    DFSDM1_FLT2_IRQHandler                   0x080002ef   Thumb Code     0  startup_stm32l476xx.o(.text)
    DFSDM1_FLT3_IRQHandler                   0x080002ef   Thumb Code     0  startup_stm32l476xx.o(.text)
    DMA1_Channel1_IRQHandler                 0x080002ef   Thumb Code     0  startup_stm32l476xx.o(.text)
    DMA1_Channel2_IRQHandler                 0x080002ef   Thumb Code     0  startup_stm32l476xx.o(.text)
    DMA1_Channel3_IRQHandler                 0x080002ef   Thumb Code     0  startup_stm32l476xx.o(.text)
    DMA1_Channel4_IRQHandler                 0x080002ef   Thumb Code     0  startup_stm32l476xx.o(.text)
    DMA1_Channel5_IRQHandler                 0x080002ef   Thumb Code     0  startup_stm32l476xx.o(.text)
    DMA1_Channel6_IRQHandler                 0x080002ef   Thumb Code     0  startup_stm32l476xx.o(.text)
    DMA1_Channel7_IRQHandler                 0x080002ef   Thumb Code     0  startup_stm32l476xx.o(.text)
    DMA2_Channel1_IRQHandler                 0x080002ef   Thumb Code     0  startup_stm32l476xx.o(.text)
    DMA2_Channel2_IRQHandler                 0x080002ef   Thumb Code     0  startup_stm32l476xx.o(.text)
    DMA2_Channel3_IRQHandler                 0x080002ef   Thumb Code     0  startup_stm32l476xx.o(.text)
    DMA2_Channel4_IRQHandler                 0x080002ef   Thumb Code     0  startup_stm32l476xx.o(.text)
    DMA2_Channel5_IRQHandler                 0x080002ef   Thumb Code     0  startup_stm32l476xx.o(.text)
    DMA2_Channel6_IRQHandler                 0x080002ef   Thumb Code     0  startup_stm32l476xx.o(.text)
    DMA2_Channel7_IRQHandler                 0x080002ef   Thumb Code     0  startup_stm32l476xx.o(.text)
    EXTI0_IRQHandler                         0x080002ef   Thumb Code     0  startup_stm32l476xx.o(.text)
    EXTI15_10_IRQHandler                     0x080002ef   Thumb Code     0  startup_stm32l476xx.o(.text)
    EXTI1_IRQHandler                         0x080002ef   Thumb Code     0  startup_stm32l476xx.o(.text)
    EXTI2_IRQHandler                         0x080002ef   Thumb Code     0  startup_stm32l476xx.o(.text)
    EXTI3_IRQHandler                         0x080002ef   Thumb Code     0  startup_stm32l476xx.o(.text)
    EXTI4_IRQHandler                         0x080002ef   Thumb Code     0  startup_stm32l476xx.o(.text)
    EXTI9_5_IRQHandler                       0x080002ef   Thumb Code     0  startup_stm32l476xx.o(.text)
    FLASH_IRQHandler                         0x080002ef   Thumb Code     0  startup_stm32l476xx.o(.text)
    FMC_IRQHandler                           0x080002ef   Thumb Code     0  startup_stm32l476xx.o(.text)
    FPU_IRQHandler                           0x080002ef   Thumb Code     0  startup_stm32l476xx.o(.text)
    I2C1_ER_IRQHandler                       0x080002ef   Thumb Code     0  startup_stm32l476xx.o(.text)
    I2C1_EV_IRQHandler                       0x080002ef   Thumb Code     0  startup_stm32l476xx.o(.text)
    I2C2_ER_IRQHandler                       0x080002ef   Thumb Code     0  startup_stm32l476xx.o(.text)
    I2C2_EV_IRQHandler                       0x080002ef   Thumb Code     0  startup_stm32l476xx.o(.text)
    I2C3_ER_IRQHandler                       0x080002ef   Thumb Code     0  startup_stm32l476xx.o(.text)
    I2C3_EV_IRQHandler                       0x080002ef   Thumb Code     0  startup_stm32l476xx.o(.text)
    LCD_IRQHandler                           0x080002ef   Thumb Code     0  startup_stm32l476xx.o(.text)
    LPTIM1_IRQHandler                        0x080002ef   Thumb Code     0  startup_stm32l476xx.o(.text)
    LPTIM2_IRQHandler                        0x080002ef   Thumb Code     0  startup_stm32l476xx.o(.text)
    LPUART1_IRQHandler                       0x080002ef   Thumb Code     0  startup_stm32l476xx.o(.text)
    OTG_FS_IRQHandler                        0x080002ef   Thumb Code     0  startup_stm32l476xx.o(.text)
    PVD_PVM_IRQHandler                       0x080002ef   Thumb Code     0  startup_stm32l476xx.o(.text)
    QUADSPI_IRQHandler                       0x080002ef   Thumb Code     0  startup_stm32l476xx.o(.text)
    RCC_IRQHandler                           0x080002ef   Thumb Code     0  startup_stm32l476xx.o(.text)
    RNG_IRQHandler                           0x080002ef   Thumb Code     0  startup_stm32l476xx.o(.text)
    RTC_Alarm_IRQHandler                     0x080002ef   Thumb Code     0  startup_stm32l476xx.o(.text)
    RTC_WKUP_IRQHandler                      0x080002ef   Thumb Code     0  startup_stm32l476xx.o(.text)
    SAI1_IRQHandler                          0x080002ef   Thumb Code     0  startup_stm32l476xx.o(.text)
    SAI2_IRQHandler                          0x080002ef   Thumb Code     0  startup_stm32l476xx.o(.text)
    SDMMC1_IRQHandler                        0x080002ef   Thumb Code     0  startup_stm32l476xx.o(.text)
    SPI1_IRQHandler                          0x080002ef   Thumb Code     0  startup_stm32l476xx.o(.text)
    SPI2_IRQHandler                          0x080002ef   Thumb Code     0  startup_stm32l476xx.o(.text)
    SPI3_IRQHandler                          0x080002ef   Thumb Code     0  startup_stm32l476xx.o(.text)
    SWPMI1_IRQHandler                        0x080002ef   Thumb Code     0  startup_stm32l476xx.o(.text)
    TAMP_STAMP_IRQHandler                    0x080002ef   Thumb Code     0  startup_stm32l476xx.o(.text)
    TIM1_BRK_TIM15_IRQHandler                0x080002ef   Thumb Code     0  startup_stm32l476xx.o(.text)
    TIM1_CC_IRQHandler                       0x080002ef   Thumb Code     0  startup_stm32l476xx.o(.text)
    TIM1_TRG_COM_TIM17_IRQHandler            0x080002ef   Thumb Code     0  startup_stm32l476xx.o(.text)
    TIM1_UP_TIM16_IRQHandler                 0x080002ef   Thumb Code     0  startup_stm32l476xx.o(.text)
    TIM2_IRQHandler                          0x080002ef   Thumb Code     0  startup_stm32l476xx.o(.text)
    TIM3_IRQHandler                          0x080002ef   Thumb Code     0  startup_stm32l476xx.o(.text)
    TIM4_IRQHandler                          0x080002ef   Thumb Code     0  startup_stm32l476xx.o(.text)
    TIM5_IRQHandler                          0x080002ef   Thumb Code     0  startup_stm32l476xx.o(.text)
    TIM6_DAC_IRQHandler                      0x080002ef   Thumb Code     0  startup_stm32l476xx.o(.text)
    TIM7_IRQHandler                          0x080002ef   Thumb Code     0  startup_stm32l476xx.o(.text)
    TIM8_BRK_IRQHandler                      0x080002ef   Thumb Code     0  startup_stm32l476xx.o(.text)
    TIM8_CC_IRQHandler                       0x080002ef   Thumb Code     0  startup_stm32l476xx.o(.text)
    TIM8_TRG_COM_IRQHandler                  0x080002ef   Thumb Code     0  startup_stm32l476xx.o(.text)
    TIM8_UP_IRQHandler                       0x080002ef   Thumb Code     0  startup_stm32l476xx.o(.text)
    TSC_IRQHandler                           0x080002ef   Thumb Code     0  startup_stm32l476xx.o(.text)
    UART4_IRQHandler                         0x080002ef   Thumb Code     0  startup_stm32l476xx.o(.text)
    UART5_IRQHandler                         0x080002ef   Thumb Code     0  startup_stm32l476xx.o(.text)
    USART1_IRQHandler                        0x080002ef   Thumb Code     0  startup_stm32l476xx.o(.text)
    USART2_IRQHandler                        0x080002ef   Thumb Code     0  startup_stm32l476xx.o(.text)
    USART3_IRQHandler                        0x080002ef   Thumb Code     0  startup_stm32l476xx.o(.text)
    WWDG_IRQHandler                          0x080002ef   Thumb Code     0  startup_stm32l476xx.o(.text)
    __user_initial_stackheap                 0x080002f1   Thumb Code     0  startup_stm32l476xx.o(.text)
    vsnprintf                                0x08000315   Thumb Code    56  vsnprintf.o(.text)
    __aeabi_memclr                           0x08000351   Thumb Code     0  rt_memclr.o(.text)
    __rt_memclr                              0x08000351   Thumb Code     0  rt_memclr.o(.text)
    _memset                                  0x08000355   Thumb Code    64  rt_memclr.o(.text)
    __aeabi_memclr4                          0x08000395   Thumb Code     0  rt_memclr_w.o(.text)
    __aeabi_memclr8                          0x08000395   Thumb Code     0  rt_memclr_w.o(.text)
    __rt_memclr_w                            0x08000395   Thumb Code     0  rt_memclr_w.o(.text)
    _memset_w                                0x08000399   Thumb Code    74  rt_memclr_w.o(.text)
    __use_two_region_memory                  0x080003e3   Thumb Code     2  heapauxi.o(.text)
    __rt_heap_escrow$2region                 0x080003e5   Thumb Code     2  heapauxi.o(.text)
    __rt_heap_expand$2region                 0x080003e7   Thumb Code     2  heapauxi.o(.text)
    _printf_pre_padding                      0x080003e9   Thumb Code    44  _printf_pad.o(.text)
    _printf_post_padding                     0x08000415   Thumb Code    34  _printf_pad.o(.text)
    _printf_truncate_signed                  0x08000437   Thumb Code    18  _printf_truncate.o(.text)
    _printf_truncate_unsigned                0x08000449   Thumb Code    18  _printf_truncate.o(.text)
    _printf_str                              0x0800045b   Thumb Code    82  _printf_str.o(.text)
    _printf_int_dec                          0x080004ad   Thumb Code   104  _printf_dec.o(.text)
    _printf_charcount                        0x08000525   Thumb Code    40  _printf_charcount.o(.text)
    _printf_char_common                      0x08000557   Thumb Code    32  _printf_char_common.o(.text)
    _snputc                                  0x0800057d   Thumb Code    16  _snputc.o(.text)
    _printf_wctomb                           0x0800058d   Thumb Code   182  _printf_wctomb.o(.text)
    _printf_longlong_dec                     0x08000651   Thumb Code   108  _printf_longlong_dec.o(.text)
    _printf_longlong_oct                     0x080006cd   Thumb Code    68  _printf_oct_int_ll.o(.text)
    _printf_int_oct                          0x08000711   Thumb Code    24  _printf_oct_int_ll.o(.text)
    _printf_ll_oct                           0x08000729   Thumb Code    12  _printf_oct_int_ll.o(.text)
    _printf_longlong_hex                     0x0800073d   Thumb Code    86  _printf_hex_int_ll_ptr.o(.text)
    _printf_int_hex                          0x08000793   Thumb Code    28  _printf_hex_int_ll_ptr.o(.text)
    _printf_ll_hex                           0x080007af   Thumb Code    12  _printf_hex_int_ll_ptr.o(.text)
    _printf_hex_ptr                          0x080007bb   Thumb Code    18  _printf_hex_int_ll_ptr.o(.text)
    __printf                                 0x080007d1   Thumb Code   388  __printf_flags_ss_wp.o(.text)
    _ll_udiv10                               0x0800095f   Thumb Code   138  lludiv10.o(.text)
    _printf_int_common                       0x080009e9   Thumb Code   178  _printf_intcommon.o(.text)
    _printf_fp_dec_real                      0x08000c4b   Thumb Code   620  _printf_fp_dec.o(.text)
    _printf_fp_hex_real                      0x08000ebd   Thumb Code   756  _printf_fp_hex.o(.text)
    _printf_cs_common                        0x080011bf   Thumb Code    20  _printf_char.o(.text)
    _printf_char                             0x080011d3   Thumb Code    16  _printf_char.o(.text)
    _printf_string                           0x080011e3   Thumb Code     8  _printf_char.o(.text)
    _printf_lcs_common                       0x080011eb   Thumb Code    20  _printf_wchar.o(.text)
    _printf_wchar                            0x080011ff   Thumb Code    16  _printf_wchar.o(.text)
    _printf_wstring                          0x0800120f   Thumb Code     8  _printf_wchar.o(.text)
    _c16rtomb                                0x08001217   Thumb Code    72  _c16rtomb.o(.text)
    _wcrtomb                                 0x08001217   Thumb Code     0  _c16rtomb.o(.text)
    __user_setup_stackheap                   0x0800125f   Thumb Code    74  sys_stackheap_outer.o(.text)
    __rt_ctype_table                         0x080012a9   Thumb Code    16  rt_ctype_table.o(.text)
    __rt_locale                              0x080012b9   Thumb Code     8  rt_locale_intlibspace.o(.text)
    _printf_fp_infnan                        0x080012c1   Thumb Code   112  _printf_fp_infnan.o(.text)
    _btod_etento                             0x08001341   Thumb Code   224  bigflt0.o(.text)
    exit                                     0x08001425   Thumb Code    18  exit.o(.text)
    __user_libspace                          0x08001439   Thumb Code     8  libspace.o(.text)
    __user_perproc_libspace                  0x08001439   Thumb Code     0  libspace.o(.text)
    __user_perthread_libspace                0x08001439   Thumb Code     0  libspace.o(.text)
    strcmp                                   0x08001441   Thumb Code   124  strcmpv7em.o(.text)
    _sys_exit                                0x080014bd   Thumb Code     8  sys_exit.o(.text)
    __I$use$semihosting                      0x080014c9   Thumb Code     0  use_no_semi.o(.text)
    __use_no_semihosting_swi                 0x080014c9   Thumb Code     2  use_no_semi.o(.text)
    __semihosting_library_function           0x080014cb   Thumb Code     0  indicate_semi.o(.text)
    BusFault_Handler                         0x080014cd   Thumb Code     2  stm32l4xx_it.o(.text.BusFault_Handler)
    DebugMon_Handler                         0x080014d1   Thumb Code     2  stm32l4xx_it.o(.text.DebugMon_Handler)
    FATFS_LinkDriver                         0x080014d5   Thumb Code    76  ff_gen_drv.o(.text.FATFS_LinkDriver)
    HAL_IncTick                              0x08001521   Thumb Code    26  stm32l4xx_hal.o(.text.HAL_IncTick)
    HAL_Init                                 0x0800153d   Thumb Code    46  stm32l4xx_hal.o(.text.HAL_Init)
    HAL_InitTick                             0x0800156d   Thumb Code    76  stm32l4xx_hal.o(.text.HAL_InitTick)
    HAL_MspInit                              0x080015b9   Thumb Code    50  stm32l4xx_hal_msp.o(.text.HAL_MspInit)
    HAL_NVIC_SetPriority                     0x080015ed   Thumb Code    86  stm32l4xx_hal_cortex.o(.text.HAL_NVIC_SetPriority)
    HAL_NVIC_SetPriorityGrouping             0x08001645   Thumb Code    32  stm32l4xx_hal_cortex.o(.text.HAL_NVIC_SetPriorityGrouping)
    HAL_SYSTICK_Config                       0x08001665   Thumb Code    44  stm32l4xx_hal_cortex.o(.text.HAL_SYSTICK_Config)
    HardFault_Handler                        0x08001691   Thumb Code     2  stm32l4xx_it.o(.text.HardFault_Handler)
    LL_GPIO_Init                             0x08001695   Thumb Code   226  stm32l4xx_ll_gpio.o(.text.LL_GPIO_Init)
    LL_RCC_GetUARTClockFreq                  0x0800177d   Thumb Code   150  stm32l4xx_ll_rcc.o(.text.LL_RCC_GetUARTClockFreq)
    LL_RCC_GetUSARTClockFreq                 0x08001815   Thumb Code   208  stm32l4xx_ll_rcc.o(.text.LL_RCC_GetUSARTClockFreq)
    LL_SPI_Init                              0x080018e5   Thumb Code   126  stm32l4xx_ll_spi.o(.text.LL_SPI_Init)
    LL_SetSystemCoreClock                    0x08001965   Thumb Code    12  stm32l4xx_ll_utils.o(.text.LL_SetSystemCoreClock)
    LL_TIM_Init                              0x08001971   Thumb Code   310  stm32l4xx_ll_tim.o(.text.LL_TIM_Init)
    LL_USART_Init                            0x08001aa9   Thumb Code   256  stm32l4xx_ll_usart.o(.text.LL_USART_Init)
    LL_mDelay                                0x08001ba9   Thumb Code    70  stm32l4xx_ll_utils.o(.text.LL_mDelay)
    MX_FATFS_Init                            0x08001bf1   Thumb Code    28  fatfs.o(.text.MX_FATFS_Init)
    MemManage_Handler                        0x08001c0d   Thumb Code     2  stm32l4xx_it.o(.text.MemManage_Handler)
    NMI_Handler                              0x08001c11   Thumb Code     2  stm32l4xx_it.o(.text.NMI_Handler)
    PendSV_Handler                           0x08001c15   Thumb Code     2  stm32l4xx_it.o(.text.PendSV_Handler)
    SD_disk_initialize                       0x08002039   Thumb Code   414  fatfs_sd.o(.text.SD_disk_initialize)
    SD_disk_ioctl                            0x080021d9   Thumb Code   486  fatfs_sd.o(.text.SD_disk_ioctl)
    SD_disk_read                             0x080023c1   Thumb Code   198  fatfs_sd.o(.text.SD_disk_read)
    SD_disk_status                           0x08002489   Thumb Code    20  fatfs_sd.o(.text.SD_disk_status)
    SD_disk_write                            0x0800249d   Thumb Code   258  fatfs_sd.o(.text.SD_disk_write)
    SPI2_ReceiveByte                         0x080025a1   Thumb Code    70  main.o(.text.SPI2_ReceiveByte)
    SPI2_TransmitByte                        0x080025e9   Thumb Code    70  main.o(.text.SPI2_TransmitByte)
    SVC_Handler                              0x08002631   Thumb Code     2  stm32l4xx_it.o(.text.SVC_Handler)
    SysTick_Handler                          0x08002635   Thumb Code    54  stm32l4xx_it.o(.text.SysTick_Handler)
    SystemClock_Config                       0x0800266d   Thumb Code   326  main.o(.text.SystemClock_Config)
    SystemInit                               0x080027b5   Thumb Code    18  system_stm32l4xx.o(.text.SystemInit)
    USER_initialize                          0x080027c9   Thumb Code     4  user_diskio.o(.text.USER_initialize)
    USER_ioctl                               0x080027cd   Thumb Code     4  user_diskio.o(.text.USER_ioctl)
    USER_read                                0x080027d1   Thumb Code     4  user_diskio.o(.text.USER_read)
    USER_status                              0x080027d5   Thumb Code     4  user_diskio.o(.text.USER_status)
    USER_write                               0x080027d9   Thumb Code     4  user_diskio.o(.text.USER_write)
    UsageFault_Handler                       0x080027dd   Thumb Code     2  stm32l4xx_it.o(.text.UsageFault_Handler)
    disk_initialize                          0x08002ba5   Thumb Code    36  diskio.o(.text.disk_initialize)
    disk_ioctl                               0x08002bc9   Thumb Code    22  diskio.o(.text.disk_ioctl)
    disk_read                                0x08002be1   Thumb Code    32  diskio.o(.text.disk_read)
    disk_status                              0x08002c01   Thumb Code    22  diskio.o(.text.disk_status)
    disk_write                               0x08002c19   Thumb Code    32  diskio.o(.text.disk_write)
    f_close                                  0x08002c39   Thumb Code   104  ff.o(.text.f_close)
    f_getfree                                0x08002ca1   Thumb Code   264  ff.o(.text.f_getfree)
    f_gets                                   0x08002db1   Thumb Code   112  ff.o(.text.f_gets)
    f_mount                                  0x08002e21   Thumb Code   268  ff.o(.text.f_mount)
    f_open                                   0x08002f2d   Thumb Code  1000  ff.o(.text.f_open)
    f_read                                   0x0800331d   Thumb Code   760  ff.o(.text.f_read)
    f_sync                                   0x0800361d   Thumb Code   190  ff.o(.text.f_sync)
    get_fattime                              0x0800433d   Thumb Code     4  fatfs.o(.text.get_fattime)
    main                                     0x08004341   Thumb Code   732  main.o(.text.main)
    myprintf                                 0x08004715   Thumb Code   138  main.o(.text.myprintf)
    _btod_d2e                                0x080049d7   Thumb Code    62  btod.o(CL$$btod_d2e)
    _d2e_denorm_low                          0x08004a15   Thumb Code    70  btod.o(CL$$btod_d2e_denorm_low)
    _d2e_norm_op1                            0x08004a5b   Thumb Code    96  btod.o(CL$$btod_d2e_norm_op1)
    __btod_div_common                        0x08004abd   Thumb Code   696  btod.o(CL$$btod_div_common)
    _e2e                                     0x08004df5   Thumb Code   220  btod.o(CL$$btod_e2e)
    _btod_ediv                               0x08004ed1   Thumb Code    42  btod.o(CL$$btod_ediv)
    _btod_emul                               0x08004efb   Thumb Code    42  btod.o(CL$$btod_emul)
    __btod_mult_common                       0x08004f25   Thumb Code   580  btod.o(CL$$btod_mult_common)
    __ARM_fpclassify                         0x08005169   Thumb Code    48  fpclassify.o(i.__ARM_fpclassify)
    _is_digit                                0x08005199   Thumb Code    14  __printf_wp.o(i._is_digit)
    _get_lc_numeric                          0x080051a9   Thumb Code    44  lc_numeric_c.o(locale$$code)
    _get_lc_ctype                            0x080051d5   Thumb Code    44  lc_ctype_c.o(locale$$code)
    _fp_init                                 0x08005201   Thumb Code    26  fpinit.o(x$fpl$fpinit)
    __fplib_config_fpu_vfp                   0x08005219   Thumb Code     0  fpinit.o(x$fpl$fpinit)
    __fplib_config_pureend_doubles           0x08005219   Thumb Code     0  fpinit.o(x$fpl$fpinit)
    _printf_fp_dec                           0x0800521b   Thumb Code     4  printf1.o(x$fpl$printf1)
    _printf_fp_hex                           0x0800521f   Thumb Code     4  printf2.o(x$fpl$printf2)
    __I$use$fp                               0x08005222   Number         0  usenofp.o(x$fpl$usenofp)
    AHBPrescTable                            0x08005320   Data          16  system_stm32l4xx.o(.rodata.AHBPrescTable)
    APBPrescTable                            0x08005330   Data           8  system_stm32l4xx.o(.rodata.APBPrescTable)
    MSIRangeTable                            0x080053b8   Data          48  system_stm32l4xx.o(.rodata.MSIRangeTable)
    Region$$Table$$Base                      0x0800545c   Number         0  anon$$obj.o(Region$$Table)
    Region$$Table$$Limit                     0x0800547c   Number         0  anon$$obj.o(Region$$Table)
    __ctype                                  0x080054a5   Data           0  lc_ctype_c.o(locale$$data)
    uwTickFreq                               0x20000000   Data           1  stm32l4xx_hal.o(.data..L_MergedGlobals)
    uwTickPrio                               0x20000004   Data           4  stm32l4xx_hal.o(.data..L_MergedGlobals)
    SystemCoreClock                          0x2000000c   Data           4  system_stm32l4xx.o(.data.SystemCoreClock)
    USER_Driver                              0x20000010   Data          20  user_diskio.o(.data.USER_Driver)
    __libspace_start                         0x20000028   Data          96  libspace.o(.bss)
    __temporary_stack_top$libspace           0x20000088   Data           0  libspace.o(.bss)
    retUSER                                  0x2000008a   Data           1  fatfs.o(.bss..L_MergedGlobals)
    USERPath                                 0x2000008b   Data           4  fatfs.o(.bss..L_MergedGlobals)
    FatFsCnt                                 0x20000090   Data           1  stm32l4xx_it.o(.bss..L_MergedGlobals)
    Timer1                                   0x20000092   Data           2  stm32l4xx_it.o(.bss..L_MergedGlobals)
    Timer2                                   0x20000094   Data           2  stm32l4xx_it.o(.bss..L_MergedGlobals)
    disk                                     0x200000c0   Data          12  ff_gen_drv.o(.bss.disk)
    uwTick                                   0x200001cc   Data           4  stm32l4xx_hal.o(.bss.uwTick)



==============================================================================

Memory Map of the image

  Image Entry point : 0x08000189

  Load Region LR_IROM1 (Base: 0x08000000, Size: 0x000055d0, Max: 0x00100000, ABSOLUTE)

    Execution Region ER_IROM1 (Exec base: 0x08000000, Load base: 0x08000000, Size: 0x000055a8, Max: 0x00100000, ABSOLUTE)

    Exec Addr    Load Addr    Size         Type   Attr      Idx    E Section Name        Object

    0x08000000   0x08000000   0x00000188   Data   RO            3    RESET               startup_stm32l476xx.o
    0x08000188   0x08000188   0x00000008   Code   RO          966  * !!!main             c_w.l(__main.o)
    0x08000190   0x08000190   0x00000034   Code   RO         1305    !!!scatter          c_w.l(__scatter.o)
    0x080001c4   0x080001c4   0x0000001a   Code   RO         1307    !!handler_copy      c_w.l(__scatter_copy.o)
    0x080001de   0x080001de   0x00000002   PAD
    0x080001e0   0x080001e0   0x0000001c   Code   RO         1309    !!handler_zi        c_w.l(__scatter_zi.o)
    0x080001fc   0x080001fc   0x00000000   Code   RO         1050    .ARM.Collect$$_printf_percent$$00000000  c_w.l(_printf_percent.o)
    0x080001fc   0x080001fc   0x00000006   Code   RO         1039    .ARM.Collect$$_printf_percent$$00000001  c_w.l(_printf_n.o)
    0x08000202   0x08000202   0x00000006   Code   RO         1041    .ARM.Collect$$_printf_percent$$00000002  c_w.l(_printf_p.o)
    0x08000208   0x08000208   0x00000006   Code   RO         1046    .ARM.Collect$$_printf_percent$$00000003  c_w.l(_printf_f.o)
    0x0800020e   0x0800020e   0x00000006   Code   RO         1047    .ARM.Collect$$_printf_percent$$00000004  c_w.l(_printf_e.o)
    0x08000214   0x08000214   0x00000006   Code   RO         1048    .ARM.Collect$$_printf_percent$$00000005  c_w.l(_printf_g.o)
    0x0800021a   0x0800021a   0x00000006   Code   RO         1049    .ARM.Collect$$_printf_percent$$00000006  c_w.l(_printf_a.o)
    0x08000220   0x08000220   0x0000000a   Code   RO         1054    .ARM.Collect$$_printf_percent$$00000007  c_w.l(_printf_ll.o)
    0x0800022a   0x0800022a   0x00000006   Code   RO         1043    .ARM.Collect$$_printf_percent$$00000008  c_w.l(_printf_i.o)
    0x08000230   0x08000230   0x00000006   Code   RO         1044    .ARM.Collect$$_printf_percent$$00000009  c_w.l(_printf_d.o)
    0x08000236   0x08000236   0x00000006   Code   RO         1045    .ARM.Collect$$_printf_percent$$0000000A  c_w.l(_printf_u.o)
    0x0800023c   0x0800023c   0x00000006   Code   RO         1042    .ARM.Collect$$_printf_percent$$0000000B  c_w.l(_printf_o.o)
    0x08000242   0x08000242   0x00000006   Code   RO         1040    .ARM.Collect$$_printf_percent$$0000000C  c_w.l(_printf_x.o)
    0x08000248   0x08000248   0x00000006   Code   RO         1051    .ARM.Collect$$_printf_percent$$0000000D  c_w.l(_printf_lli.o)
    0x0800024e   0x0800024e   0x00000006   Code   RO         1052    .ARM.Collect$$_printf_percent$$0000000E  c_w.l(_printf_lld.o)
    0x08000254   0x08000254   0x00000006   Code   RO         1053    .ARM.Collect$$_printf_percent$$0000000F  c_w.l(_printf_llu.o)
    0x0800025a   0x0800025a   0x00000006   Code   RO         1058    .ARM.Collect$$_printf_percent$$00000010  c_w.l(_printf_llo.o)
    0x08000260   0x08000260   0x00000006   Code   RO         1059    .ARM.Collect$$_printf_percent$$00000011  c_w.l(_printf_llx.o)
    0x08000266   0x08000266   0x0000000a   Code   RO         1055    .ARM.Collect$$_printf_percent$$00000012  c_w.l(_printf_l.o)
    0x08000270   0x08000270   0x00000006   Code   RO         1037    .ARM.Collect$$_printf_percent$$00000013  c_w.l(_printf_c.o)
    0x08000276   0x08000276   0x00000006   Code   RO         1038    .ARM.Collect$$_printf_percent$$00000014  c_w.l(_printf_s.o)
    0x0800027c   0x0800027c   0x00000006   Code   RO         1056    .ARM.Collect$$_printf_percent$$00000015  c_w.l(_printf_lc.o)
    0x08000282   0x08000282   0x00000006   Code   RO         1057    .ARM.Collect$$_printf_percent$$00000016  c_w.l(_printf_ls.o)
    0x08000288   0x08000288   0x00000004   Code   RO         1102    .ARM.Collect$$_printf_percent$$00000017  c_w.l(_printf_percent_end.o)
    0x0800028c   0x0800028c   0x00000002   Code   RO         1153    .ARM.Collect$$libinit$$00000000  c_w.l(libinit.o)
    0x0800028e   0x0800028e   0x00000004   Code   RO         1171    .ARM.Collect$$libinit$$00000001  c_w.l(libinit2.o)
    0x08000292   0x08000292   0x00000000   Code   RO         1174    .ARM.Collect$$libinit$$00000004  c_w.l(libinit2.o)
    0x08000292   0x08000292   0x00000000   Code   RO         1176    .ARM.Collect$$libinit$$00000006  c_w.l(libinit2.o)
    0x08000292   0x08000292   0x00000000   Code   RO         1179    .ARM.Collect$$libinit$$0000000C  c_w.l(libinit2.o)
    0x08000292   0x08000292   0x00000000   Code   RO         1181    .ARM.Collect$$libinit$$0000000E  c_w.l(libinit2.o)
    0x08000292   0x08000292   0x00000000   Code   RO         1183    .ARM.Collect$$libinit$$00000010  c_w.l(libinit2.o)
    0x08000292   0x08000292   0x00000006   Code   RO         1184    .ARM.Collect$$libinit$$00000011  c_w.l(libinit2.o)
    0x08000298   0x08000298   0x00000000   Code   RO         1186    .ARM.Collect$$libinit$$00000013  c_w.l(libinit2.o)
    0x08000298   0x08000298   0x0000000c   Code   RO         1187    .ARM.Collect$$libinit$$00000014  c_w.l(libinit2.o)
    0x080002a4   0x080002a4   0x00000000   Code   RO         1188    .ARM.Collect$$libinit$$00000015  c_w.l(libinit2.o)
    0x080002a4   0x080002a4   0x00000000   Code   RO         1190    .ARM.Collect$$libinit$$00000017  c_w.l(libinit2.o)
    0x080002a4   0x080002a4   0x0000000a   Code   RO         1191    .ARM.Collect$$libinit$$00000018  c_w.l(libinit2.o)
    0x080002ae   0x080002ae   0x00000000   Code   RO         1192    .ARM.Collect$$libinit$$00000019  c_w.l(libinit2.o)
    0x080002ae   0x080002ae   0x00000000   Code   RO         1194    .ARM.Collect$$libinit$$0000001B  c_w.l(libinit2.o)
    0x080002ae   0x080002ae   0x00000000   Code   RO         1196    .ARM.Collect$$libinit$$0000001D  c_w.l(libinit2.o)
    0x080002ae   0x080002ae   0x00000000   Code   RO         1198    .ARM.Collect$$libinit$$0000001F  c_w.l(libinit2.o)
    0x080002ae   0x080002ae   0x00000000   Code   RO         1200    .ARM.Collect$$libinit$$00000021  c_w.l(libinit2.o)
    0x080002ae   0x080002ae   0x00000000   Code   RO         1202    .ARM.Collect$$libinit$$00000023  c_w.l(libinit2.o)
    0x080002ae   0x080002ae   0x00000000   Code   RO         1204    .ARM.Collect$$libinit$$00000025  c_w.l(libinit2.o)
    0x080002ae   0x080002ae   0x00000000   Code   RO         1206    .ARM.Collect$$libinit$$00000027  c_w.l(libinit2.o)
    0x080002ae   0x080002ae   0x00000000   Code   RO         1210    .ARM.Collect$$libinit$$0000002E  c_w.l(libinit2.o)
    0x080002ae   0x080002ae   0x00000000   Code   RO         1212    .ARM.Collect$$libinit$$00000030  c_w.l(libinit2.o)
    0x080002ae   0x080002ae   0x00000000   Code   RO         1214    .ARM.Collect$$libinit$$00000032  c_w.l(libinit2.o)
    0x080002ae   0x080002ae   0x00000000   Code   RO         1216    .ARM.Collect$$libinit$$00000034  c_w.l(libinit2.o)
    0x080002ae   0x080002ae   0x00000002   Code   RO         1217    .ARM.Collect$$libinit$$00000035  c_w.l(libinit2.o)
    0x080002b0   0x080002b0   0x00000002   Code   RO         1241    .ARM.Collect$$libshutdown$$00000000  c_w.l(libshutdown.o)
    0x080002b2   0x080002b2   0x00000000   Code   RO         1256    .ARM.Collect$$libshutdown$$00000002  c_w.l(libshutdown2.o)
    0x080002b2   0x080002b2   0x00000000   Code   RO         1258    .ARM.Collect$$libshutdown$$00000004  c_w.l(libshutdown2.o)
    0x080002b2   0x080002b2   0x00000000   Code   RO         1261    .ARM.Collect$$libshutdown$$00000007  c_w.l(libshutdown2.o)
    0x080002b2   0x080002b2   0x00000000   Code   RO         1264    .ARM.Collect$$libshutdown$$0000000A  c_w.l(libshutdown2.o)
    0x080002b2   0x080002b2   0x00000000   Code   RO         1266    .ARM.Collect$$libshutdown$$0000000C  c_w.l(libshutdown2.o)
    0x080002b2   0x080002b2   0x00000000   Code   RO         1269    .ARM.Collect$$libshutdown$$0000000F  c_w.l(libshutdown2.o)
    0x080002b2   0x080002b2   0x00000002   Code   RO         1270    .ARM.Collect$$libshutdown$$00000010  c_w.l(libshutdown2.o)
    0x080002b4   0x080002b4   0x00000000   Code   RO          968    .ARM.Collect$$rtentry$$00000000  c_w.l(__rtentry.o)
    0x080002b4   0x080002b4   0x00000000   Code   RO         1071    .ARM.Collect$$rtentry$$00000002  c_w.l(__rtentry2.o)
    0x080002b4   0x080002b4   0x00000006   Code   RO         1083    .ARM.Collect$$rtentry$$00000004  c_w.l(__rtentry4.o)
    0x080002ba   0x080002ba   0x00000000   Code   RO         1073    .ARM.Collect$$rtentry$$00000009  c_w.l(__rtentry2.o)
    0x080002ba   0x080002ba   0x00000004   Code   RO         1074    .ARM.Collect$$rtentry$$0000000A  c_w.l(__rtentry2.o)
    0x080002be   0x080002be   0x00000000   Code   RO         1076    .ARM.Collect$$rtentry$$0000000C  c_w.l(__rtentry2.o)
    0x080002be   0x080002be   0x00000008   Code   RO         1077    .ARM.Collect$$rtentry$$0000000D  c_w.l(__rtentry2.o)
    0x080002c6   0x080002c6   0x00000002   Code   RO         1162    .ARM.Collect$$rtexit$$00000000  c_w.l(rtexit.o)
    0x080002c8   0x080002c8   0x00000000   Code   RO         1219    .ARM.Collect$$rtexit$$00000002  c_w.l(rtexit2.o)
    0x080002c8   0x080002c8   0x00000004   Code   RO         1220    .ARM.Collect$$rtexit$$00000003  c_w.l(rtexit2.o)
    0x080002cc   0x080002cc   0x00000006   Code   RO         1221    .ARM.Collect$$rtexit$$00000004  c_w.l(rtexit2.o)
    0x080002d2   0x080002d2   0x00000002   PAD
    0x080002d4   0x080002d4   0x00000040   Code   RO            4    .text               startup_stm32l476xx.o
    0x08000314   0x08000314   0x0000003c   Code   RO          956    .text               c_w.l(vsnprintf.o)
    0x08000350   0x08000350   0x00000044   Code   RO          960    .text               c_w.l(rt_memclr.o)
    0x08000394   0x08000394   0x0000004e   Code   RO          962    .text               c_w.l(rt_memclr_w.o)
    0x080003e2   0x080003e2   0x00000006   Code   RO          964    .text               c_w.l(heapauxi.o)
    0x080003e8   0x080003e8   0x0000004e   Code   RO          971    .text               c_w.l(_printf_pad.o)
    0x08000436   0x08000436   0x00000024   Code   RO          973    .text               c_w.l(_printf_truncate.o)
    0x0800045a   0x0800045a   0x00000052   Code   RO          975    .text               c_w.l(_printf_str.o)
    0x080004ac   0x080004ac   0x00000078   Code   RO          977    .text               c_w.l(_printf_dec.o)
    0x08000524   0x08000524   0x00000028   Code   RO          979    .text               c_w.l(_printf_charcount.o)
    0x0800054c   0x0800054c   0x00000030   Code   RO          981    .text               c_w.l(_printf_char_common.o)
    0x0800057c   0x0800057c   0x00000010   Code   RO          983    .text               c_w.l(_snputc.o)
    0x0800058c   0x0800058c   0x000000c2   Code   RO          985    .text               c_w.l(_printf_wctomb.o)
    0x0800064e   0x0800064e   0x00000002   PAD
    0x08000650   0x08000650   0x0000007c   Code   RO          988    .text               c_w.l(_printf_longlong_dec.o)
    0x080006cc   0x080006cc   0x00000070   Code   RO          994    .text               c_w.l(_printf_oct_int_ll.o)
    0x0800073c   0x0800073c   0x00000094   Code   RO         1014    .text               c_w.l(_printf_hex_int_ll_ptr.o)
    0x080007d0   0x080007d0   0x0000018e   Code   RO         1034    .text               c_w.l(__printf_flags_ss_wp.o)
    0x0800095e   0x0800095e   0x0000008a   Code   RO         1085    .text               c_w.l(lludiv10.o)
    0x080009e8   0x080009e8   0x000000b2   Code   RO         1087    .text               c_w.l(_printf_intcommon.o)
    0x08000a9a   0x08000a9a   0x00000422   Code   RO         1089    .text               c_w.l(_printf_fp_dec.o)
    0x08000ebc   0x08000ebc   0x00000302   Code   RO         1093    .text               c_w.l(_printf_fp_hex.o)
    0x080011be   0x080011be   0x0000002c   Code   RO         1098    .text               c_w.l(_printf_char.o)
    0x080011ea   0x080011ea   0x0000002c   Code   RO         1100    .text               c_w.l(_printf_wchar.o)
    0x08001216   0x08001216   0x00000048   Code   RO         1103    .text               c_w.l(_c16rtomb.o)
    0x0800125e   0x0800125e   0x0000004a   Code   RO         1105    .text               c_w.l(sys_stackheap_outer.o)
    0x080012a8   0x080012a8   0x00000010   Code   RO         1107    .text               c_w.l(rt_ctype_table.o)
    0x080012b8   0x080012b8   0x00000008   Code   RO         1112    .text               c_w.l(rt_locale_intlibspace.o)
    0x080012c0   0x080012c0   0x00000080   Code   RO         1114    .text               c_w.l(_printf_fp_infnan.o)
    0x08001340   0x08001340   0x000000e4   Code   RO         1116    .text               c_w.l(bigflt0.o)
    0x08001424   0x08001424   0x00000012   Code   RO         1146    .text               c_w.l(exit.o)
    0x08001436   0x08001436   0x00000002   PAD
    0x08001438   0x08001438   0x00000008   Code   RO         1159    .text               c_w.l(libspace.o)
    0x08001440   0x08001440   0x0000007c   Code   RO         1169    .text               c_w.l(strcmpv7em.o)
    0x080014bc   0x080014bc   0x0000000c   Code   RO         1231    .text               c_w.l(sys_exit.o)
    0x080014c8   0x080014c8   0x00000002   Code   RO         1246    .text               c_w.l(use_no_semi.o)
    0x080014ca   0x080014ca   0x00000000   Code   RO         1248    .text               c_w.l(indicate_semi.o)
    0x080014ca   0x080014ca   0x00000002   PAD
    0x080014cc   0x080014cc   0x00000002   Code   RO          116    .text.BusFault_Handler  stm32l4xx_it.o
    0x080014ce   0x080014ce   0x00000002   PAD
    0x080014d0   0x080014d0   0x00000002   Code   RO          122    .text.DebugMon_Handler  stm32l4xx_it.o
    0x080014d2   0x080014d2   0x00000002   PAD
    0x080014d4   0x080014d4   0x0000004c   Code   RO          937    .text.FATFS_LinkDriver  ff_gen_drv.o
    0x08001520   0x08001520   0x0000001a   Code   RO          206    .text.HAL_IncTick   stm32l4xx_hal.o
    0x0800153a   0x0800153a   0x00000002   PAD
    0x0800153c   0x0800153c   0x0000002e   Code   RO          196    .text.HAL_Init      stm32l4xx_hal.o
    0x0800156a   0x0800156a   0x00000002   PAD
    0x0800156c   0x0800156c   0x0000004c   Code   RO          198    .text.HAL_InitTick  stm32l4xx_hal.o
    0x080015b8   0x080015b8   0x00000032   Code   RO          136    .text.HAL_MspInit   stm32l4xx_hal_msp.o
    0x080015ea   0x080015ea   0x00000002   PAD
    0x080015ec   0x080015ec   0x00000056   Code   RO          617    .text.HAL_NVIC_SetPriority  stm32l4xx_hal_cortex.o
    0x08001642   0x08001642   0x00000002   PAD
    0x08001644   0x08001644   0x00000020   Code   RO          615    .text.HAL_NVIC_SetPriorityGrouping  stm32l4xx_hal_cortex.o
    0x08001664   0x08001664   0x0000002c   Code   RO          627    .text.HAL_SYSTICK_Config  stm32l4xx_hal_cortex.o
    0x08001690   0x08001690   0x00000002   Code   RO          112    .text.HardFault_Handler  stm32l4xx_it.o
    0x08001692   0x08001692   0x00000002   PAD
    0x08001694   0x08001694   0x000000e8   Code   RO          184    .text.LL_GPIO_Init  stm32l4xx_ll_gpio.o
    0x0800177c   0x0800177c   0x00000096   Code   RO          781    .text.LL_RCC_GetUARTClockFreq  stm32l4xx_ll_rcc.o
    0x08001812   0x08001812   0x00000002   PAD
    0x08001814   0x08001814   0x000000d0   Code   RO          779    .text.LL_RCC_GetUSARTClockFreq  stm32l4xx_ll_rcc.o
    0x080018e4   0x080018e4   0x0000007e   Code   RO          693    .text.LL_SPI_Init   stm32l4xx_ll_spi.o
    0x08001962   0x08001962   0x00000002   PAD
    0x08001964   0x08001964   0x0000000c   Code   RO          148    .text.LL_SetSystemCoreClock  stm32l4xx_ll_utils.o
    0x08001970   0x08001970   0x00000136   Code   RO          725    .text.LL_TIM_Init   stm32l4xx_ll_tim.o
    0x08001aa6   0x08001aa6   0x00000002   PAD
    0x08001aa8   0x08001aa8   0x00000100   Code   RO          757    .text.LL_USART_Init  stm32l4xx_ll_usart.o
    0x08001ba8   0x08001ba8   0x00000046   Code   RO          146    .text.LL_mDelay     stm32l4xx_ll_utils.o
    0x08001bee   0x08001bee   0x00000002   PAD
    0x08001bf0   0x08001bf0   0x0000001c   Code   RO           94    .text.MX_FATFS_Init  fatfs.o
    0x08001c0c   0x08001c0c   0x00000002   Code   RO          114    .text.MemManage_Handler  stm32l4xx_it.o
    0x08001c0e   0x08001c0e   0x00000002   PAD
    0x08001c10   0x08001c10   0x00000002   Code   RO          110    .text.NMI_Handler   stm32l4xx_it.o
    0x08001c12   0x08001c12   0x00000002   PAD
    0x08001c14   0x08001c14   0x00000002   Code   RO          124    .text.PendSV_Handler  stm32l4xx_it.o
    0x08001c16   0x08001c16   0x00000002   PAD
    0x08001c18   0x08001c18   0x0000010a   Code   RO          777    .text.RCC_GetSystemClockFreq  stm32l4xx_ll_rcc.o
    0x08001d22   0x08001d22   0x00000002   PAD
    0x08001d24   0x08001d24   0x000000b8   Code   RO           13    .text.SD_PowerOn    fatfs_sd.o
    0x08001ddc   0x08001ddc   0x0000002e   Code   RO           29    .text.SD_ReadyWait  fatfs_sd.o
    0x08001e0a   0x08001e0a   0x00000002   PAD
    0x08001e0c   0x08001e0c   0x00000062   Code   RO           21    .text.SD_RxDataBlock  fatfs_sd.o
    0x08001e6e   0x08001e6e   0x00000002   PAD
    0x08001e70   0x08001e70   0x0000012e   Code   RO           15    .text.SD_SendCmd    fatfs_sd.o
    0x08001f9e   0x08001f9e   0x00000002   PAD
    0x08001fa0   0x08001fa0   0x00000098   Code   RO           25    .text.SD_TxDataBlock  fatfs_sd.o
    0x08002038   0x08002038   0x0000019e   Code   RO           11    .text.SD_disk_initialize  fatfs_sd.o
    0x080021d6   0x080021d6   0x00000002   PAD
    0x080021d8   0x080021d8   0x000001e6   Code   RO           27    .text.SD_disk_ioctl  fatfs_sd.o
    0x080023be   0x080023be   0x00000002   PAD
    0x080023c0   0x080023c0   0x000000c6   Code   RO           19    .text.SD_disk_read  fatfs_sd.o
    0x08002486   0x08002486   0x00000002   PAD
    0x08002488   0x08002488   0x00000014   Code   RO           17    .text.SD_disk_status  fatfs_sd.o
    0x0800249c   0x0800249c   0x00000102   Code   RO           23    .text.SD_disk_write  fatfs_sd.o
    0x0800259e   0x0800259e   0x00000002   PAD
    0x080025a0   0x080025a0   0x00000046   Code   RO           53    .text.SPI2_ReceiveByte  main.o
    0x080025e6   0x080025e6   0x00000002   PAD
    0x080025e8   0x080025e8   0x00000046   Code   RO           51    .text.SPI2_TransmitByte  main.o
    0x0800262e   0x0800262e   0x00000002   PAD
    0x08002630   0x08002630   0x00000002   Code   RO          120    .text.SVC_Handler   stm32l4xx_it.o
    0x08002632   0x08002632   0x00000002   PAD
    0x08002634   0x08002634   0x00000036   Code   RO          126    .text.SysTick_Handler  stm32l4xx_it.o
    0x0800266a   0x0800266a   0x00000002   PAD
    0x0800266c   0x0800266c   0x00000146   Code   RO           43    .text.SystemClock_Config  main.o
    0x080027b2   0x080027b2   0x00000002   PAD
    0x080027b4   0x080027b4   0x00000012   Code   RO          821    .text.SystemInit    system_stm32l4xx.o
    0x080027c6   0x080027c6   0x00000002   PAD
    0x080027c8   0x080027c8   0x00000004   Code   RO           76    .text.USER_initialize  user_diskio.o
    0x080027cc   0x080027cc   0x00000004   Code   RO           84    .text.USER_ioctl    user_diskio.o
    0x080027d0   0x080027d0   0x00000004   Code   RO           80    .text.USER_read     user_diskio.o
    0x080027d4   0x080027d4   0x00000004   Code   RO           78    .text.USER_status   user_diskio.o
    0x080027d8   0x080027d8   0x00000004   Code   RO           82    .text.USER_write    user_diskio.o
    0x080027dc   0x080027dc   0x00000002   Code   RO          118    .text.UsageFault_Handler  stm32l4xx_it.o
    0x080027de   0x080027de   0x00000002   PAD
    0x080027e0   0x080027e0   0x00000132   Code   RO          879    .text.create_chain  ff.o
    0x08002912   0x08002912   0x00000002   PAD
    0x08002914   0x08002914   0x0000017a   Code   RO          897    .text.dir_next      ff.o
    0x08002a8e   0x08002a8e   0x00000002   PAD
    0x08002a90   0x08002a90   0x00000114   Code   RO          865    .text.dir_register  ff.o
    0x08002ba4   0x08002ba4   0x00000024   Code   RO          839    .text.disk_initialize  diskio.o
    0x08002bc8   0x08002bc8   0x00000016   Code   RO          845    .text.disk_ioctl    diskio.o
    0x08002bde   0x08002bde   0x00000002   PAD
    0x08002be0   0x08002be0   0x00000020   Code   RO          841    .text.disk_read     diskio.o
    0x08002c00   0x08002c00   0x00000016   Code   RO          837    .text.disk_status   diskio.o
    0x08002c16   0x08002c16   0x00000002   PAD
    0x08002c18   0x08002c18   0x00000020   Code   RO          843    .text.disk_write    diskio.o
    0x08002c38   0x08002c38   0x00000068   Code   RO          885    .text.f_close       ff.o
    0x08002ca0   0x08002ca0   0x0000010e   Code   RO          901    .text.f_getfree     ff.o
    0x08002dae   0x08002dae   0x00000002   PAD
    0x08002db0   0x08002db0   0x00000070   Code   RO          915    .text.f_gets        ff.o
    0x08002e20   0x08002e20   0x0000010c   Code   RO          857    .text.f_mount       ff.o
    0x08002f2c   0x08002f2c   0x000003ee   Code   RO          861    .text.f_open        ff.o
    0x0800331a   0x0800331a   0x00000002   PAD
    0x0800331c   0x0800331c   0x000002fe   Code   RO          875    .text.f_read        ff.o
    0x0800361a   0x0800361a   0x00000002   PAD
    0x0800361c   0x0800361c   0x000000be   Code   RO          881    .text.f_sync        ff.o
    0x080036da   0x080036da   0x00000002   PAD
    0x080036dc   0x080036dc   0x0000051a   Code   RO          859    .text.find_volume   ff.o
    0x08003bf6   0x08003bf6   0x00000002   PAD
    0x08003bf8   0x08003bf8   0x00000672   Code   RO          863    .text.follow_path   ff.o
    0x0800426a   0x0800426a   0x00000002   PAD
    0x0800426c   0x0800426c   0x000000d0   Code   RO          873    .text.get_fat       ff.o
    0x0800433c   0x0800433c   0x00000004   Code   RO           96    .text.get_fattime   fatfs.o
    0x08004340   0x08004340   0x00000354   Code   RO           41    .text.main          main.o
    0x08004694   0x08004694   0x00000080   Code   RO          869    .text.move_window   ff.o
    0x08004714   0x08004714   0x0000008a   Code   RO           45    .text.myprintf      main.o
    0x0800479e   0x0800479e   0x00000002   PAD
    0x080047a0   0x080047a0   0x0000010e   Code   RO          923    .text.put_fat       ff.o
    0x080048ae   0x080048ae   0x00000002   PAD
    0x080048b0   0x080048b0   0x000000cc   Code   RO          883    .text.sync_fs       ff.o
    0x0800497c   0x0800497c   0x0000005a   Code   RO          909    .text.sync_window   ff.o
    0x080049d6   0x080049d6   0x0000003e   Code   RO         1119    CL$$btod_d2e        c_w.l(btod.o)
    0x08004a14   0x08004a14   0x00000046   Code   RO         1121    CL$$btod_d2e_denorm_low  c_w.l(btod.o)
    0x08004a5a   0x08004a5a   0x00000060   Code   RO         1120    CL$$btod_d2e_norm_op1  c_w.l(btod.o)
    0x08004aba   0x08004aba   0x00000002   PAD
    0x08004abc   0x08004abc   0x00000338   Code   RO         1129    CL$$btod_div_common  c_w.l(btod.o)
    0x08004df4   0x08004df4   0x000000dc   Code   RO         1126    CL$$btod_e2e        c_w.l(btod.o)
    0x08004ed0   0x08004ed0   0x0000002a   Code   RO         1123    CL$$btod_ediv       c_w.l(btod.o)
    0x08004efa   0x08004efa   0x0000002a   Code   RO         1122    CL$$btod_emul       c_w.l(btod.o)
    0x08004f24   0x08004f24   0x00000244   Code   RO         1128    CL$$btod_mult_common  c_w.l(btod.o)
    0x08005168   0x08005168   0x00000030   Code   RO         1157    i.__ARM_fpclassify  m_wm.l(fpclassify.o)
    0x08005198   0x08005198   0x0000000e   Code   RO         1027    i._is_digit         c_w.l(__printf_wp.o)
    0x080051a6   0x080051a6   0x00000002   PAD
    0x080051a8   0x080051a8   0x0000002c   Code   RO         1144    locale$$code        c_w.l(lc_numeric_c.o)
    0x080051d4   0x080051d4   0x0000002c   Code   RO         1167    locale$$code        c_w.l(lc_ctype_c.o)
    0x08005200   0x08005200   0x0000001a   Code   RO         1229    x$fpl$fpinit        fz_wm.l(fpinit.o)
    0x0800521a   0x0800521a   0x00000004   Code   RO         1062    x$fpl$printf1       fz_wm.l(printf1.o)
    0x0800521e   0x0800521e   0x00000004   Code   RO         1064    x$fpl$printf2       fz_wm.l(printf2.o)
    0x08005222   0x08005222   0x00000000   Code   RO         1156    x$fpl$usenofp       fz_wm.l(usenofp.o)
    0x08005222   0x08005222   0x00000002   PAD
    0x08005224   0x08005224   0x00000008   Data   RO          986    .constdata          c_w.l(_printf_wctomb.o)
    0x0800522c   0x0800522c   0x00000028   Data   RO         1015    .constdata          c_w.l(_printf_hex_int_ll_ptr.o)
    0x08005254   0x08005254   0x00000011   Data   RO         1035    .constdata          c_w.l(__printf_flags_ss_wp.o)
    0x08005265   0x08005265   0x00000026   Data   RO         1094    .constdata          c_w.l(_printf_fp_hex.o)
    0x0800528b   0x0800528b   0x00000001   PAD
    0x0800528c   0x0800528c   0x00000094   Data   RO         1117    .constdata          c_w.l(bigflt0.o)
    0x08005320   0x08005320   0x00000010   Data   RO          826    .rodata.AHBPrescTable  system_stm32l4xx.o
    0x08005330   0x08005330   0x00000008   Data   RO          827    .rodata.APBPrescTable  system_stm32l4xx.o
    0x08005338   0x08005338   0x00000080   Data   RO          925    .rodata.ExCvt       ff.o
    0x080053b8   0x080053b8   0x00000030   Data   RO          828    .rodata.MSIRangeTable  system_stm32l4xx.o
    0x080053e8   0x080053e8   0x00000074   Data   RO           65    .rodata.str1.1      main.o
    0x0800545c   0x0800545c   0x00000020   Data   RO         1304    Region$$Table       anon$$obj.o
    0x0800547c   0x0800547c   0x0000001c   Data   RO         1143    locale$$data        c_w.l(lc_numeric_c.o)
    0x08005498   0x08005498   0x00000110   Data   RO         1166    locale$$data        c_w.l(lc_ctype_c.o)


    Execution Region RW_IRAM2 (Exec base: 0x10000000, Load base: 0x080055d0, Size: 0x00000000, Max: 0x00008000, ABSOLUTE)

    **** No section assigned to this execution region ****


    Execution Region RW_IRAM1 (Exec base: 0x20000000, Load base: 0x080055a8, Size: 0x000007d0, Max: 0x00018000, ABSOLUTE)

    Exec Addr    Load Addr    Size         Type   Attr      Idx    E Section Name        Object

    0x20000000   0x080055a8   0x00000008   Data   RW          267    .data..L_MergedGlobals  stm32l4xx_hal.o
    0x20000008   0x080055b0   0x00000001   Data   RW           31    .data.Stat          fatfs_sd.o
    0x20000009   0x080055b1   0x00000003   PAD
    0x2000000c   0x080055b4   0x00000004   Data   RW          825    .data.SystemCoreClock  system_stm32l4xx.o
    0x20000010   0x080055b8   0x00000014   Data   RW           86    .data.USER_Driver   user_diskio.o
    0x20000024   0x080055cc   0x00000004   PAD
    0x20000028        -       0x00000060   Zero   RW         1160    .bss                c_w.l(libspace.o)
    0x20000088        -       0x00000002   Zero   RW           32    .bss..L_MergedGlobals  fatfs_sd.o
    0x2000008a        -       0x00000005   Zero   RW          100    .bss..L_MergedGlobals  fatfs.o
    0x2000008f   0x080055cc   0x00000001   PAD
    0x20000090        -       0x00000006   Zero   RW          128    .bss..L_MergedGlobals  stm32l4xx_it.o
    0x20000096   0x080055cc   0x00000002   PAD
    0x20000098        -       0x00000028   Zero   RW          926    .bss..L_MergedGlobals  ff.o
    0x200000c0        -       0x0000000c   Zero   RW          945    .bss.disk           ff_gen_drv.o
    0x200000cc        -       0x00000100   Zero   RW           66    .bss.myprintf.buffer  main.o
    0x200001cc        -       0x00000004   Zero   RW          266    .bss.uwTick         stm32l4xx_hal.o
    0x200001d0        -       0x00000200   Zero   RW            2    HEAP                startup_stm32l476xx.o
    0x200003d0        -       0x00000400   Zero   RW            1    STACK               startup_stm32l476xx.o


==============================================================================

Image component sizes


      Code (inc. data)   RO Data    RW Data    ZI Data      Debug   Object Name

       144          0          0          0          0       1951   diskio.o
        32          0          0          0          5       2003   fatfs.o
      2158         16          0          1          2      10666   fatfs_sd.o
      7532        378        128          0         40      75814   ff.o
        76          0          0          0         12       3331   ff_gen_drv.o
      1456        120        116          0        256      18501   main.o
        64         26        392          0       1536        924   startup_stm32l476xx.o
       148          0          0          8          4       9296   stm32l4xx_hal.o
       162          0          0          0          0      10789   stm32l4xx_hal_cortex.o
        50          0          0          0          0       1633   stm32l4xx_hal_msp.o
        70          0          0          0          6       1756   stm32l4xx_it.o
       232          0          0          0          0       4035   stm32l4xx_ll_gpio.o
       624         28          0          0          0      18970   stm32l4xx_ll_rcc.o
       126          0          0          0          0       3897   stm32l4xx_ll_spi.o
       310          0          0          0          0      13991   stm32l4xx_ll_tim.o
       256          0          0          0          0       5958   stm32l4xx_ll_usart.o
        82          0          0          0          0      10589   stm32l4xx_ll_utils.o
        18          0         72          4          0       3016   system_stm32l4xx.o
        20          0          0         20          0       2038   user_diskio.o

    ----------------------------------------------------------------------
     13642        568        740         36       1868     199158   Object Totals
         0          0         32          0          0          0   (incl. Generated)
        82          0          0          3          7          0   (incl. Padding)

    ----------------------------------------------------------------------

      Code (inc. data)   RO Data    RW Data    ZI Data      Debug   Library Member Name

         8          0          0          0          0         68   __main.o
       398          4         17          0          0         92   __printf_flags_ss_wp.o
        14          0          0          0          0         68   __printf_wp.o
         0          0          0          0          0          0   __rtentry.o
        12          0          0          0          0          0   __rtentry2.o
         6          0          0          0          0          0   __rtentry4.o
        52          8          0          0          0          0   __scatter.o
        26          0          0          0          0          0   __scatter_copy.o
        28          0          0          0          0          0   __scatter_zi.o
        72          0          0          0          0         96   _c16rtomb.o
         6          0          0          0          0          0   _printf_a.o
         6          0          0          0          0          0   _printf_c.o
        44          0          0          0          0        108   _printf_char.o
        48          6          0          0          0         96   _printf_char_common.o
        40          0          0          0          0         68   _printf_charcount.o
         6          0          0          0          0          0   _printf_d.o
       120         16          0          0          0         92   _printf_dec.o
         6          0          0          0          0          0   _printf_e.o
         6          0          0          0          0          0   _printf_f.o
      1058          0          0          0          0        148   _printf_fp_dec.o
       770          8         38          0          0        100   _printf_fp_hex.o
       128         16          0          0          0         84   _printf_fp_infnan.o
         6          0          0          0          0          0   _printf_g.o
       148          4         40          0          0        160   _printf_hex_int_ll_ptr.o
         6          0          0          0          0          0   _printf_i.o
       178          0          0          0          0         88   _printf_intcommon.o
        10          0          0          0          0          0   _printf_l.o
         6          0          0          0          0          0   _printf_lc.o
        10          0          0          0          0          0   _printf_ll.o
         6          0          0          0          0          0   _printf_lld.o
         6          0          0          0          0          0   _printf_lli.o
         6          0          0          0          0          0   _printf_llo.o
         6          0          0          0          0          0   _printf_llu.o
         6          0          0          0          0          0   _printf_llx.o
       124         16          0          0          0         92   _printf_longlong_dec.o
         6          0          0          0          0          0   _printf_ls.o
         6          0          0          0          0          0   _printf_n.o
         6          0          0          0          0          0   _printf_o.o
       112          8          0          0          0        124   _printf_oct_int_ll.o
         6          0          0          0          0          0   _printf_p.o
        78          0          0          0          0        108   _printf_pad.o
         0          0          0          0          0          0   _printf_percent.o
         4          0          0          0          0          0   _printf_percent_end.o
         6          0          0          0          0          0   _printf_s.o
        82          0          0          0          0         80   _printf_str.o
        36          0          0          0          0         84   _printf_truncate.o
         6          0          0          0          0          0   _printf_u.o
        44          0          0          0          0        108   _printf_wchar.o
       194          6          8          0          0         92   _printf_wctomb.o
         6          0          0          0          0          0   _printf_x.o
        16          0          0          0          0         68   _snputc.o
       228          4        148          0          0         96   bigflt0.o
      1936        128          0          0          0        668   btod.o
        18          0          0          0          0         80   exit.o
         6          0          0          0          0        152   heapauxi.o
         0          0          0          0          0          0   indicate_semi.o
        44         10        272          0          0         76   lc_ctype_c.o
        44         10         28          0          0         76   lc_numeric_c.o
         2          0          0          0          0          0   libinit.o
        34          0          0          0          0          0   libinit2.o
         2          0          0          0          0          0   libshutdown.o
         2          0          0          0          0          0   libshutdown2.o
         8          4          0          0         96         68   libspace.o
       138          0          0          0          0         80   lludiv10.o
        16          4          0          0          0         76   rt_ctype_table.o
         8          4          0          0          0         68   rt_locale_intlibspace.o
        68          0          0          0          0         68   rt_memclr.o
        78          0          0          0          0         80   rt_memclr_w.o
         2          0          0          0          0          0   rtexit.o
        10          0          0          0          0          0   rtexit2.o
       124          0          0          0          0         88   strcmpv7em.o
        12          4          0          0          0         68   sys_exit.o
        74          0          0          0          0         80   sys_stackheap_outer.o
         2          0          0          0          0         68   use_no_semi.o
        60          4          0          0          0         80   vsnprintf.o
        26          0          0          0          0        116   fpinit.o
         4          0          0          0          0        116   printf1.o
         4          0          0          0          0        116   printf2.o
         0          0          0          0          0          0   usenofp.o
        48          0          0          0          0        124   fpclassify.o

    ----------------------------------------------------------------------
      6994        264        552          0         96       4468   Library Totals
        16          0          1          0          0          0   (incl. Padding)

    ----------------------------------------------------------------------

      Code (inc. data)   RO Data    RW Data    ZI Data      Debug   Library Name

      6896        264        551          0         96       3996   c_w.l
        34          0          0          0          0        348   fz_wm.l
        48          0          0          0          0        124   m_wm.l

    ----------------------------------------------------------------------
      6994        264        552          0         96       4468   Library Totals

    ----------------------------------------------------------------------

==============================================================================


      Code (inc. data)   RO Data    RW Data    ZI Data      Debug   

     20636        832       1292         36       1964     200954   Grand Totals
     20636        832       1292         36       1964     200954   ELF Image Totals
     20636        832       1292         36          0          0   ROM Totals

==============================================================================

    Total RO  Size (Code + RO Data)                21928 (  21.41kB)
    Total RW  Size (RW Data + ZI Data)              2000 (   1.95kB)
    Total ROM Size (Code + RO Data + RW Data)      21964 (  21.45kB)

==============================================================================

